Archive member included to satisfy reference by file (symbol)

../app/libapp.a(main.c.obj)   (--whole-archive)
libzephyr.a(isr_tables.c.obj)
                              (--whole-archive)
libzephyr.a(sw_isr_common.c.obj)
                              (--whole-archive)
libzephyr.a(crc32_sw.c.obj)   (--whole-archive)
libzephyr.a(crc16_sw.c.obj)   (--whole-archive)
libzephyr.a(crc8_sw.c.obj)    (--whole-archive)
libzephyr.a(crc7_sw.c.obj)    (--whole-archive)
libzephyr.a(fdtable.c.obj)    (--whole-archive)
libzephyr.a(mempool.c.obj)    (--whole-archive)
libzephyr.a(rb.c.obj)         (--whole-archive)
libzephyr.a(thread_entry.c.obj)
                              (--whole-archive)
libzephyr.a(work_q.c.obj)     (--whole-archive)
libzephyr.a(printk.c.obj)     (--whole-archive)
libzephyr.a(configs.c.obj)    (--whole-archive)
libzephyr.a(soc.c.obj)        (--whole-archive)
libzephyr.a(power.c.obj)      (--whole-archive)
libzephyr.a(mpu_regions.c.obj)
                              (--whole-archive)
libzephyr.a(utils.c.obj)      (--whole-archive)
libzephyr.a(ecc_dh.c.obj)     (--whole-archive)
libzephyr.a(ecc.c.obj)        (--whole-archive)
libzephyr.a(aes_decrypt.c.obj)
                              (--whole-archive)
libzephyr.a(aes_encrypt.c.obj)
                              (--whole-archive)
libzephyr.a(cmac_mode.c.obj)  (--whole-archive)
libzephyr.a(system_nrf52.c.obj)
                              (--whole-archive)
libzephyr.a(nrfx_glue.c.obj)  (--whole-archive)
libzephyr.a(SEGGER_RTT.c.obj)
                              (--whole-archive)
libzephyr.a(SEGGER_RTT_zephyr.c.obj)
                              (--whole-archive)
libzephyr.a(log_list.c.obj)   (--whole-archive)
libzephyr.a(log_core.c.obj)   (--whole-archive)
libzephyr.a(log_msg.c.obj)    (--whole-archive)
libzephyr.a(log_output.c.obj)
                              (--whole-archive)
libzephyr.a(log_backend_uart.c.obj)
                              (--whole-archive)
libzephyr.a(log_backend_rtt.c.obj)
                              (--whole-archive)
libzephyr.a(fcb_append.c.obj)
                              (--whole-archive)
libzephyr.a(fcb.c.obj)        (--whole-archive)
libzephyr.a(fcb_elem_info.c.obj)
                              (--whole-archive)
libzephyr.a(fcb_getnext.c.obj)
                              (--whole-archive)
libzephyr.a(fcb_rotate.c.obj)
                              (--whole-archive)
libzephyr.a(fcb_walk.c.obj)   (--whole-archive)
libzephyr.a(rand32_entropy_device.c.obj)
                              (--whole-archive)
libzephyr.a(flash_map.c.obj)  (--whole-archive)
libzephyr.a(flash_map_default.c.obj)
                              (--whole-archive)
libzephyr.a(settings_store.c.obj)
                              (--whole-archive)
libzephyr.a(settings.c.obj)   (--whole-archive)
libzephyr.a(settings_init.c.obj)
                              (--whole-archive)
libzephyr.a(settings_line.c.obj)
                              (--whole-archive)
libzephyr.a(settings_fcb.c.obj)
                              (--whole-archive)
libzephyr.a(power.c.obj)      (--whole-archive)
libzephyr.a(policy_residency.c.obj)
                              (--whole-archive)
libzephyr.a(uart_console.c.obj)
                              (--whole-archive)
libzephyr.a(rtt_console.c.obj)
                              (--whole-archive)
libzephyr.a(nrf_power_clock.c.obj)
                              (--whole-archive)
libzephyr.a(sys_clock_init.c.obj)
                              (--whole-archive)
libzephyr.a(nrf_rtc_timer.c.obj)
                              (--whole-archive)
arch/arch/arm/core/libarch__arm__core.a(exc_exit.S.obj)
                              (--whole-archive)
arch/arch/arm/core/libarch__arm__core.a(irq_init.c.obj)
                              (--whole-archive)
arch/arch/arm/core/libarch__arm__core.a(swap.c.obj)
                              (--whole-archive)
arch/arch/arm/core/libarch__arm__core.a(swap_helper.S.obj)
                              (--whole-archive)
arch/arch/arm/core/libarch__arm__core.a(fault.c.obj)
                              (--whole-archive)
arch/arch/arm/core/libarch__arm__core.a(irq_manage.c.obj)
                              (--whole-archive)
arch/arch/arm/core/libarch__arm__core.a(thread.c.obj)
                              (--whole-archive)
arch/arch/arm/core/libarch__arm__core.a(cpu_idle.S.obj)
                              (--whole-archive)
arch/arch/arm/core/libarch__arm__core.a(fault_s.S.obj)
                              (--whole-archive)
arch/arch/arm/core/libarch__arm__core.a(fatal.c.obj)
                              (--whole-archive)
arch/arch/arm/core/libarch__arm__core.a(sys_fatal_error_handler.c.obj)
                              (--whole-archive)
arch/arch/arm/core/libarch__arm__core.a(thread_abort.c.obj)
                              (--whole-archive)
arch/arch/arm/core/libarch__arm__core.a(isr_wrapper.S.obj)
                              (--whole-archive)
[...]
Memory Configuration

Name             Origin             Length             Attributes
FLASH            0x0000000000000000 0x0000000000080000 xr
SRAM             0x0000000020000000 0x0000000000010000 xw
IDT_LIST         0x0000000020010000 0x0000000000000800 xw
*default*        0x0000000000000000 0xffffffffffffffff

Linker script and memory map

LOAD CMakeFiles/kernel_elf.dir/misc/empty_file.c.obj
LOAD CMakeFiles/kernel_elf.dir/isr_tables.c.obj
LOAD ../app/libapp.a
LOAD libzephyr.a
LOAD arch/arch/arm/core/libarch__arm__core.a
LOAD arch/arch/arm/core/cortex_m/libarch__arm__core__cortex_m.a
LOAD arch/arch/arm/core/cortex_m/mpu/libarch__arm__core__cortex_m__mpu.a
LOAD lib/libc/minimal/liblib__libc__minimal.a
LOAD subsys/bluetooth/common/libsubsys__bluetooth__common.a
LOAD subsys/bluetooth/host/libsubsys__bluetooth__host.a
LOAD subsys/bluetooth/host/mesh/libsubsys__bluetooth__host__mesh.a
LOAD subsys/bluetooth/controller/libsubsys__bluetooth__controller.a
LOAD subsys/net/libsubsys__net.a
LOAD drivers/flash/libdrivers__flash.a
LOAD drivers/serial/libdrivers__serial.a
LOAD drivers/entropy/libdrivers__entropy.a
LOAD kernel/libkernel.a
LOAD CMakeFiles/offsets.dir/arch/arm/core/offsets/offsets.c.obj
LOAD /opt/zephyr-sdk/arm-zephyr-eabi/bin/../lib/gcc/arm-zephyr-eabi/8.3.0/thumb/v7e-m/nofp/libgcc.a
                0x0000000000000020                _region_min_align = 0x20

.rel.plt        0x0000000000000000        0x0
 *(SORT_BY_ALIGNMENT(.rel.plt))
                [!provide]                        PROVIDE (__rel_iplt_start = .)
 *(SORT_BY_ALIGNMENT(.rel.iplt))
 .rel.iplt      0x0000000000000000        0x0 CMakeFiles/kernel_elf.dir/isr_tables.c.obj
                [!provide]                        PROVIDE (__rel_iplt_end = .)

.rela.plt       0x0000000000000000        0x0
 *(SORT_BY_ALIGNMENT(.rela.plt))
                [!provide]                        PROVIDE (__rela_iplt_start = .)
 *(SORT_BY_ALIGNMENT(.rela.iplt))
                [!provide]                        PROVIDE (__rela_iplt_end = .)

.rel.dyn
 *(SORT_BY_ALIGNMENT(.rel.*))

.rela.dyn
 *(SORT_BY_ALIGNMENT(.rela.*))

/DISCARD/
 *(SORT_BY_ALIGNMENT(.plt))
 *(SORT_BY_ALIGNMENT(.iplt))
 *(SORT_BY_ALIGNMENT(.got.plt))
 *(SORT_BY_ALIGNMENT(.igot.plt))
 *(SORT_BY_ALIGNMENT(.got))
 *(SORT_BY_ALIGNMENT(.igot))
 *(SORT_BY_ALIGNMENT(.irq_info))
 *(SORT_BY_ALIGNMENT(.intList))
                0x0000000000000000                _image_rom_start = 0x0

text            0x0000000000000000       0xdc
                0x0000000000000000                . = 0x0
                0x0000000000000000                _vector_start = .
 *(SORT_BY_ALIGNMENT(.exc_vector_table))
 *(SORT_BY_ALIGNMENT(.exc_vector_table.*))
 .exc_vector_table._vector_table_section
                0x0000000000000000       0x40 arch/arch/arm/core/cortex_m/libarch__arm__core__cortex_m.a(vector_table.S.obj)
                0x0000000000000000                _vector_table
 *(SORT_BY_ALIGNMENT(.gnu.linkonce.irq_vector_table))
 .gnu.linkonce.irq_vector_table
                0x0000000000000040       0x9c CMakeFiles/kernel_elf.dir/isr_tables.c.obj
                0x0000000000000040                _irq_vector_table
 *(SORT_BY_ALIGNMENT(.vectors))
 *(SORT_BY_ALIGNMENT(.openocd_dbg))
 *(SORT_BY_ALIGNMENT(.openocd_dbg.*))
 *(SORT_BY_ALIGNMENT(.kinetis_flash_config))
 *(SORT_BY_ALIGNMENT(.kinetis_flash_config.*))
                0x00000000000000dc                _vector_end = .

_TEXT_SECTION_NAME_2
                0x00000000000000e0    0x25570
                0x00000000000000e0                _image_text_start = .
 *(SORT_BY_ALIGNMENT(.text))
 .text          0x00000000000000e0       0xa0 /opt/zephyr-sdk/arm-zephyr-eabi/bin/../lib/gcc/arm-zephyr-eabi/8.3.0/thumb/v7e-m/nofp/libgcc.a(_aeabi_ldivmod.o)
                0x00000000000000e0                __aeabi_ldivmod
 .text          0x0000000000000180       0x30 /opt/zephyr-sdk/arm-zephyr-eabi/bin/../lib/gcc/arm-zephyr-eabi/8.3.0/thumb/v7e-m/nofp/libgcc.a(_aeabi_uldivmod.o)
                0x0000000000000180                __aeabi_uldivmod
 .text          0x00000000000001b0        0x4 /opt/zephyr-sdk/arm-zephyr-eabi/bin/../lib/gcc/arm-zephyr-eabi/8.3.0/thumb/v7e-m/nofp/libgcc.a(_dvmd_tls.o)
                0x00000000000001b0                __aeabi_ldiv0
                0x00000000000001b0                __aeabi_idiv0
 .text          0x00000000000001b4       0x26 /opt/zephyr-sdk/arm-zephyr-eabi/bin/../lib/gcc/arm-zephyr-eabi/8.3.0/thumb/v7e-m/nofp/libgcc.a(_popcountsi2.o)
                0x00000000000001b4                __popcountsi2
 .text          0x00000000000001da      0x2b4 /opt/zephyr-sdk/arm-zephyr-eabi/bin/../lib/gcc/arm-zephyr-eabi/8.3.0/thumb/v7e-m/nofp/libgcc.a(_udivmoddi4.o)
                0x00000000000001da                __udivmoddi4
 *(SORT_BY_ALIGNMENT(.text.*))
 *fill*         0x000000000000048e        0x2 
 .text.event_slave_prepare
                0x0000000000000490      0x948 subsys/bluetooth/controller/libsubsys__bluetooth__controller.a(ctrl.c.obj)
 .text.isr      0x0000000000000dd8     0x1894 subsys/bluetooth/controller/libsubsys__bluetooth__controller.a(ctrl.c.obj)
 *fill*         0x000000000000266c        0x4 
 .text.radio_adv_enable
                0x0000000000002670      0x2a8 subsys/bluetooth/controller/libsubsys__bluetooth__controller.a(ctrl.c.obj)
                0x0000000000002670                radio_adv_enable
 .text.radio_scan_enable
                0x0000000000002918      0x158 subsys/bluetooth/controller/libsubsys__bluetooth__controller.a(ctrl.c.obj)
                0x0000000000002918                radio_scan_enable
 .text.erase_op
                0x0000000000002a70       0xa8 drivers/flash/libdrivers__flash.a(soc_flash_nrf.c.obj)
 .text.work_in_time_slice
                0x0000000000002b18       0xe8 drivers/flash/libdrivers__flash.a(soc_flash_nrf.c.obj)
 .text.write_op
                0x0000000000002c00      0x134 drivers/flash/libdrivers__flash.a(soc_flash_nrf.c.obj)
 .text.output_number
                0x0000000000002d34       0x10 ../app/libapp.a(main.c.obj)
 .text.bt_ready
                0x0000000000002d44       0x54 ../app/libapp.a(main.c.obj)
 .text.main     0x0000000000002d98       0x2c ../app/libapp.a(main.c.obj)
                0x0000000000002d98                main
 .text.crc8_ccitt
                0x0000000000002dc4       0x2c libzephyr.a(crc8_sw.c.obj)
                0x0000000000002dc4                crc8_ccitt
 .text.char_out
                0x0000000000002df0       0x10 libzephyr.a(printk.c.obj)
 .text._printk_dec_ulong
                0x0000000000002e00       0xa0 libzephyr.a(printk.c.obj)
 .text.__printk_hook_install
                0x0000000000002ea0        0xc libzephyr.a(printk.c.obj)
                0x0000000000002ea0                __printk_hook_install
 .text.vprintk  0x0000000000002eac       0x1c libzephyr.a(printk.c.obj)
                0x0000000000002eac                vprintk
 .text.snprintk
                0x0000000000002ec8       0x38 libzephyr.a(printk.c.obj)
                0x0000000000002ec8                snprintk
 .text.nordicsemi_nrf52_init
                0x0000000000002f00       0x40 libzephyr.a(soc.c.obj)
 .text.z_arch_busy_wait
                0x0000000000002f40       0x14 libzephyr.a(soc.c.obj)
                0x0000000000002f40                z_arch_busy_wait
 .text.uECC_get_rng
                0x0000000000002f54        0xc libzephyr.a(ecc.c.obj)
                0x0000000000002f54                uECC_get_rng
 .text.vli_mmod_fast_secp256r1
                0x0000000000002f60      0x1a0 libzephyr.a(ecc.c.obj)
                0x0000000000002f60                vli_mmod_fast_secp256r1
 .text.tc_aes128_set_encrypt_key
                0x0000000000003100       0xac libzephyr.a(aes_encrypt.c.obj)
                0x0000000000003100                tc_aes128_set_encrypt_key
 .text.tc_aes_encrypt
                0x00000000000031ac       0xd4 libzephyr.a(aes_encrypt.c.obj)
                0x00000000000031ac                tc_aes_encrypt
 .text.errata_12
                0x0000000000003280       0x40 libzephyr.a(system_nrf52.c.obj)
 .text.errata_16
                0x00000000000032c0       0x34 libzephyr.a(system_nrf52.c.obj)
 .text.SystemInit
                0x00000000000032f4      0x248 libzephyr.a(system_nrf52.c.obj)
                0x00000000000032f4                SystemInit
 .text._DoInit  0x000000000000353c       0x60 libzephyr.a(SEGGER_RTT.c.obj)
 .text.SEGGER_RTT_WriteSkipNoLock
                0x000000000000359c       0x90 libzephyr.a(SEGGER_RTT.c.obj)
                0x000000000000359c                SEGGER_RTT_WriteSkipNoLock
 .text.SEGGER_RTT_WriteNoLock
                0x000000000000362c       0x68 libzephyr.a(SEGGER_RTT.c.obj)
                0x000000000000362c                SEGGER_RTT_WriteNoLock
 .text.SEGGER_RTT_HasDataUp
                0x0000000000003694       0x14 libzephyr.a(SEGGER_RTT.c.obj)
                0x0000000000003694                SEGGER_RTT_HasDataUp
 .text.z_log_msg_std_alloc
                0x00000000000036a8       0x2c libzephyr.a(log_core.c.obj)
 .text.enable_logger
                0x00000000000036d4       0x44 libzephyr.a(log_core.c.obj)
 .text.log_core_init
                0x0000000000003718       0x40 libzephyr.a(log_core.c.obj)
                0x0000000000003718                log_core_init
 .text.dropped_notify
                0x0000000000003758       0x4c libzephyr.a(log_core.c.obj)
                0x0000000000003758                dropped_notify
 .text.log_process
                0x00000000000037a4       0xa8 libzephyr.a(log_core.c.obj)
                0x00000000000037a4                log_process
 .text.msg_finalize
                0x000000000000384c       0x7c libzephyr.a(log_core.c.obj)
 .text.log_dropped
                0x00000000000038c8       0x20 libzephyr.a(log_core.c.obj)
                0x00000000000038c8                log_dropped
 .text.log_source_name_get
                0x00000000000038e8       0x1c libzephyr.a(log_core.c.obj)
                0x00000000000038e8                log_source_name_get
 .text.log_backend_enable
                0x0000000000003904       0x24 libzephyr.a(log_core.c.obj)
                0x0000000000003904                log_backend_enable
 .text.log_init
                0x0000000000003928       0x54 libzephyr.a(log_core.c.obj)
                0x0000000000003928                log_init
 .text.log_panic
                0x000000000000397c       0x48 libzephyr.a(log_core.c.obj)
                0x000000000000397c                log_panic
 .text.log_process_thread_func
                0x00000000000039c4       0x38 libzephyr.a(log_core.c.obj)
 .text.log_strdup
                0x00000000000039fc       0x54 libzephyr.a(log_core.c.obj)
                0x00000000000039fc                log_strdup
 .text.log_is_strdup
                0x0000000000003a50       0x1c libzephyr.a(log_core.c.obj)
                0x0000000000003a50                log_is_strdup
 .text.log_free
                0x0000000000003a6c       0x34 libzephyr.a(log_core.c.obj)
                0x0000000000003a6c                log_free
 .text.log_msg_pool_init
                0x0000000000003aa0       0x14 libzephyr.a(log_msg.c.obj)
                0x0000000000003aa0                log_msg_pool_init
 .text.log_msg_no_space_handle
                0x0000000000003ab4       0x30 libzephyr.a(log_msg.c.obj)
                0x0000000000003ab4                log_msg_no_space_handle
 .text.log_msg_chunk_alloc
                0x0000000000003ae4       0x24 libzephyr.a(log_msg.c.obj)
 .text.msg_free
                0x0000000000003b08       0x64 libzephyr.a(log_msg.c.obj)
 .text.print_formatted
                0x0000000000003b6c       0x24 libzephyr.a(log_output.c.obj)
 .text.prefix_print
                0x0000000000003b90      0x114 libzephyr.a(log_output.c.obj)
 .text.hexdump_line_print
                0x0000000000003ca4       0xb8 libzephyr.a(log_output.c.obj)
 .text.postfix_print
                0x0000000000003d5c       0x3c libzephyr.a(log_output.c.obj)
 .text.log_output_msg_process
                0x0000000000003d98       0xec libzephyr.a(log_output.c.obj)
                0x0000000000003d98                log_output_msg_process
 .text.log_output_dropped_process
                0x0000000000003e84       0x54 libzephyr.a(log_output.c.obj)
                0x0000000000003e84                log_output_dropped_process
 .text.log_output_timestamp_freq_set
                0x0000000000003ed8       0x30 libzephyr.a(log_output.c.obj)
                0x0000000000003ed8                log_output_timestamp_freq_set
 .text.log_backend_uart_init
                0x0000000000003f08       0x18 libzephyr.a(log_backend_uart.c.obj)
 .text.panic    0x0000000000003f20        0xc libzephyr.a(log_backend_uart.c.obj)
 .text.dropped  0x0000000000003f2c        0xc libzephyr.a(log_backend_uart.c.obj)
 .text.put      0x0000000000003f38       0x24 libzephyr.a(log_backend_uart.c.obj)
 .text.log_backend_rtt_init
                0x0000000000003f5c       0x18 libzephyr.a(log_backend_rtt.c.obj)
 .text.panic    0x0000000000003f74       0x18 libzephyr.a(log_backend_rtt.c.obj)
 .text.dropped  0x0000000000003f8c        0xc libzephyr.a(log_backend_rtt.c.obj)
 .text.put      0x0000000000003f98       0x24 libzephyr.a(log_backend_rtt.c.obj)
 .text.on_failed_write.part.0
                0x0000000000003fbc       0x18 libzephyr.a(log_backend_rtt.c.obj)
 .text.data_out_block_mode
                0x0000000000003fd4       0x98 libzephyr.a(log_backend_rtt.c.obj)
 .text.sys_rand32_get
                0x000000000000406c       0x50 libzephyr.a(rand32_entropy_device.c.obj)
                0x000000000000406c                sys_rand32_get
 .text.get_flash_area_from_id
                0x00000000000040bc       0x2c libzephyr.a(flash_map.c.obj)
 .text.flash_area_open
                0x00000000000040e8       0x28 libzephyr.a(flash_map.c.obj)
                0x00000000000040e8                flash_area_open
 .text.flash_area_get_sectors
                0x0000000000004110       0x48 libzephyr.a(flash_map.c.obj)
                0x0000000000004110                flash_area_get_sectors
 .text.settings_save_one
                0x0000000000004158       0x54 libzephyr.a(settings_store.c.obj)
                0x0000000000004158                settings_save_one
 .text.settings_load_cb
                0x00000000000041ac       0x40 libzephyr.a(settings_store.c.obj)
 .text.settings_src_register
                0x00000000000041ec       0x40 libzephyr.a(settings_store.c.obj)
                0x00000000000041ec                settings_src_register
 .text.settings_dst_register
                0x000000000000422c        0xc libzephyr.a(settings_store.c.obj)
                0x000000000000422c                settings_dst_register
 .text.settings_load
                0x0000000000004238       0x30 libzephyr.a(settings_store.c.obj)
                0x0000000000004238                settings_load
 .text.settings_store_init
                0x0000000000004268       0x10 libzephyr.a(settings_store.c.obj)
                0x0000000000004268                settings_store_init
 .text.settings_handler_lookup
                0x0000000000004278       0x24 libzephyr.a(settings.c.obj)
 .text.settings_init
                0x000000000000429c       0x20 libzephyr.a(settings.c.obj)
                0x000000000000429c                settings_init
 .text.settings_register
                0x00000000000042bc       0x28 libzephyr.a(settings.c.obj)
                0x00000000000042bc                settings_register
 .text.settings_commit
                0x00000000000042e4       0x4c libzephyr.a(settings.c.obj)
                0x00000000000042e4                settings_commit
 .text.settings_subsys_init
                0x0000000000004330       0x90 libzephyr.a(settings_init.c.obj)
                0x0000000000004330                settings_subsys_init
 .text.settings_line_raw_read_until
                0x00000000000043c0       0xa8 libzephyr.a(settings_line.c.obj)
 .text.settings_line_write
                0x0000000000004468       0xc4 libzephyr.a(settings_line.c.obj)
                0x0000000000004468                settings_line_write
 .text.settings_line_val_get_len
                0x000000000000452c       0x14 libzephyr.a(settings_line.c.obj)
                0x000000000000452c                settings_line_val_get_len
 .text.settings_entry_copy
                0x0000000000004540       0x54 libzephyr.a(settings_line.c.obj)
                0x0000000000004540                settings_entry_copy
 .text.settings_line_io_init
                0x0000000000004594       0x14 libzephyr.a(settings_line.c.obj)
                0x0000000000004594                settings_line_io_init
 .text.settings_fcb_save
                0x00000000000045a8      0x1a4 libzephyr.a(settings_fcb.c.obj)
 .text.settings_fcb_load
                0x000000000000474c       0x24 libzephyr.a(settings_fcb.c.obj)
 .text.settings_fcb_src
                0x0000000000004770       0x54 libzephyr.a(settings_fcb.c.obj)
                0x0000000000004770                settings_fcb_src
 .text.settings_fcb_dst
                0x00000000000047c4       0x14 libzephyr.a(settings_fcb.c.obj)
                0x00000000000047c4                settings_fcb_dst
 .text.settings_mount_fcb_backend
                0x00000000000047d8       0x1c libzephyr.a(settings_fcb.c.obj)
                0x00000000000047d8                settings_mount_fcb_backend
 .text.console_out
                0x00000000000047f4       0x28 libzephyr.a(uart_console.c.obj)
 .text.uart_console_hook_install
                0x000000000000481c       0x18 libzephyr.a(uart_console.c.obj)
                0x000000000000481c                uart_console_hook_install
 .text.uart_console_init
                0x0000000000004834       0x1c libzephyr.a(uart_console.c.obj)
 .text.rtt_console_init
                0x0000000000004850       0x18 libzephyr.a(rtt_console.c.obj)
 .text.rtt_console_out
                0x0000000000004868       0x68 libzephyr.a(rtt_console.c.obj)
 .text._m16src_stop
                0x00000000000048d0       0x70 libzephyr.a(nrf_power_clock.c.obj)
 .text._m16src_start
                0x0000000000004940       0xc0 libzephyr.a(nrf_power_clock.c.obj)
 .text._k32src_start
                0x0000000000004a00       0xac libzephyr.a(nrf_power_clock.c.obj)
 .text.nrf_power_clock_isr
                0x0000000000004aac       0xe4 libzephyr.a(nrf_power_clock.c.obj)
                0x0000000000004aac                nrf_power_clock_isr
 .text.rtc1_nrf_isr
                0x0000000000004b90       0x48 libzephyr.a(nrf_rtc_timer.c.obj)
                0x0000000000004b90                rtc1_nrf_isr
 .text.z_clock_driver_init
                0x0000000000004bd8       0x90 libzephyr.a(nrf_rtc_timer.c.obj)
                0x0000000000004bd8                z_clock_driver_init
 .text.z_clock_set_timeout
                0x0000000000004c68       0x74 libzephyr.a(nrf_rtc_timer.c.obj)
                0x0000000000004c68                z_clock_set_timeout
 .text.z_clock_elapsed
                0x0000000000004cdc       0x38 libzephyr.a(nrf_rtc_timer.c.obj)
                0x0000000000004cdc                z_clock_elapsed
 .text.z_timer_cycle_get_32
                0x0000000000004d14       0x30 libzephyr.a(nrf_rtc_timer.c.obj)
                0x0000000000004d14                z_timer_cycle_get_32
 .text._HandlerModeExit
                0x0000000000004d44       0x1c arch/arch/arm/core/libarch__arm__core.a(exc_exit.S.obj)
                0x0000000000004d44                z_ExcExit
                0x0000000000004d44                _IntExit
 .text._IntLibInit
                0x0000000000004d60       0x18 arch/arch/arm/core/libarch__arm__core.a(irq_init.c.obj)
                0x0000000000004d60                _IntLibInit
 .text.__swap   0x0000000000004d78       0x34 arch/arch/arm/core/libarch__arm__core.a(swap.c.obj)
                0x0000000000004d78                __swap
 .text.__pendsv
                0x0000000000004dac       0x54 arch/arch/arm/core/libarch__arm__core.a(swap_helper.S.obj)
                0x0000000000004dac                __pendsv
 .text.__svc    0x0000000000004e00       0x24 arch/arch/arm/core/libarch__arm__core.a(swap_helper.S.obj)
                0x0000000000004e00                __svc
 .text._MpuFault.isra.2
                0x0000000000004e24       0x94 arch/arch/arm/core/libarch__arm__core.a(fault.c.obj)
 .text._BusFault.isra.3
                0x0000000000004eb8       0xa0 arch/arch/arm/core/libarch__arm__core.a(fault.c.obj)
 .text._UsageFault.isra.4
                0x0000000000004f58       0x88 arch/arch/arm/core/libarch__arm__core.a(fault.c.obj)
 .text._Fault   0x0000000000004fe0       0xd4 arch/arch/arm/core/libarch__arm__core.a(fault.c.obj)
                0x0000000000004fe0                _Fault
 .text._FaultInit
                0x00000000000050b4       0x10 arch/arch/arm/core/libarch__arm__core.a(fault.c.obj)
                0x00000000000050b4                _FaultInit
 .text.z_arch_irq_enable
                0x00000000000050c4       0x20 arch/arch/arm/core/libarch__arm__core.a(irq_manage.c.obj)
                0x00000000000050c4                z_arch_irq_enable
 .text.z_arch_irq_disable
                0x00000000000050e4       0x28 arch/arch/arm/core/libarch__arm__core.a(irq_manage.c.obj)
                0x00000000000050e4                z_arch_irq_disable
 .text.z_arch_irq_is_enabled
                0x000000000000510c       0x1c arch/arch/arm/core/libarch__arm__core.a(irq_manage.c.obj)
                0x000000000000510c                z_arch_irq_is_enabled
 .text.z_irq_priority_set
                0x0000000000005128       0x30 arch/arch/arm/core/libarch__arm__core.a(irq_manage.c.obj)
                0x0000000000005128                z_irq_priority_set
 .text._arch_isr_direct_pm
                0x0000000000005158       0x1c arch/arch/arm/core/libarch__arm__core.a(irq_manage.c.obj)
                0x0000000000005158                _arch_isr_direct_pm
 .text.z_new_thread
                0x0000000000005174       0x5c arch/arch/arm/core/libarch__arm__core.a(thread.c.obj)
                0x0000000000005174                z_new_thread
 .text._CpuIdleInit
                0x00000000000051d0        0xc arch/arch/arm/core/libarch__arm__core.a(cpu_idle.S.obj)
                0x00000000000051d0                _CpuIdleInit
 .text.k_cpu_idle
                0x00000000000051dc        0xc arch/arch/arm/core/libarch__arm__core.a(cpu_idle.S.obj)
                0x00000000000051dc                k_cpu_idle
 .text.__fault  0x00000000000051e8       0x28 arch/arch/arm/core/libarch__arm__core.a(fault_s.S.obj)
                0x00000000000051e8                __usage_fault
                0x00000000000051e8                __reserved
                0x00000000000051e8                __bus_fault
                0x00000000000051e8                __debug_monitor
                0x00000000000051e8                __mpu_fault
                0x00000000000051e8                __hard_fault
 .text.z_NanoFatalErrorHandler
                0x0000000000005210       0x68 arch/arch/arm/core/libarch__arm__core.a(fatal.c.obj)
                0x0000000000005210                z_NanoFatalErrorHandler
 .text.z_SysFatalErrorHandler
                0x0000000000005278       0x58 arch/arch/arm/core/libarch__arm__core.a(sys_fatal_error_handler.c.obj)
                0x0000000000005278                z_SysFatalErrorHandler
 .text.z_impl_k_thread_abort
                0x00000000000052d0       0x48 arch/arch/arm/core/libarch__arm__core.a(thread_abort.c.obj)
                0x00000000000052d0                z_impl_k_thread_abort
 .text._isr_wrapper
                0x0000000000005318       0x40 arch/arch/arm/core/libarch__arm__core.a(isr_wrapper.S.obj)
                0x0000000000005318                _isr_wrapper
 .text._reset_section
                0x0000000000005358        0x8 arch/arch/arm/core/cortex_m/libarch__arm__core__cortex_m.a(reset.S.obj)
                0x0000000000005358                __reset
                0x0000000000005358                __start
 .text._SysNmiOnReset
                0x0000000000005360        0x8 arch/arch/arm/core/cortex_m/libarch__arm__core__cortex_m.a(nmi_on_reset.S.obj)
                0x0000000000005360                _SysNmiOnReset
 .text._PrepC   0x0000000000005368       0x58 arch/arch/arm/core/cortex_m/libarch__arm__core__cortex_m.a(prep_c.c.obj)
                0x0000000000005368                _PrepC
 .text.z_arch_configure_static_mpu_regions
                0x00000000000053c0       0x38 arch/arch/arm/core/cortex_m/mpu/libarch__arm__core__cortex_m__mpu.a(arm_core_mpu.c.obj)
                0x00000000000053c0                z_arch_configure_static_mpu_regions
 .text._mpu_configure_regions
                0x00000000000053f8       0xd0 arch/arch/arm/core/cortex_m/mpu/libarch__arm__core__cortex_m__mpu.a(arm_mpu.c.obj)
 .text.arm_core_mpu_enable
                0x00000000000054c8       0x14 arch/arch/arm/core/cortex_m/mpu/libarch__arm__core__cortex_m__mpu.a(arm_mpu.c.obj)
                0x00000000000054c8                arm_core_mpu_enable
 .text.arm_core_mpu_disable
                0x00000000000054dc       0x10 arch/arch/arm/core/cortex_m/mpu/libarch__arm__core__cortex_m__mpu.a(arm_mpu.c.obj)
                0x00000000000054dc                arm_core_mpu_disable
 .text.arm_mpu_init
                0x00000000000054ec       0x5c arch/arch/arm/core/cortex_m/mpu/libarch__arm__core__cortex_m__mpu.a(arm_mpu.c.obj)
 .text.arm_core_mpu_configure_static_mpu_regions
                0x0000000000005548       0x14 arch/arch/arm/core/cortex_m/mpu/libarch__arm__core__cortex_m__mpu.a(arm_mpu.c.obj)
                0x0000000000005548                arm_core_mpu_configure_static_mpu_regions
 .text.arm_core_mpu_configure_dynamic_mpu_regions
                0x000000000000555c       0x2c arch/arch/arm/core/cortex_m/mpu/libarch__arm__core__cortex_m__mpu.a(arm_mpu.c.obj)
                0x000000000000555c                arm_core_mpu_configure_dynamic_mpu_regions
 .text._prf     0x0000000000005588      0x748 lib/libc/minimal/liblib__libc__minimal.a(prf.c.obj)
                0x0000000000005588                _prf
 .text.__stdout_hook_install
                0x0000000000005cd0        0xc lib/libc/minimal/liblib__libc__minimal.a(stdout_console.c.obj)
                0x0000000000005cd0                __stdout_hook_install
 .text.snprintf
                0x0000000000005cdc       0x30 lib/libc/minimal/liblib__libc__minimal.a(sprintf.c.obj)
                0x0000000000005cdc                snprintf
 .text.bt_hex_real
                0x0000000000005d0c       0x44 subsys/bluetooth/common/libsubsys__bluetooth__common.a(log.c.obj)
                0x0000000000005d0c                bt_hex_real
 .text.bt_addr_le_str_real
                0x0000000000005d50       0x7c subsys/bluetooth/common/libsubsys__bluetooth__common.a(log.c.obj)
                0x0000000000005d50                bt_addr_le_str_real
 .text.ecc_thread
                0x0000000000005dcc      0x244 subsys/bluetooth/host/libsubsys__bluetooth__host.a(hci_ecc.c.obj)
 .text.bt_hci_ecc_send
                0x0000000000006010      0x114 subsys/bluetooth/host/libsubsys__bluetooth__host.a(hci_ecc.c.obj)
                0x0000000000006010                bt_hci_ecc_send
 .text.bt_hci_ecc_init
                0x0000000000006124       0x44 subsys/bluetooth/host/libsubsys__bluetooth__host.a(hci_ecc.c.obj)
                0x0000000000006124                bt_hci_ecc_init
 .text.export   0x0000000000006168       0x24 subsys/bluetooth/host/libsubsys__bluetooth__host.a(settings.c.obj)
 .text.save_id  0x000000000000618c       0x18 subsys/bluetooth/host/libsubsys__bluetooth__host.a(settings.c.obj)
 .text.commit   0x00000000000061a4       0x64 subsys/bluetooth/host/libsubsys__bluetooth__host.a(settings.c.obj)
 .text.set      0x0000000000006208       0xe0 subsys/bluetooth/host/libsubsys__bluetooth__host.a(settings.c.obj)
 .text.bt_settings_encode_key
                0x00000000000062e8       0x60 subsys/bluetooth/host/libsubsys__bluetooth__host.a(settings.c.obj)
                0x00000000000062e8                bt_settings_encode_key
 .text.bt_settings_save_id
                0x0000000000006348       0x30 subsys/bluetooth/host/libsubsys__bluetooth__host.a(settings.c.obj)
                0x0000000000006348                bt_settings_save_id
 .text.bt_settings_init
                0x0000000000006378       0x68 subsys/bluetooth/host/libsubsys__bluetooth__host.a(settings.c.obj)
                0x0000000000006378                bt_settings_init
 .text.uuid_to_uuid128
                0x00000000000063e0       0x7c subsys/bluetooth/host/libsubsys__bluetooth__host.a(uuid.c.obj)
 .text.bt_uuid_to_str
                0x000000000000645c       0xac subsys/bluetooth/host/libsubsys__bluetooth__host.a(uuid.c.obj)
                0x000000000000645c                bt_uuid_to_str
 .text.bt_uuid_str
                0x0000000000006508       0x14 subsys/bluetooth/host/libsubsys__bluetooth__host.a(uuid.c.obj)
                0x0000000000006508                bt_uuid_str
 .text.le_dhkey_complete
                0x000000000000651c       0x20 subsys/bluetooth/host/libsubsys__bluetooth__host.a(hci_core.c.obj)
 .text.ver_str  0x000000000000653c       0x38 subsys/bluetooth/host/libsubsys__bluetooth__host.a(hci_core.c.obj)
 .text.stack_analyze
                0x0000000000006574       0x5c subsys/bluetooth/host/libsubsys__bluetooth__host.a(hci_core.c.obj)
 .text.le_pkey_complete
                0x00000000000065d0       0x4c subsys/bluetooth/host/libsubsys__bluetooth__host.a(hci_core.c.obj)
 .text.le_conn_update_complete
                0x000000000000661c       0xa0 subsys/bluetooth/host/libsubsys__bluetooth__host.a(hci_core.c.obj)
 .text.le_adv_report
                0x00000000000066bc       0xc8 subsys/bluetooth/host/libsubsys__bluetooth__host.a(hci_core.c.obj)
 .text.hci_num_completed_packets
                0x0000000000006784       0xf0 subsys/bluetooth/host/libsubsys__bluetooth__host.a(hci_core.c.obj)
 .text.handle_event
                0x0000000000006874       0x94 subsys/bluetooth/host/libsubsys__bluetooth__host.a(hci_core.c.obj)
 .text.hci_le_meta_event
                0x0000000000006908       0x20 subsys/bluetooth/host/libsubsys__bluetooth__host.a(hci_core.c.obj)
 .text.hci_cmd_done
                0x0000000000006928       0xd0 subsys/bluetooth/host/libsubsys__bluetooth__host.a(hci_core.c.obj)
 .text.hci_cmd_status
                0x00000000000069f8       0x2c subsys/bluetooth/host/libsubsys__bluetooth__host.a(hci_core.c.obj)
 .text.hci_cmd_complete
                0x0000000000006a24       0x30 subsys/bluetooth/host/libsubsys__bluetooth__host.a(hci_core.c.obj)
 .text.hci_tx_thread
                0x0000000000006a54      0x1a0 subsys/bluetooth/host/libsubsys__bluetooth__host.a(hci_core.c.obj)
 .text.id_find  0x0000000000006bf4       0x34 subsys/bluetooth/host/libsubsys__bluetooth__host.a(hci_core.c.obj)
 .text.slave_update_conn_param
                0x0000000000006c28       0x28 subsys/bluetooth/host/libsubsys__bluetooth__host.a(hci_core.c.obj)
 .text.le_remote_feat_complete
                0x0000000000006c50       0x64 subsys/bluetooth/host/libsubsys__bluetooth__host.a(hci_core.c.obj)
 .text.bt_hci_cmd_create
                0x0000000000006cb4       0x60 subsys/bluetooth/host/libsubsys__bluetooth__host.a(hci_core.c.obj)
                0x0000000000006cb4                bt_hci_cmd_create
 .text.bt_hci_cmd_send
                0x0000000000006d14       0x6c subsys/bluetooth/host/libsubsys__bluetooth__host.a(hci_core.c.obj)
                0x0000000000006d14                bt_hci_cmd_send
 .text.le_conn_param_neg_reply
                0x0000000000006d80       0x5c subsys/bluetooth/host/libsubsys__bluetooth__host.a(hci_core.c.obj)
 .text.le_conn_param_req
                0x0000000000006ddc       0xd8 subsys/bluetooth/host/libsubsys__bluetooth__host.a(hci_core.c.obj)
 .text.bt_hci_cmd_send_sync
                0x0000000000006eb4       0x8c subsys/bluetooth/host/libsubsys__bluetooth__host.a(hci_core.c.obj)
                0x0000000000006eb4                bt_hci_cmd_send_sync
 .text.set_le_scan_enable
                0x0000000000006f40       0x6c subsys/bluetooth/host/libsubsys__bluetooth__host.a(hci_core.c.obj)
 .text.set_advertise_enable
                0x0000000000006fac       0x54 subsys/bluetooth/host/libsubsys__bluetooth__host.a(hci_core.c.obj)
 .text.hci_disconn_complete
                0x0000000000007000       0xac subsys/bluetooth/host/libsubsys__bluetooth__host.a(hci_core.c.obj)
 .text.enh_conn_complete
                0x00000000000070ac      0x1c8 subsys/bluetooth/host/libsubsys__bluetooth__host.a(hci_core.c.obj)
 .text.set_random_address
                0x0000000000007274       0x5c subsys/bluetooth/host/libsubsys__bluetooth__host.a(hci_core.c.obj)
 .text.set_ad   0x00000000000072d0       0xe0 subsys/bluetooth/host/libsubsys__bluetooth__host.a(hci_core.c.obj)
 .text.le_adv_update
                0x00000000000073b0       0x94 subsys/bluetooth/host/libsubsys__bluetooth__host.a(hci_core.c.obj)
 .text.bt_le_scan_update
                0x0000000000007444       0x2c subsys/bluetooth/host/libsubsys__bluetooth__host.a(hci_core.c.obj)
                0x0000000000007444                bt_le_scan_update
 .text.bt_init  0x0000000000007470      0x51c subsys/bluetooth/host/libsubsys__bluetooth__host.a(hci_core.c.obj)
 .text.init_work
                0x000000000000798c       0x18 subsys/bluetooth/host/libsubsys__bluetooth__host.a(hci_core.c.obj)
 .text.id_create.isra.26
                0x00000000000079a4       0x68 subsys/bluetooth/host/libsubsys__bluetooth__host.a(hci_core.c.obj)
 .text.bt_dev_show_info
                0x0000000000007a0c       0xfc subsys/bluetooth/host/libsubsys__bluetooth__host.a(hci_core.c.obj)
                0x0000000000007a0c                bt_dev_show_info
 .text.bt_recv  0x0000000000007b08      0x14c subsys/bluetooth/host/libsubsys__bluetooth__host.a(hci_core.c.obj)
                0x0000000000007b08                bt_recv
 .text.bt_recv_prio
                0x0000000000007c54       0xb0 subsys/bluetooth/host/libsubsys__bluetooth__host.a(hci_core.c.obj)
                0x0000000000007c54                bt_recv_prio
 .text.bt_hci_driver_register
                0x0000000000007d04       0x28 subsys/bluetooth/host/libsubsys__bluetooth__host.a(hci_core.c.obj)
                0x0000000000007d04                bt_hci_driver_register
 .text.bt_enable
                0x0000000000007d2c      0x100 subsys/bluetooth/host/libsubsys__bluetooth__host.a(hci_core.c.obj)
                0x0000000000007d2c                bt_enable
 .text.bt_get_name
                0x0000000000007e2c        0x8 subsys/bluetooth/host/libsubsys__bluetooth__host.a(hci_core.c.obj)
                0x0000000000007e2c                bt_get_name
 .text.bt_id_create
                0x0000000000007e34       0xac subsys/bluetooth/host/libsubsys__bluetooth__host.a(hci_core.c.obj)
                0x0000000000007e34                bt_id_create
 .text.bt_setup_id_addr
                0x0000000000007ee0      0x108 subsys/bluetooth/host/libsubsys__bluetooth__host.a(hci_core.c.obj)
                0x0000000000007ee0                bt_setup_id_addr
 .text.bt_le_adv_start_internal
                0x0000000000007fe8      0x1f0 subsys/bluetooth/host/libsubsys__bluetooth__host.a(hci_core.c.obj)
                0x0000000000007fe8                bt_le_adv_start_internal
 .text.bt_le_adv_stop
                0x00000000000081d8       0x4c subsys/bluetooth/host/libsubsys__bluetooth__host.a(hci_core.c.obj)
                0x00000000000081d8                bt_le_adv_stop
 .text.bt_le_scan_start
                0x0000000000008224      0x154 subsys/bluetooth/host/libsubsys__bluetooth__host.a(hci_core.c.obj)
                0x0000000000008224                bt_le_scan_start
 .text.bt_le_scan_stop
                0x0000000000008378       0x2c subsys/bluetooth/host/libsubsys__bluetooth__host.a(hci_core.c.obj)
                0x0000000000008378                bt_le_scan_stop
 .text.bt_buf_get_rx
                0x00000000000083a4       0x20 subsys/bluetooth/host/libsubsys__bluetooth__host.a(hci_core.c.obj)
                0x00000000000083a4                bt_buf_get_rx
 .text.bt_buf_get_cmd_complete
                0x00000000000083c4       0x48 subsys/bluetooth/host/libsubsys__bluetooth__host.a(hci_core.c.obj)
                0x00000000000083c4                bt_buf_get_cmd_complete
 .text.bt_pub_key_gen
                0x000000000000840c       0xcc subsys/bluetooth/host/libsubsys__bluetooth__host.a(hci_core.c.obj)
                0x000000000000840c                bt_pub_key_gen
 .text.bt_pub_key_get
                0x00000000000084d8       0x1c subsys/bluetooth/host/libsubsys__bluetooth__host.a(hci_core.c.obj)
                0x00000000000084d8                bt_pub_key_get
 .text.bt_dh_key_gen
                0x00000000000084f4       0x74 subsys/bluetooth/host/libsubsys__bluetooth__host.a(hci_core.c.obj)
                0x00000000000084f4                bt_dh_key_gen
 .text.notify_connected
                0x0000000000008568       0x28 subsys/bluetooth/host/libsubsys__bluetooth__host.a(conn.c.obj)
 .text.bt_conn_get_pkts
                0x0000000000008590        0x8 subsys/bluetooth/host/libsubsys__bluetooth__host.a(conn.c.obj)
                0x0000000000008590                bt_conn_get_pkts
 .text.notify_le_param_updated
                0x0000000000008598       0x68 subsys/bluetooth/host/libsubsys__bluetooth__host.a(conn.c.obj)
                0x0000000000008598                notify_le_param_updated
 .text.le_param_req
                0x0000000000008600       0x40 subsys/bluetooth/host/libsubsys__bluetooth__host.a(conn.c.obj)
                0x0000000000008600                le_param_req
 .text.bt_conn_cb_register
                0x0000000000008640       0x10 subsys/bluetooth/host/libsubsys__bluetooth__host.a(conn.c.obj)
                0x0000000000008640                bt_conn_cb_register
 .text.bt_conn_recv
                0x0000000000008650      0x160 subsys/bluetooth/host/libsubsys__bluetooth__host.a(conn.c.obj)
                0x0000000000008650                bt_conn_recv
 .text.bt_conn_send_cb
                0x00000000000087b0       0x4c subsys/bluetooth/host/libsubsys__bluetooth__host.a(conn.c.obj)
                0x00000000000087b0                bt_conn_send_cb
 .text.bt_conn_notify_tx
                0x00000000000087fc       0x40 subsys/bluetooth/host/libsubsys__bluetooth__host.a(conn.c.obj)
                0x00000000000087fc                bt_conn_notify_tx
 .text.send_frag
                0x000000000000883c      0x140 subsys/bluetooth/host/libsubsys__bluetooth__host.a(conn.c.obj)
 .text.bt_conn_prepare_events
                0x000000000000897c       0x90 subsys/bluetooth/host/libsubsys__bluetooth__host.a(conn.c.obj)
                0x000000000000897c                bt_conn_prepare_events
 .text.bt_conn_add_le
                0x0000000000008a0c       0x64 subsys/bluetooth/host/libsubsys__bluetooth__host.a(conn.c.obj)
                0x0000000000008a0c                bt_conn_add_le
 .text.bt_conn_set_state
                0x0000000000008a70      0x180 subsys/bluetooth/host/libsubsys__bluetooth__host.a(conn.c.obj)
                0x0000000000008a70                bt_conn_set_state
 .text.bt_conn_lookup_handle
                0x0000000000008bf0       0x34 subsys/bluetooth/host/libsubsys__bluetooth__host.a(conn.c.obj)
                0x0000000000008bf0                bt_conn_lookup_handle
 .text.bt_conn_lookup_addr_le
                0x0000000000008c24       0x3c subsys/bluetooth/host/libsubsys__bluetooth__host.a(conn.c.obj)
                0x0000000000008c24                bt_conn_lookup_addr_le
 .text.bt_conn_lookup_state_le
                0x0000000000008c60       0x44 subsys/bluetooth/host/libsubsys__bluetooth__host.a(conn.c.obj)
                0x0000000000008c60                bt_conn_lookup_state_le
 .text.send_conn_le_param_update
                0x0000000000008ca4       0x50 subsys/bluetooth/host/libsubsys__bluetooth__host.a(conn.c.obj)
 .text.conn_le_update_timeout
                0x0000000000008cf4       0x6c subsys/bluetooth/host/libsubsys__bluetooth__host.a(conn.c.obj)
 .text.bt_conn_create_pdu
                0x0000000000008d60       0x28 subsys/bluetooth/host/libsubsys__bluetooth__host.a(conn.c.obj)
                0x0000000000008d60                bt_conn_create_pdu
 .text.create_frag.isra.11
                0x0000000000008d88       0x6c subsys/bluetooth/host/libsubsys__bluetooth__host.a(conn.c.obj)
 .text.bt_conn_process_tx
                0x0000000000008df4       0xdc subsys/bluetooth/host/libsubsys__bluetooth__host.a(conn.c.obj)
                0x0000000000008df4                bt_conn_process_tx
 .text.bt_conn_index
                0x0000000000008ed0       0x18 subsys/bluetooth/host/libsubsys__bluetooth__host.a(conn.c.obj)
                0x0000000000008ed0                bt_conn_index
 .text.bt_conn_init
                0x0000000000008ee8       0x44 subsys/bluetooth/host/libsubsys__bluetooth__host.a(conn.c.obj)
                0x0000000000008ee8                bt_conn_init
 .text.l2cap_accept
                0x0000000000008f2c       0x4c subsys/bluetooth/host/libsubsys__bluetooth__host.a(l2cap.c.obj)
 .text.bt_l2cap_le_fixed_chan_register
                0x0000000000008f78       0x20 subsys/bluetooth/host/libsubsys__bluetooth__host.a(l2cap.c.obj)
                0x0000000000008f78                bt_l2cap_le_fixed_chan_register
 .text.l2cap_rtx_timeout
                0x0000000000008f98       0x48 subsys/bluetooth/host/libsubsys__bluetooth__host.a(l2cap.c.obj)
 .text.bt_l2cap_connected
                0x0000000000008fe0       0x74 subsys/bluetooth/host/libsubsys__bluetooth__host.a(l2cap.c.obj)
                0x0000000000008fe0                bt_l2cap_connected
 .text.l2cap_recv
                0x0000000000009054      0x11c subsys/bluetooth/host/libsubsys__bluetooth__host.a(l2cap.c.obj)
 .text.bt_l2cap_recv
                0x0000000000009170       0x84 subsys/bluetooth/host/libsubsys__bluetooth__host.a(l2cap.c.obj)
                0x0000000000009170                bt_l2cap_recv
 .text.bt_l2cap_update_conn_param
                0x00000000000091f4       0x6c subsys/bluetooth/host/libsubsys__bluetooth__host.a(l2cap.c.obj)
                0x00000000000091f4                bt_l2cap_update_conn_param
 .text.bt_l2cap_init
                0x0000000000009260        0xc subsys/bluetooth/host/libsubsys__bluetooth__host.a(l2cap.c.obj)
                0x0000000000009260                bt_l2cap_init
 .text.att_op_get_type
                0x000000000000926c       0x2c subsys/bluetooth/host/libsubsys__bluetooth__host.a(att.c.obj)
 .text.bt_att_connected
                0x0000000000009298       0x20 subsys/bluetooth/host/libsubsys__bluetooth__host.a(att.c.obj)
 .text.bt_att_accept
                0x00000000000092b8       0x64 subsys/bluetooth/host/libsubsys__bluetooth__host.a(att.c.obj)
 .text.att_req_sent
                0x000000000000931c       0x30 subsys/bluetooth/host/libsubsys__bluetooth__host.a(att.c.obj)
 .text.att_chan_get
                0x000000000000934c       0x90 subsys/bluetooth/host/libsubsys__bluetooth__host.a(att.c.obj)
 .text.att_send_req
                0x00000000000093dc       0xa0 subsys/bluetooth/host/libsubsys__bluetooth__host.a(att.c.obj)
 .text.att_handle_rsp
                0x000000000000947c       0xa0 subsys/bluetooth/host/libsubsys__bluetooth__host.a(att.c.obj)
 .text.att_timeout
                0x000000000000951c       0x44 subsys/bluetooth/host/libsubsys__bluetooth__host.a(att.c.obj)
 .text.att_write_cmd
                0x0000000000009560       0x7c subsys/bluetooth/host/libsubsys__bluetooth__host.a(att.c.obj)
 .text.bt_att_create_pdu
                0x00000000000095dc       0x5c subsys/bluetooth/host/libsubsys__bluetooth__host.a(att.c.obj)
                0x00000000000095dc                bt_att_create_pdu
 .text.att_mtu_req
                0x0000000000009638       0x5c subsys/bluetooth/host/libsubsys__bluetooth__host.a(att.c.obj)
 .text.send_err_rsp.part.11
                0x0000000000009694       0x44 subsys/bluetooth/host/libsubsys__bluetooth__host.a(att.c.obj)
 .text.bt_att_recv
                0x00000000000096d8      0x180 subsys/bluetooth/host/libsubsys__bluetooth__host.a(att.c.obj)
 .text.att_read_group_req
                0x0000000000009858      0x100 subsys/bluetooth/host/libsubsys__bluetooth__host.a(att.c.obj)
 .text.att_read_mult_req
                0x0000000000009958       0x8c subsys/bluetooth/host/libsubsys__bluetooth__host.a(att.c.obj)
 .text.att_read_rsp
                0x00000000000099e4       0x98 subsys/bluetooth/host/libsubsys__bluetooth__host.a(att.c.obj)
 .text.att_read_type_req
                0x0000000000009a7c       0xcc subsys/bluetooth/host/libsubsys__bluetooth__host.a(att.c.obj)
 .text.att_find_type_req
                0x0000000000009b48       0xe4 subsys/bluetooth/host/libsubsys__bluetooth__host.a(att.c.obj)
 .text.att_find_info_req
                0x0000000000009c2c       0x78 subsys/bluetooth/host/libsubsys__bluetooth__host.a(att.c.obj)
 .text.att_write_req
                0x0000000000009ca4       0xb8 subsys/bluetooth/host/libsubsys__bluetooth__host.a(att.c.obj)
 .text.bt_att_init
                0x0000000000009d5c       0x14 subsys/bluetooth/host/libsubsys__bluetooth__host.a(att.c.obj)
                0x0000000000009d5c                bt_att_init
 .text.bt_att_send
                0x0000000000009d70       0xe0 subsys/bluetooth/host/libsubsys__bluetooth__host.a(att.c.obj)
                0x0000000000009d70                bt_att_send
 .text.gatt_notify
                0x0000000000009e50       0x80 subsys/bluetooth/host/libsubsys__bluetooth__host.a(gatt.c.obj)
 .text.disconnected_cb
                0x0000000000009ed0       0xb8 subsys/bluetooth/host/libsubsys__bluetooth__host.a(gatt.c.obj)
 .text.gatt_register
                0x0000000000009f88       0x8c subsys/bluetooth/host/libsubsys__bluetooth__host.a(gatt.c.obj)
 .text.gatt_indicate
                0x000000000000a014       0xe8 subsys/bluetooth/host/libsubsys__bluetooth__host.a(gatt.c.obj)
 .text.ccc_save
                0x000000000000a0fc       0x38 subsys/bluetooth/host/libsubsys__bluetooth__host.a(gatt.c.obj)
 .text.ccc_load
                0x000000000000a134       0x98 subsys/bluetooth/host/libsubsys__bluetooth__host.a(gatt.c.obj)
 .text.find_cf_cfg
                0x000000000000a1cc       0x34 subsys/bluetooth/host/libsubsys__bluetooth__host.a(gatt.c.obj)
 .text.sc_indicate_rsp
                0x000000000000a200       0x58 subsys/bluetooth/host/libsubsys__bluetooth__host.a(gatt.c.obj)
 .text.cf_write
                0x000000000000a258       0xb4 subsys/bluetooth/host/libsubsys__bluetooth__host.a(gatt.c.obj)
 .text.cf_set   0x000000000000a30c      0x110 subsys/bluetooth/host/libsubsys__bluetooth__host.a(gatt.c.obj)
 .text.bt_gatt_attr_write_ccc
                0x000000000000a41c       0xc0 subsys/bluetooth/host/libsubsys__bluetooth__host.a(gatt.c.obj)
                0x000000000000a41c                bt_gatt_attr_write_ccc
 .text.db_changed
                0x000000000000a4dc       0x54 subsys/bluetooth/host/libsubsys__bluetooth__host.a(gatt.c.obj)
 .text.read_ppcp
                0x000000000000a530       0x38 subsys/bluetooth/host/libsubsys__bluetooth__host.a(gatt.c.obj)
 .text.sc_indicate.constprop.22
                0x000000000000a568       0x70 subsys/bluetooth/host/libsubsys__bluetooth__host.a(gatt.c.obj)
 .text.connected_cb
                0x000000000000a5d8       0x74 subsys/bluetooth/host/libsubsys__bluetooth__host.a(gatt.c.obj)
 .text.notify_cb
                0x000000000000a64c      0x120 subsys/bluetooth/host/libsubsys__bluetooth__host.a(gatt.c.obj)
 .text.bt_gatt_service_unregister
                0x000000000000a76c       0x5c subsys/bluetooth/host/libsubsys__bluetooth__host.a(gatt.c.obj)
                0x000000000000a76c                bt_gatt_service_unregister
 .text.bt_gatt_foreach_attr
                0x000000000000a7c8       0x54 subsys/bluetooth/host/libsubsys__bluetooth__host.a(gatt.c.obj)
                0x000000000000a7c8                bt_gatt_foreach_attr
 .text.db_hash_gen
                0x000000000000a81c       0x88 subsys/bluetooth/host/libsubsys__bluetooth__host.a(gatt.c.obj)
 .text.bt_gatt_init
                0x000000000000a8a4       0x64 subsys/bluetooth/host/libsubsys__bluetooth__host.a(gatt.c.obj)
                0x000000000000a8a4                bt_gatt_init
 .text.ccc_set  0x000000000000a908       0xe8 subsys/bluetooth/host/libsubsys__bluetooth__host.a(gatt.c.obj)
 .text.bt_gatt_indicate.part.15
                0x000000000000a9f0       0x30 subsys/bluetooth/host/libsubsys__bluetooth__host.a(gatt.c.obj)
 .text.sc_process
                0x000000000000aa20       0x64 subsys/bluetooth/host/libsubsys__bluetooth__host.a(gatt.c.obj)
 .text.bt_gatt_notify_cb
                0x000000000000aa84       0x80 subsys/bluetooth/host/libsubsys__bluetooth__host.a(gatt.c.obj)
                0x000000000000aa84                bt_gatt_notify_cb
 .text.bt_gatt_connected
                0x000000000000ab04       0x14 subsys/bluetooth/host/libsubsys__bluetooth__host.a(gatt.c.obj)
                0x000000000000ab04                bt_gatt_connected
 .text.db_hash_read
                0x000000000000ab18       0x68 subsys/bluetooth/host/libsubsys__bluetooth__host.a(gatt.c.obj)
 .text.bt_gatt_store_ccc
                0x000000000000ab80       0x90 subsys/bluetooth/host/libsubsys__bluetooth__host.a(gatt.c.obj)
                0x000000000000ab80                bt_gatt_store_ccc
 .text.bt_gatt_disconnected
                0x000000000000ac10      0x110 subsys/bluetooth/host/libsubsys__bluetooth__host.a(gatt.c.obj)
                0x000000000000ac10                bt_gatt_disconnected
 .text.bt_smp_accept
                0x000000000000ad20       0x4c subsys/bluetooth/host/libsubsys__bluetooth__host.a(smp_null.c.obj)
 .text.bt_smp_init
                0x000000000000ad6c       0x10 subsys/bluetooth/host/libsubsys__bluetooth__host.a(smp_null.c.obj)
                0x000000000000ad6c                bt_smp_init
 .text.atomic_test_bit.constprop.3
                0x000000000000ad7c       0x18 subsys/bluetooth/host/mesh/libsubsys__bluetooth__host__mesh.a(main.c.obj)
 .text.bt_mesh_provision
                0x000000000000ad94      0x114 subsys/bluetooth/host/mesh/libsubsys__bluetooth__host__mesh.a(main.c.obj)
                0x000000000000ad94                bt_mesh_provision
 .text.bt_mesh_reset
                0x000000000000aea8       0x68 subsys/bluetooth/host/mesh/libsubsys__bluetooth__host__mesh.a(main.c.obj)
                0x000000000000aea8                bt_mesh_reset
 .text.bt_mesh_prov_enable
                0x000000000000af10       0x84 subsys/bluetooth/host/mesh/libsubsys__bluetooth__host__mesh.a(main.c.obj)
                0x000000000000af10                bt_mesh_prov_enable
 .text.adv_alloc
                0x000000000000af94       0x10 subsys/bluetooth/host/mesh/libsubsys__bluetooth__host__mesh.a(adv.c.obj)
 .text.stack_analyze
                0x000000000000afa4       0x5c subsys/bluetooth/host/mesh/libsubsys__bluetooth__host__mesh.a(adv.c.obj)
 .text.adv_thread
                0x000000000000b000      0x168 subsys/bluetooth/host/mesh/libsubsys__bluetooth__host__mesh.a(adv.c.obj)
 .text.bt_mesh_scan_cb
                0x000000000000b168       0xa8 subsys/bluetooth/host/mesh/libsubsys__bluetooth__host__mesh.a(adv.c.obj)
 .text.bt_mesh_adv_update
                0x000000000000b210        0xc subsys/bluetooth/host/mesh/libsubsys__bluetooth__host__mesh.a(adv.c.obj)
                0x000000000000b210                bt_mesh_adv_update
 .text.bt_mesh_adv_create_from_pool
                0x000000000000b21c       0x7c subsys/bluetooth/host/mesh/libsubsys__bluetooth__host__mesh.a(adv.c.obj)
                0x000000000000b21c                bt_mesh_adv_create_from_pool
 .text.bt_mesh_adv_create
                0x000000000000b298       0x20 subsys/bluetooth/host/mesh/libsubsys__bluetooth__host__mesh.a(adv.c.obj)
                0x000000000000b298                bt_mesh_adv_create
 .text.bt_mesh_adv_send
                0x000000000000b2b8       0x28 subsys/bluetooth/host/mesh/libsubsys__bluetooth__host__mesh.a(adv.c.obj)
                0x000000000000b2b8                bt_mesh_adv_send
 .text.bt_mesh_adv_init
                0x000000000000b2e0       0x44 subsys/bluetooth/host/mesh/libsubsys__bluetooth__host__mesh.a(adv.c.obj)
                0x000000000000b2e0                bt_mesh_adv_init
 .text.bt_mesh_scan_enable
                0x000000000000b324       0x24 subsys/bluetooth/host/mesh/libsubsys__bluetooth__host__mesh.a(adv.c.obj)
                0x000000000000b324                bt_mesh_scan_enable
 .text.k_work_submit_to_queue.constprop.3
                0x000000000000b348       0x30 subsys/bluetooth/host/mesh/libsubsys__bluetooth__host__mesh.a(beacon.c.obj)
 .text.bt_mesh_beacon_create
                0x000000000000b378       0x54 subsys/bluetooth/host/mesh/libsubsys__bluetooth__host__mesh.a(beacon.c.obj)
                0x000000000000b378                bt_mesh_beacon_create
 .text.beacon_send
                0x000000000000b3cc      0x274 subsys/bluetooth/host/mesh/libsubsys__bluetooth__host__mesh.a(beacon.c.obj)
 .text.bt_mesh_beacon_init
                0x000000000000b640       0x10 subsys/bluetooth/host/mesh/libsubsys__bluetooth__host__mesh.a(beacon.c.obj)
                0x000000000000b640                bt_mesh_beacon_init
 .text.bt_mesh_beacon_ivu_initiator
                0x000000000000b650       0x54 subsys/bluetooth/host/mesh/libsubsys__bluetooth__host__mesh.a(beacon.c.obj)
                0x000000000000b650                bt_mesh_beacon_ivu_initiator
 .text.bt_mesh_beacon_recv
                0x000000000000b6a4      0x1f0 subsys/bluetooth/host/mesh/libsubsys__bluetooth__host__mesh.a(beacon.c.obj)
                0x000000000000b6a4                bt_mesh_beacon_recv
 .text.bt_mesh_beacon_enable
                0x000000000000b894       0x4c subsys/bluetooth/host/mesh/libsubsys__bluetooth__host__mesh.a(beacon.c.obj)
                0x000000000000b894                bt_mesh_beacon_enable
 .text.bt_mesh_beacon_disable
                0x000000000000b8e0       0x20 subsys/bluetooth/host/mesh/libsubsys__bluetooth__host__mesh.a(beacon.c.obj)
                0x000000000000b8e0                bt_mesh_beacon_disable
 .text.auth_match
                0x000000000000b900       0x90 subsys/bluetooth/host/mesh/libsubsys__bluetooth__host__mesh.a(net.c.obj)
 .text.net_decrypt.isra.1
                0x000000000000b990      0x1c4 subsys/bluetooth/host/mesh/libsubsys__bluetooth__host__mesh.a(net.c.obj)
 .text.atomic_test_bit.constprop.8
                0x000000000000bb54       0x18 subsys/bluetooth/host/mesh/libsubsys__bluetooth__host__mesh.a(net.c.obj)
 .text.atomic_set_bit_to.constprop.6
                0x000000000000bb6c       0x34 subsys/bluetooth/host/mesh/libsubsys__bluetooth__host__mesh.a(net.c.obj)
 .text.bt_mesh_subnet_get
                0x000000000000bba0       0x3c subsys/bluetooth/host/mesh/libsubsys__bluetooth__host__mesh.a(net.c.obj)
                0x000000000000bba0                bt_mesh_subnet_get
 .text.bt_mesh_net_keys_create
                0x000000000000bbdc      0x1c8 subsys/bluetooth/host/mesh/libsubsys__bluetooth__host__mesh.a(net.c.obj)
                0x000000000000bbdc                bt_mesh_net_keys_create
 .text.friend_cred_set
                0x000000000000bda4      0x14c subsys/bluetooth/host/mesh/libsubsys__bluetooth__host__mesh.a(net.c.obj)
                0x000000000000bda4                friend_cred_set
 .text.friend_cred_refresh
                0x000000000000bef0       0x48 subsys/bluetooth/host/mesh/libsubsys__bluetooth__host__mesh.a(net.c.obj)
                0x000000000000bef0                friend_cred_refresh
 .text.friend_cred_update
                0x000000000000bf38       0x80 subsys/bluetooth/host/mesh/libsubsys__bluetooth__host__mesh.a(net.c.obj)
                0x000000000000bf38                friend_cred_update
 .text.friend_cred_create
                0x000000000000bfb8       0xe0 subsys/bluetooth/host/mesh/libsubsys__bluetooth__host__mesh.a(net.c.obj)
                0x000000000000bfb8                friend_cred_create
 .text.friend_cred_del
                0x000000000000c098       0x40 subsys/bluetooth/host/mesh/libsubsys__bluetooth__host__mesh.a(net.c.obj)
                0x000000000000c098                friend_cred_del
 .text.friend_cred_get
                0x000000000000c0d8       0xc8 subsys/bluetooth/host/mesh/libsubsys__bluetooth__host__mesh.a(net.c.obj)
                0x000000000000c0d8                friend_cred_get
 .text.bt_mesh_net_beacon_update
                0x000000000000c1a0       0xa4 subsys/bluetooth/host/mesh/libsubsys__bluetooth__host__mesh.a(net.c.obj)
                0x000000000000c1a0                bt_mesh_net_beacon_update
 .text.bt_mesh_net_create
                0x000000000000c244       0xf0 subsys/bluetooth/host/mesh/libsubsys__bluetooth__host__mesh.a(net.c.obj)
                0x000000000000c244                bt_mesh_net_create
 .text.bt_mesh_net_revoke_keys
                0x000000000000c334       0x94 subsys/bluetooth/host/mesh/libsubsys__bluetooth__host__mesh.a(net.c.obj)
                0x000000000000c334                bt_mesh_net_revoke_keys
 .text.bt_mesh_kr_update
                0x000000000000c3c8       0xbc subsys/bluetooth/host/mesh/libsubsys__bluetooth__host__mesh.a(net.c.obj)
                0x000000000000c3c8                bt_mesh_kr_update
 .text.bt_mesh_rpl_reset
                0x000000000000c484       0x38 subsys/bluetooth/host/mesh/libsubsys__bluetooth__host__mesh.a(net.c.obj)
                0x000000000000c484                bt_mesh_rpl_reset
 .text.bt_mesh_net_iv_update
                0x000000000000c4bc      0x21c subsys/bluetooth/host/mesh/libsubsys__bluetooth__host__mesh.a(net.c.obj)
                0x000000000000c4bc                bt_mesh_net_iv_update
 .text.ivu_refresh
                0x000000000000c6d8       0xc0 subsys/bluetooth/host/mesh/libsubsys__bluetooth__host__mesh.a(net.c.obj)
 .text.bt_mesh_next_seq
                0x000000000000c798       0x18 subsys/bluetooth/host/mesh/libsubsys__bluetooth__host__mesh.a(net.c.obj)
                0x000000000000c798                bt_mesh_next_seq
 .text.bt_mesh_net_resend
                0x000000000000c7b0      0x180 subsys/bluetooth/host/mesh/libsubsys__bluetooth__host__mesh.a(net.c.obj)
                0x000000000000c7b0                bt_mesh_net_resend
 .text.bt_mesh_net_encode
                0x000000000000c930      0x158 subsys/bluetooth/host/mesh/libsubsys__bluetooth__host__mesh.a(net.c.obj)
                0x000000000000c930                bt_mesh_net_encode
 .text.bt_mesh_net_send
                0x000000000000ca88      0x1ac subsys/bluetooth/host/mesh/libsubsys__bluetooth__host__mesh.a(net.c.obj)
                0x000000000000ca88                bt_mesh_net_send
 .text.bt_mesh_subnet_find
                0x000000000000cc34       0xb8 subsys/bluetooth/host/mesh/libsubsys__bluetooth__host__mesh.a(net.c.obj)
                0x000000000000cc34                bt_mesh_subnet_find
 .text.bt_mesh_net_decode
                0x000000000000ccec      0x47c subsys/bluetooth/host/mesh/libsubsys__bluetooth__host__mesh.a(net.c.obj)
                0x000000000000ccec                bt_mesh_net_decode
 .text.bt_mesh_net_recv
                0x000000000000d168      0x2f0 subsys/bluetooth/host/mesh/libsubsys__bluetooth__host__mesh.a(net.c.obj)
                0x000000000000d168                bt_mesh_net_recv
 .text.bt_mesh_net_local
                0x000000000000d458       0x84 subsys/bluetooth/host/mesh/libsubsys__bluetooth__host__mesh.a(net.c.obj)
 .text.bt_mesh_net_start
                0x000000000000d4dc       0x48 subsys/bluetooth/host/mesh/libsubsys__bluetooth__host__mesh.a(net.c.obj)
                0x000000000000d4dc                bt_mesh_net_start
 .text.bt_mesh_net_init
                0x000000000000d524       0x28 subsys/bluetooth/host/mesh/libsubsys__bluetooth__host__mesh.a(net.c.obj)
                0x000000000000d524                bt_mesh_net_init
 .text.send_unseg
                0x000000000000d54c       0xe8 subsys/bluetooth/host/mesh/libsubsys__bluetooth__host__mesh.a(transport.c.obj)
 .text.is_replay
                0x000000000000d634       0x9c subsys/bluetooth/host/mesh/libsubsys__bluetooth__host__mesh.a(transport.c.obj)
 .text.sdu_recv
                0x000000000000d6d0      0x24c subsys/bluetooth/host/mesh/libsubsys__bluetooth__host__mesh.a(transport.c.obj)
 .text.seg_rx_reset
                0x000000000000d91c       0x9c subsys/bluetooth/host/mesh/libsubsys__bluetooth__host__mesh.a(transport.c.obj)
 .text.seg_tx_reset
                0x000000000000d9b8       0xac subsys/bluetooth/host/mesh/libsubsys__bluetooth__host__mesh.a(transport.c.obj)
 .text.seg_tx_send_unacked
                0x000000000000da64       0xf4 subsys/bluetooth/host/mesh/libsubsys__bluetooth__host__mesh.a(transport.c.obj)
 .text.ctl_recv
                0x000000000000db58      0x3b0 subsys/bluetooth/host/mesh/libsubsys__bluetooth__host__mesh.a(transport.c.obj)
 .text.send_seg
                0x000000000000df08      0x2f4 subsys/bluetooth/host/mesh/libsubsys__bluetooth__host__mesh.a(transport.c.obj)
 .text.seg_send_start
                0x000000000000e1fc       0x20 subsys/bluetooth/host/mesh/libsubsys__bluetooth__host__mesh.a(transport.c.obj)
 .text.seg_sent
                0x000000000000e21c       0x18 subsys/bluetooth/host/mesh/libsubsys__bluetooth__host__mesh.a(transport.c.obj)
 .text.bt_mesh_set_hb_sub_dst
                0x000000000000e234        0xc subsys/bluetooth/host/mesh/libsubsys__bluetooth__host__mesh.a(transport.c.obj)
                0x000000000000e234                bt_mesh_set_hb_sub_dst
 .text.bt_mesh_tx_in_progress
                0x000000000000e240       0x10 subsys/bluetooth/host/mesh/libsubsys__bluetooth__host__mesh.a(transport.c.obj)
                0x000000000000e240                bt_mesh_tx_in_progress
 .text.bt_mesh_app_key_find
                0x000000000000e250       0x48 subsys/bluetooth/host/mesh/libsubsys__bluetooth__host__mesh.a(transport.c.obj)
                0x000000000000e250                bt_mesh_app_key_find
 .text.bt_mesh_trans_send
                0x000000000000e298      0x1b4 subsys/bluetooth/host/mesh/libsubsys__bluetooth__host__mesh.a(transport.c.obj)
                0x000000000000e298                bt_mesh_trans_send
 .text.bt_mesh_ctl_send
                0x000000000000e44c      0x108 subsys/bluetooth/host/mesh/libsubsys__bluetooth__host__mesh.a(transport.c.obj)
                0x000000000000e44c                bt_mesh_ctl_send
 .text.send_ack
                0x000000000000e554       0xe8 subsys/bluetooth/host/mesh/libsubsys__bluetooth__host__mesh.a(transport.c.obj)
 .text.seg_ack  0x000000000000e63c       0xb4 subsys/bluetooth/host/mesh/libsubsys__bluetooth__host__mesh.a(transport.c.obj)
 .text.bt_mesh_trans_recv
                0x000000000000e6f0      0x744 subsys/bluetooth/host/mesh/libsubsys__bluetooth__host__mesh.a(transport.c.obj)
                0x000000000000e6f0                bt_mesh_trans_recv
 .text.bt_mesh_rx_reset
                0x000000000000ee34       0x44 subsys/bluetooth/host/mesh/libsubsys__bluetooth__host__mesh.a(transport.c.obj)
                0x000000000000ee34                bt_mesh_rx_reset
 .text.bt_mesh_tx_reset
                0x000000000000ee78       0x40 subsys/bluetooth/host/mesh/libsubsys__bluetooth__host__mesh.a(transport.c.obj)
                0x000000000000ee78                bt_mesh_tx_reset
 .text.bt_mesh_trans_init
                0x000000000000eeb8       0x34 subsys/bluetooth/host/mesh/libsubsys__bluetooth__host__mesh.a(transport.c.obj)
                0x000000000000eeb8                bt_mesh_trans_init
 .text.bt_mesh_k2
                0x000000000000eeec       0xb0 subsys/bluetooth/host/mesh/libsubsys__bluetooth__host__mesh.a(crypto.c.obj)
                0x000000000000eeec                bt_mesh_k2
 .text.bt_mesh_k3
                0x000000000000ef9c       0x5c subsys/bluetooth/host/mesh/libsubsys__bluetooth__host__mesh.a(crypto.c.obj)
                0x000000000000ef9c                bt_mesh_k3
 .text.bt_mesh_k4
                0x000000000000eff8       0x50 subsys/bluetooth/host/mesh/libsubsys__bluetooth__host__mesh.a(crypto.c.obj)
                0x000000000000eff8                bt_mesh_k4
 .text.bt_mesh_id128
                0x000000000000f048       0x2c subsys/bluetooth/host/mesh/libsubsys__bluetooth__host__mesh.a(crypto.c.obj)
                0x000000000000f048                bt_mesh_id128
 .text.bt_mesh_fcs_calc
                0x000000000000f074       0x20 subsys/bluetooth/host/mesh/libsubsys__bluetooth__host__mesh.a(crypto.c.obj)
                0x000000000000f074                bt_mesh_fcs_calc
 .text.bt_mesh_fcs_check
                0x000000000000f094       0x2c subsys/bluetooth/host/mesh/libsubsys__bluetooth__host__mesh.a(crypto.c.obj)
                0x000000000000f094                bt_mesh_fcs_check
 .text.bt_mesh_virtual_addr
                0x000000000000f0c0       0x48 subsys/bluetooth/host/mesh/libsubsys__bluetooth__host__mesh.a(crypto.c.obj)
                0x000000000000f0c0                bt_mesh_virtual_addr
 .text.bt_mesh_prov_conf_key
                0x000000000000f108       0x18 subsys/bluetooth/host/mesh/libsubsys__bluetooth__host__mesh.a(crypto.c.obj)
                0x000000000000f108                bt_mesh_prov_conf_key
 .text.model_send
                0x000000000000f120       0xe8 subsys/bluetooth/host/mesh/libsubsys__bluetooth__host__mesh.a(access.c.obj)
 .text.mod_init
                0x000000000000f208       0x70 subsys/bluetooth/host/mesh/libsubsys__bluetooth__host__mesh.a(access.c.obj)
 .text.bt_mesh_model_foreach
                0x000000000000f278       0x74 subsys/bluetooth/host/mesh/libsubsys__bluetooth__host__mesh.a(access.c.obj)
                0x000000000000f278                bt_mesh_model_foreach
 .text.bt_mesh_model_pub_period_get
                0x000000000000f2ec       0x48 subsys/bluetooth/host/mesh/libsubsys__bluetooth__host__mesh.a(access.c.obj)
                0x000000000000f2ec                bt_mesh_model_pub_period_get
 .text.publish_sent
                0x000000000000f334       0x74 subsys/bluetooth/host/mesh/libsubsys__bluetooth__host__mesh.a(access.c.obj)
 .text.bt_mesh_model_elem
                0x000000000000f3a8       0x14 subsys/bluetooth/host/mesh/libsubsys__bluetooth__host__mesh.a(access.c.obj)
                0x000000000000f3a8                bt_mesh_model_elem
 .text.bt_mesh_model_get
                0x000000000000f3bc       0xac subsys/bluetooth/host/mesh/libsubsys__bluetooth__host__mesh.a(access.c.obj)
                0x000000000000f3bc                bt_mesh_model_get
 .text.bt_mesh_comp_register
                0x000000000000f468       0x24 subsys/bluetooth/host/mesh/libsubsys__bluetooth__host__mesh.a(access.c.obj)
                0x000000000000f468                bt_mesh_comp_register
 .text.bt_mesh_comp_provision
                0x000000000000f48c       0x2c subsys/bluetooth/host/mesh/libsubsys__bluetooth__host__mesh.a(access.c.obj)
                0x000000000000f48c                bt_mesh_comp_provision
 .text.bt_mesh_comp_unprovision
                0x000000000000f4b8       0x14 subsys/bluetooth/host/mesh/libsubsys__bluetooth__host__mesh.a(access.c.obj)
                0x000000000000f4b8                bt_mesh_comp_unprovision
 .text.bt_mesh_primary_addr
                0x000000000000f4cc        0xc subsys/bluetooth/host/mesh/libsubsys__bluetooth__host__mesh.a(access.c.obj)
                0x000000000000f4cc                bt_mesh_primary_addr
 .text.bt_mesh_elem_find
                0x000000000000f4d8       0x80 subsys/bluetooth/host/mesh/libsubsys__bluetooth__host__mesh.a(access.c.obj)
                0x000000000000f4d8                bt_mesh_elem_find
 .text.bt_mesh_elem_count
                0x000000000000f558        0xc subsys/bluetooth/host/mesh/libsubsys__bluetooth__host__mesh.a(access.c.obj)
                0x000000000000f558                bt_mesh_elem_count
 .text.bt_mesh_model_recv
                0x000000000000f564      0x1c0 subsys/bluetooth/host/mesh/libsubsys__bluetooth__host__mesh.a(access.c.obj)
                0x000000000000f564                bt_mesh_model_recv
 .text.bt_mesh_model_publish
                0x000000000000f724      0x138 subsys/bluetooth/host/mesh/libsubsys__bluetooth__host__mesh.a(access.c.obj)
                0x000000000000f724                bt_mesh_model_publish
 .text.mod_publish
                0x000000000000f85c      0x184 subsys/bluetooth/host/mesh/libsubsys__bluetooth__host__mesh.a(access.c.obj)
 .text.bt_mesh_comp_get
                0x000000000000f9e0        0xc subsys/bluetooth/host/mesh/libsubsys__bluetooth__host__mesh.a(access.c.obj)
                0x000000000000f9e0                bt_mesh_comp_get
 .text.app_key_is_valid
                0x000000000000f9ec       0x3c subsys/bluetooth/host/mesh/libsubsys__bluetooth__host__mesh.a(cfg_srv.c.obj)
 .text._mod_pub_set
                0x000000000000fa28       0xa8 subsys/bluetooth/host/mesh/libsubsys__bluetooth__host__mesh.a(cfg_srv.c.obj)
 .text.node_identity_get
                0x000000000000fad0       0xc0 subsys/bluetooth/host/mesh/libsubsys__bluetooth__host__mesh.a(cfg_srv.c.obj)
 .text.app_key_get
                0x000000000000fb90       0xf0 subsys/bluetooth/host/mesh/libsubsys__bluetooth__host__mesh.a(cfg_srv.c.obj)
 .text.hb_pub_send_status
                0x000000000000fc80       0xd4 subsys/bluetooth/host/mesh/libsubsys__bluetooth__host__mesh.a(cfg_srv.c.obj)
 .text.send_mod_sub_status
                0x000000000000fd54       0xa0 subsys/bluetooth/host/mesh/libsubsys__bluetooth__host__mesh.a(cfg_srv.c.obj)
 .text.lpn_timeout_get
                0x000000000000fdf4       0xdc subsys/bluetooth/host/mesh/libsubsys__bluetooth__host__mesh.a(cfg_srv.c.obj)
 .text.node_reset
                0x000000000000fed0       0x60 subsys/bluetooth/host/mesh/libsubsys__bluetooth__host__mesh.a(cfg_srv.c.obj)
 .text.mod_sub_get
                0x000000000000ff30       0xf0 subsys/bluetooth/host/mesh/libsubsys__bluetooth__host__mesh.a(cfg_srv.c.obj)
 .text.mod_sub_get_vnd
                0x0000000000010020      0x108 subsys/bluetooth/host/mesh/libsubsys__bluetooth__host__mesh.a(cfg_srv.c.obj)
 .text.va_add   0x0000000000010128       0x7c subsys/bluetooth/host/mesh/libsubsys__bluetooth__host__mesh.a(cfg_srv.c.obj)
 .text.send_krp_status
                0x00000000000101a4       0x78 subsys/bluetooth/host/mesh/libsubsys__bluetooth__host__mesh.a(cfg_srv.c.obj)
 .text.krp_get  0x000000000001021c       0x64 subsys/bluetooth/host/mesh/libsubsys__bluetooth__host__mesh.a(cfg_srv.c.obj)
 .text.krp_set  0x0000000000010280       0xe0 subsys/bluetooth/host/mesh/libsubsys__bluetooth__host__mesh.a(cfg_srv.c.obj)
 .text.send_friend_status
                0x0000000000010360       0x64 subsys/bluetooth/host/mesh/libsubsys__bluetooth__host__mesh.a(cfg_srv.c.obj)
 .text.net_key_get
                0x00000000000103c4       0x8c subsys/bluetooth/host/mesh/libsubsys__bluetooth__host__mesh.a(cfg_srv.c.obj)
 .text.send_net_key_status
                0x0000000000010450       0x70 subsys/bluetooth/host/mesh/libsubsys__bluetooth__host__mesh.a(cfg_srv.c.obj)
 .text.net_key_update
                0x00000000000104c0       0xcc subsys/bluetooth/host/mesh/libsubsys__bluetooth__host__mesh.a(cfg_srv.c.obj)
 .text.net_key_add
                0x000000000001058c       0xd4 subsys/bluetooth/host/mesh/libsubsys__bluetooth__host__mesh.a(cfg_srv.c.obj)
 .text.send_mod_pub_status.isra.9
                0x0000000000010660       0xec subsys/bluetooth/host/mesh/libsubsys__bluetooth__host__mesh.a(cfg_srv.c.obj)
 .text.mod_app_get
                0x000000000001074c      0x104 subsys/bluetooth/host/mesh/libsubsys__bluetooth__host__mesh.a(cfg_srv.c.obj)
 .text.mod_app_unbind
                0x0000000000010850       0xe4 subsys/bluetooth/host/mesh/libsubsys__bluetooth__host__mesh.a(cfg_srv.c.obj)
 .text.mod_app_bind
                0x0000000000010934      0x11c subsys/bluetooth/host/mesh/libsubsys__bluetooth__host__mesh.a(cfg_srv.c.obj)
 .text.mod_pub_set
                0x0000000000010a50      0x108 subsys/bluetooth/host/mesh/libsubsys__bluetooth__host__mesh.a(cfg_srv.c.obj)
 .text.mod_pub_va_set
                0x0000000000010b58      0x128 subsys/bluetooth/host/mesh/libsubsys__bluetooth__host__mesh.a(cfg_srv.c.obj)
 .text.mod_sub_va_del
                0x0000000000010c80      0x104 subsys/bluetooth/host/mesh/libsubsys__bluetooth__host__mesh.a(cfg_srv.c.obj)
 .text.mod_sub_del
                0x0000000000010d84       0xb8 subsys/bluetooth/host/mesh/libsubsys__bluetooth__host__mesh.a(cfg_srv.c.obj)
 .text.mod_sub_va_add
                0x0000000000010e3c       0xe8 subsys/bluetooth/host/mesh/libsubsys__bluetooth__host__mesh.a(cfg_srv.c.obj)
 .text.mod_sub_add
                0x0000000000010f24       0xc4 subsys/bluetooth/host/mesh/libsubsys__bluetooth__host__mesh.a(cfg_srv.c.obj)
 .text.mod_pub_get.part.11
                0x0000000000010fe8       0x28 subsys/bluetooth/host/mesh/libsubsys__bluetooth__host__mesh.a(cfg_srv.c.obj)
 .text.dev_comp_data_get
                0x0000000000011010      0x180 subsys/bluetooth/host/mesh/libsubsys__bluetooth__host__mesh.a(cfg_srv.c.obj)
 .text.app_key_set
                0x0000000000011190       0xe0 subsys/bluetooth/host/mesh/libsubsys__bluetooth__host__mesh.a(cfg_srv.c.obj)
 .text.app_key_update
                0x0000000000011270       0x90 subsys/bluetooth/host/mesh/libsubsys__bluetooth__host__mesh.a(cfg_srv.c.obj)
 .text.app_key_add
                0x0000000000011300       0x90 subsys/bluetooth/host/mesh/libsubsys__bluetooth__host__mesh.a(cfg_srv.c.obj)
 .text.heartbeat_pub_set
                0x0000000000011390      0x138 subsys/bluetooth/host/mesh/libsubsys__bluetooth__host__mesh.a(cfg_srv.c.obj)
 .text.hb_sub_send_status.constprop.21
                0x00000000000114c8      0x100 subsys/bluetooth/host/mesh/libsubsys__bluetooth__host__mesh.a(cfg_srv.c.obj)
 .text.heartbeat_sub_set
                0x00000000000115c8      0x124 subsys/bluetooth/host/mesh/libsubsys__bluetooth__host__mesh.a(cfg_srv.c.obj)
 .text.bt_mesh_app_key_alloc
                0x00000000000116ec       0x28 subsys/bluetooth/host/mesh/libsubsys__bluetooth__host__mesh.a(cfg_srv.c.obj)
                0x00000000000116ec                bt_mesh_app_key_alloc
 .text.bt_mesh_app_key_del
                0x0000000000011714       0x3c subsys/bluetooth/host/mesh/libsubsys__bluetooth__host__mesh.a(cfg_srv.c.obj)
                0x0000000000011714                bt_mesh_app_key_del
 .text.app_key_del
                0x0000000000011750       0xb0 subsys/bluetooth/host/mesh/libsubsys__bluetooth__host__mesh.a(cfg_srv.c.obj)
 .text.bt_mesh_cfg_srv_init
                0x0000000000011800       0x98 subsys/bluetooth/host/mesh/libsubsys__bluetooth__host__mesh.a(cfg_srv.c.obj)
                0x0000000000011800                bt_mesh_cfg_srv_init
 .text.bt_mesh_heartbeat
                0x0000000000011898       0xd4 subsys/bluetooth/host/mesh/libsubsys__bluetooth__host__mesh.a(cfg_srv.c.obj)
                0x0000000000011898                bt_mesh_heartbeat
 .text.bt_mesh_net_transmit_get
                0x000000000001196c       0x10 subsys/bluetooth/host/mesh/libsubsys__bluetooth__host__mesh.a(cfg_srv.c.obj)
                0x000000000001196c                bt_mesh_net_transmit_get
 .text.net_transmit_set
                0x000000000001197c       0x98 subsys/bluetooth/host/mesh/libsubsys__bluetooth__host__mesh.a(cfg_srv.c.obj)
 .text.net_transmit_get
                0x0000000000011a14       0x68 subsys/bluetooth/host/mesh/libsubsys__bluetooth__host__mesh.a(cfg_srv.c.obj)
 .text.bt_mesh_relay_get
                0x0000000000011a7c       0x14 subsys/bluetooth/host/mesh/libsubsys__bluetooth__host__mesh.a(cfg_srv.c.obj)
                0x0000000000011a7c                bt_mesh_relay_get
 .text.bt_mesh_friend_get
                0x0000000000011a90       0x14 subsys/bluetooth/host/mesh/libsubsys__bluetooth__host__mesh.a(cfg_srv.c.obj)
                0x0000000000011a90                bt_mesh_friend_get
 .text.bt_mesh_relay_retransmit_get
                0x0000000000011aa4       0x10 subsys/bluetooth/host/mesh/libsubsys__bluetooth__host__mesh.a(cfg_srv.c.obj)
                0x0000000000011aa4                bt_mesh_relay_retransmit_get
 .text.relay_get
                0x0000000000011ab4       0x74 subsys/bluetooth/host/mesh/libsubsys__bluetooth__host__mesh.a(cfg_srv.c.obj)
 .text.bt_mesh_beacon_get
                0x0000000000011b28       0x10 subsys/bluetooth/host/mesh/libsubsys__bluetooth__host__mesh.a(cfg_srv.c.obj)
                0x0000000000011b28                bt_mesh_beacon_get
 .text.beacon_set
                0x0000000000011b38       0xd0 subsys/bluetooth/host/mesh/libsubsys__bluetooth__host__mesh.a(cfg_srv.c.obj)
 .text.beacon_get
                0x0000000000011c08       0x68 subsys/bluetooth/host/mesh/libsubsys__bluetooth__host__mesh.a(cfg_srv.c.obj)
 .text.bt_mesh_gatt_proxy_get
                0x0000000000011c70       0x14 subsys/bluetooth/host/mesh/libsubsys__bluetooth__host__mesh.a(cfg_srv.c.obj)
                0x0000000000011c70                bt_mesh_gatt_proxy_get
 .text.friend_set
                0x0000000000011c84       0x9c subsys/bluetooth/host/mesh/libsubsys__bluetooth__host__mesh.a(cfg_srv.c.obj)
 .text.relay_set
                0x0000000000011d20       0xfc subsys/bluetooth/host/mesh/libsubsys__bluetooth__host__mesh.a(cfg_srv.c.obj)
 .text.hb_publish
                0x0000000000011e1c       0x84 subsys/bluetooth/host/mesh/libsubsys__bluetooth__host__mesh.a(cfg_srv.c.obj)
 .text.node_identity_set
                0x0000000000011ea0      0x114 subsys/bluetooth/host/mesh/libsubsys__bluetooth__host__mesh.a(cfg_srv.c.obj)
 .text.send_gatt_proxy_status
                0x0000000000011fb4       0x68 subsys/bluetooth/host/mesh/libsubsys__bluetooth__host__mesh.a(cfg_srv.c.obj)
 .text.gatt_proxy_set
                0x000000000001201c       0xd4 subsys/bluetooth/host/mesh/libsubsys__bluetooth__host__mesh.a(cfg_srv.c.obj)
 .text.bt_mesh_default_ttl_get
                0x00000000000120f0       0x14 subsys/bluetooth/host/mesh/libsubsys__bluetooth__host__mesh.a(cfg_srv.c.obj)
                0x00000000000120f0                bt_mesh_default_ttl_get
 .text.default_ttl_set
                0x0000000000012104       0xc8 subsys/bluetooth/host/mesh/libsubsys__bluetooth__host__mesh.a(cfg_srv.c.obj)
 .text.default_ttl_get
                0x00000000000121cc       0x68 subsys/bluetooth/host/mesh/libsubsys__bluetooth__host__mesh.a(cfg_srv.c.obj)
 .text.bt_mesh_label_uuid_get
                0x0000000000012234       0x60 subsys/bluetooth/host/mesh/libsubsys__bluetooth__host__mesh.a(cfg_srv.c.obj)
                0x0000000000012234                bt_mesh_label_uuid_get
 .text.mod_sub_list_clear
                0x0000000000012294       0xb8 subsys/bluetooth/host/mesh/libsubsys__bluetooth__host__mesh.a(cfg_srv.c.obj)
 .text.mod_sub_va_overwrite
                0x000000000001234c       0xc4 subsys/bluetooth/host/mesh/libsubsys__bluetooth__host__mesh.a(cfg_srv.c.obj)
 .text.mod_sub_overwrite
                0x0000000000012410       0xb0 subsys/bluetooth/host/mesh/libsubsys__bluetooth__host__mesh.a(cfg_srv.c.obj)
 .text.bt_mesh_hb_pub_get
                0x00000000000124c0       0x10 subsys/bluetooth/host/mesh/libsubsys__bluetooth__host__mesh.a(cfg_srv.c.obj)
                0x00000000000124c0                bt_mesh_hb_pub_get
 .text.bt_mesh_cfg_get
                0x00000000000124d0        0xc subsys/bluetooth/host/mesh/libsubsys__bluetooth__host__mesh.a(cfg_srv.c.obj)
                0x00000000000124d0                bt_mesh_cfg_get
 .text.bt_mesh_subnet_del
                0x00000000000124dc       0x7c subsys/bluetooth/host/mesh/libsubsys__bluetooth__host__mesh.a(cfg_srv.c.obj)
                0x00000000000124dc                bt_mesh_subnet_del
 .text.net_key_del
                0x0000000000012558       0x6c subsys/bluetooth/host/mesh/libsubsys__bluetooth__host__mesh.a(cfg_srv.c.obj)
 .text.bt_mesh_cfg_reset
                0x00000000000125c4       0x74 subsys/bluetooth/host/mesh/libsubsys__bluetooth__host__mesh.a(cfg_srv.c.obj)
                0x00000000000125c4                bt_mesh_cfg_reset
 .text.health_period_set_unrel
                0x0000000000012638       0x48 subsys/bluetooth/host/mesh/libsubsys__bluetooth__host__mesh.a(health_srv.c.obj)
 .text.health_get_registered
                0x0000000000012680       0xc0 subsys/bluetooth/host/mesh/libsubsys__bluetooth__host__mesh.a(health_srv.c.obj)
 .text.health_fault_test
                0x0000000000012740       0xb0 subsys/bluetooth/host/mesh/libsubsys__bluetooth__host__mesh.a(health_srv.c.obj)
 .text.health_pub_update
                0x00000000000127f0       0xf4 subsys/bluetooth/host/mesh/libsubsys__bluetooth__host__mesh.a(health_srv.c.obj)
 .text.send_health_period_status
                0x00000000000128e4       0x68 subsys/bluetooth/host/mesh/libsubsys__bluetooth__host__mesh.a(health_srv.c.obj)
 .text.send_attention_status
                0x000000000001294c       0x80 subsys/bluetooth/host/mesh/libsubsys__bluetooth__host__mesh.a(health_srv.c.obj)
 .text.health_fault_clear.part.2
                0x00000000000129cc       0x28 subsys/bluetooth/host/mesh/libsubsys__bluetooth__host__mesh.a(health_srv.c.obj)
 .text.bt_mesh_health_srv_init
                0x00000000000129f4       0x88 subsys/bluetooth/host/mesh/libsubsys__bluetooth__host__mesh.a(health_srv.c.obj)
                0x00000000000129f4                bt_mesh_health_srv_init
 .text.bt_mesh_attention
                0x0000000000012a7c       0x88 subsys/bluetooth/host/mesh/libsubsys__bluetooth__host__mesh.a(health_srv.c.obj)
                0x0000000000012a7c                bt_mesh_attention
 .text.key_update_find
                0x0000000000012b04       0x44 subsys/bluetooth/host/mesh/libsubsys__bluetooth__host__mesh.a(settings.c.obj)
 .text.mesh_x_set
                0x0000000000012b48       0x88 subsys/bluetooth/host/mesh/libsubsys__bluetooth__host__mesh.a(settings.c.obj)
 .text.rpl_set  0x0000000000012bd0      0x178 subsys/bluetooth/host/mesh/libsubsys__bluetooth__host__mesh.a(settings.c.obj)
 .text.hb_pub_set
                0x0000000000012d48       0xd8 subsys/bluetooth/host/mesh/libsubsys__bluetooth__host__mesh.a(settings.c.obj)
 .text.net_key_set
                0x0000000000012e20      0x1bc subsys/bluetooth/host/mesh/libsubsys__bluetooth__host__mesh.a(settings.c.obj)
 .text.store_net_key
                0x0000000000012fdc       0xd8 subsys/bluetooth/host/mesh/libsubsys__bluetooth__host__mesh.a(settings.c.obj)
 .text.store_app_key
                0x00000000000130b4       0xa8 subsys/bluetooth/host/mesh/libsubsys__bluetooth__host__mesh.a(settings.c.obj)
 .text.clear_net_key
                0x000000000001315c       0x8c subsys/bluetooth/host/mesh/libsubsys__bluetooth__host__mesh.a(settings.c.obj)
 .text.mod_set  0x00000000000131e8      0x2e4 subsys/bluetooth/host/mesh/libsubsys__bluetooth__host__mesh.a(settings.c.obj)
 .text.seq_set  0x00000000000134cc       0xb0 subsys/bluetooth/host/mesh/libsubsys__bluetooth__host__mesh.a(settings.c.obj)
 .text.cfg_set  0x000000000001357c       0xb8 subsys/bluetooth/host/mesh/libsubsys__bluetooth__host__mesh.a(settings.c.obj)
 .text.net_set  0x0000000000013634       0xe0 subsys/bluetooth/host/mesh/libsubsys__bluetooth__host__mesh.a(settings.c.obj)
 .text.mesh_set
                0x0000000000013714       0x98 subsys/bluetooth/host/mesh/libsubsys__bluetooth__host__mesh.a(settings.c.obj)
 .text.clear_app_key
                0x00000000000137ac       0x70 subsys/bluetooth/host/mesh/libsubsys__bluetooth__host__mesh.a(settings.c.obj)
 .text.atomic_test_bit.constprop.13
                0x000000000001381c       0x1c subsys/bluetooth/host/mesh/libsubsys__bluetooth__host__mesh.a(settings.c.obj)
 .text.encode_mod_path.constprop.14
                0x0000000000013838       0x2c subsys/bluetooth/host/mesh/libsubsys__bluetooth__host__mesh.a(settings.c.obj)
 .text.store_pending_mod
                0x0000000000013864      0x1f4 subsys/bluetooth/host/mesh/libsubsys__bluetooth__host__mesh.a(settings.c.obj)
 .text.mesh_commit
                0x0000000000013a58      0x1dc subsys/bluetooth/host/mesh/libsubsys__bluetooth__host__mesh.a(settings.c.obj)
 .text.atomic_test_and_clear_bit.constprop.12
                0x0000000000013c34       0x38 subsys/bluetooth/host/mesh/libsubsys__bluetooth__host__mesh.a(settings.c.obj)
 .text.store_pending
                0x0000000000013c6c      0x65c subsys/bluetooth/host/mesh/libsubsys__bluetooth__host__mesh.a(settings.c.obj)
 .text.schedule_store
                0x00000000000142c8       0x9c subsys/bluetooth/host/mesh/libsubsys__bluetooth__host__mesh.a(settings.c.obj)
 .text.iv_set   0x0000000000014364      0x10c subsys/bluetooth/host/mesh/libsubsys__bluetooth__host__mesh.a(settings.c.obj)
 .text.commit_mod
                0x0000000000014470       0x60 subsys/bluetooth/host/mesh/libsubsys__bluetooth__host__mesh.a(settings.c.obj)
 .text.app_key_set
                0x00000000000144d0      0x144 subsys/bluetooth/host/mesh/libsubsys__bluetooth__host__mesh.a(settings.c.obj)
 .text.bt_mesh_store_seq
                0x0000000000014614       0x14 subsys/bluetooth/host/mesh/libsubsys__bluetooth__host__mesh.a(settings.c.obj)
                0x0000000000014614                bt_mesh_store_seq
 .text.bt_mesh_store_subnet
                0x0000000000014628       0x78 subsys/bluetooth/host/mesh/libsubsys__bluetooth__host__mesh.a(settings.c.obj)
                0x0000000000014628                bt_mesh_store_subnet
 .text.bt_mesh_store_app_key
                0x00000000000146a0       0x78 subsys/bluetooth/host/mesh/libsubsys__bluetooth__host__mesh.a(settings.c.obj)
                0x00000000000146a0                bt_mesh_store_app_key
 .text.bt_mesh_clear_subnet
                0x0000000000014718       0x78 subsys/bluetooth/host/mesh/libsubsys__bluetooth__host__mesh.a(settings.c.obj)
                0x0000000000014718                bt_mesh_clear_subnet
 .text.bt_mesh_clear_app_key
                0x0000000000014790       0x78 subsys/bluetooth/host/mesh/libsubsys__bluetooth__host__mesh.a(settings.c.obj)
                0x0000000000014790                bt_mesh_clear_app_key
 .text.bt_mesh_settings_init
                0x0000000000014808       0x10 subsys/bluetooth/host/mesh/libsubsys__bluetooth__host__mesh.a(settings.c.obj)
                0x0000000000014808                bt_mesh_settings_init
 .text.adv_alloc
                0x0000000000014818       0x10 subsys/bluetooth/host/mesh/libsubsys__bluetooth__host__mesh.a(friend.c.obj)
 .text.friend_clear
                0x0000000000014828       0xa4 subsys/bluetooth/host/mesh/libsubsys__bluetooth__host__mesh.a(friend.c.obj)
 .text.friend_purge_old_ack
                0x00000000000148cc       0xc4 subsys/bluetooth/host/mesh/libsubsys__bluetooth__host__mesh.a(friend.c.obj)
 .text.send_friend_clear
                0x0000000000014990       0xa8 subsys/bluetooth/host/mesh/libsubsys__bluetooth__host__mesh.a(friend.c.obj)
 .text.k_delayed_work_submit
                0x0000000000014a38       0x10 subsys/bluetooth/host/mesh/libsubsys__bluetooth__host__mesh.a(friend.c.obj)
 .text.friend_recv_delay
                0x0000000000014a48       0x4c subsys/bluetooth/host/mesh/libsubsys__bluetooth__host__mesh.a(friend.c.obj)
 .text.buf_send_end
                0x0000000000014a94       0xac subsys/bluetooth/host/mesh/libsubsys__bluetooth__host__mesh.a(friend.c.obj)
 .text.create_friend_pdu
                0x0000000000014b40      0x204 subsys/bluetooth/host/mesh/libsubsys__bluetooth__host__mesh.a(friend.c.obj)
 .text.clear_timeout
                0x0000000000014d44       0x88 subsys/bluetooth/host/mesh/libsubsys__bluetooth__host__mesh.a(friend.c.obj)
 .text.friend_timeout
                0x0000000000014dcc      0x120 subsys/bluetooth/host/mesh/libsubsys__bluetooth__host__mesh.a(friend.c.obj)
 .text.buf_send_start
                0x0000000000014eec       0x4c subsys/bluetooth/host/mesh/libsubsys__bluetooth__host__mesh.a(friend.c.obj)
 .text.bt_mesh_friend_match.part.12
                0x0000000000014f38       0x94 subsys/bluetooth/host/mesh/libsubsys__bluetooth__host__mesh.a(friend.c.obj)
 .text.encode_friend_ctl
                0x0000000000014fcc       0x90 subsys/bluetooth/host/mesh/libsubsys__bluetooth__host__mesh.a(friend.c.obj)
 .text.enqueue_sub_cfm
                0x000000000001505c       0xb8 subsys/bluetooth/host/mesh/libsubsys__bluetooth__host__mesh.a(friend.c.obj)
 .text.enqueue_update
                0x0000000000015114       0xc0 subsys/bluetooth/host/mesh/libsubsys__bluetooth__host__mesh.a(friend.c.obj)
 .text.enqueue_friend_pdu
                0x00000000000151d4       0xf8 subsys/bluetooth/host/mesh/libsubsys__bluetooth__host__mesh.a(friend.c.obj)
 .text.bt_mesh_friend_find
                0x00000000000152cc       0xac subsys/bluetooth/host/mesh/libsubsys__bluetooth__host__mesh.a(friend.c.obj)
                0x00000000000152cc                bt_mesh_friend_find
 .text.bt_mesh_friend_clear_net_idx
                0x0000000000015378       0x7c subsys/bluetooth/host/mesh/libsubsys__bluetooth__host__mesh.a(friend.c.obj)
                0x0000000000015378                bt_mesh_friend_clear_net_idx
 .text.bt_mesh_friend_sec_update
                0x00000000000153f4       0x80 subsys/bluetooth/host/mesh/libsubsys__bluetooth__host__mesh.a(friend.c.obj)
                0x00000000000153f4                bt_mesh_friend_sec_update
 .text.bt_mesh_friend_clear
                0x0000000000015474      0x13c subsys/bluetooth/host/mesh/libsubsys__bluetooth__host__mesh.a(friend.c.obj)
                0x0000000000015474                bt_mesh_friend_clear
 .text.bt_mesh_friend_sub_add
                0x00000000000155b0       0xf4 subsys/bluetooth/host/mesh/libsubsys__bluetooth__host__mesh.a(friend.c.obj)
                0x00000000000155b0                bt_mesh_friend_sub_add
 .text.bt_mesh_friend_sub_rem
                0x00000000000156a4       0xe4 subsys/bluetooth/host/mesh/libsubsys__bluetooth__host__mesh.a(friend.c.obj)
                0x00000000000156a4                bt_mesh_friend_sub_rem
 .text.bt_mesh_friend_poll
                0x0000000000015788      0x174 subsys/bluetooth/host/mesh/libsubsys__bluetooth__host__mesh.a(friend.c.obj)
                0x0000000000015788                bt_mesh_friend_poll
 .text.bt_mesh_friend_clear_cfm
                0x00000000000158fc       0xf8 subsys/bluetooth/host/mesh/libsubsys__bluetooth__host__mesh.a(friend.c.obj)
                0x00000000000158fc                bt_mesh_friend_clear_cfm
 .text.bt_mesh_friend_req
                0x00000000000159f4      0x39c subsys/bluetooth/host/mesh/libsubsys__bluetooth__host__mesh.a(friend.c.obj)
                0x00000000000159f4                bt_mesh_friend_req
 .text.bt_mesh_friend_init
                0x0000000000015d90       0x64 subsys/bluetooth/host/mesh/libsubsys__bluetooth__host__mesh.a(friend.c.obj)
                0x0000000000015d90                bt_mesh_friend_init
 .text.bt_mesh_friend_enqueue_rx
                0x0000000000015df4      0x19c subsys/bluetooth/host/mesh/libsubsys__bluetooth__host__mesh.a(friend.c.obj)
                0x0000000000015df4                bt_mesh_friend_enqueue_rx
 .text.bt_mesh_friend_enqueue_tx
                0x0000000000015f90      0x1a4 subsys/bluetooth/host/mesh/libsubsys__bluetooth__host__mesh.a(friend.c.obj)
                0x0000000000015f90                bt_mesh_friend_enqueue_tx
 .text.bt_mesh_friend_clear_incomplete
                0x0000000000016134       0xc0 subsys/bluetooth/host/mesh/libsubsys__bluetooth__host__mesh.a(friend.c.obj)
                0x0000000000016134                bt_mesh_friend_clear_incomplete
 .text.ack_complete
                0x00000000000161f4        0xc subsys/bluetooth/host/mesh/libsubsys__bluetooth__host__mesh.a(prov.c.obj)
 .text.free_segments
                0x0000000000016200       0x2c subsys/bluetooth/host/mesh/libsubsys__bluetooth__host__mesh.a(prov.c.obj)
 .text.prov_clear_tx
                0x000000000001622c       0x14 subsys/bluetooth/host/mesh/libsubsys__bluetooth__host__mesh.a(prov.c.obj)
 .text.gen_prov_ack
                0x0000000000016240       0x1c subsys/bluetooth/host/mesh/libsubsys__bluetooth__host__mesh.a(prov.c.obj)
 .text.send_reliable
                0x000000000001625c       0x44 subsys/bluetooth/host/mesh/libsubsys__bluetooth__host__mesh.a(prov.c.obj)
 .text.prov_failed
                0x00000000000162a0       0x2c subsys/bluetooth/host/mesh/libsubsys__bluetooth__host__mesh.a(prov.c.obj)
 .text.adv_buf_create
                0x00000000000162cc       0x40 subsys/bluetooth/host/mesh/libsubsys__bluetooth__host__mesh.a(prov.c.obj)
 .text.prov_send
                0x000000000001630c      0x16c subsys/bluetooth/host/mesh/libsubsys__bluetooth__host__mesh.a(prov.c.obj)
 .text.bearer_ctl_send
                0x0000000000016478       0x60 subsys/bluetooth/host/mesh/libsubsys__bluetooth__host__mesh.a(prov.c.obj)
 .text.gen_prov_ack_send
                0x00000000000164d8       0x68 subsys/bluetooth/host/mesh/libsubsys__bluetooth__host__mesh.a(prov.c.obj)
 .text.prov_start
                0x0000000000016540      0x218 subsys/bluetooth/host/mesh/libsubsys__bluetooth__host__mesh.a(prov.c.obj)
 .text.atomic_test_bit.constprop.26
                0x0000000000016758       0x1c subsys/bluetooth/host/mesh/libsubsys__bluetooth__host__mesh.a(prov.c.obj)
 .text.buf_sent
                0x0000000000016774       0x20 subsys/bluetooth/host/mesh/libsubsys__bluetooth__host__mesh.a(prov.c.obj)
 .text.atomic_test_and_clear_bit.constprop.24
                0x0000000000016794       0x38 subsys/bluetooth/host/mesh/libsubsys__bluetooth__host__mesh.a(prov.c.obj)
 .text.reset_link
                0x00000000000167cc       0x58 subsys/bluetooth/host/mesh/libsubsys__bluetooth__host__mesh.a(prov.c.obj)
 .text.gen_prov_ctl
                0x0000000000016824      0x118 subsys/bluetooth/host/mesh/libsubsys__bluetooth__host__mesh.a(prov.c.obj)
 .text.prov_retransmit
                0x000000000001693c       0xbc subsys/bluetooth/host/mesh/libsubsys__bluetooth__host__mesh.a(prov.c.obj)
 .text.bt_mesh_pb_gatt_recv
                0x00000000000169f8      0x10c subsys/bluetooth/host/mesh/libsubsys__bluetooth__host__mesh.a(prov.c.obj)
                0x00000000000169f8                bt_mesh_pb_gatt_recv
 .text.bt_mesh_pb_gatt_open
                0x0000000000016b04       0x40 subsys/bluetooth/host/mesh/libsubsys__bluetooth__host__mesh.a(prov.c.obj)