Archive member included to satisfy reference by file (symbol)

../app/libapp.a(main.c.obj)   (--whole-archive)
libzephyr.a(isr_tables.c.obj)
                              (--whole-archive)
libzephyr.a(sw_isr_common.c.obj)
                              (--whole-archive)
libzephyr.a(crc32_sw.c.obj)   (--whole-archive)
libzephyr.a(crc16_sw.c.obj)   (--whole-archive)
libzephyr.a(crc8_sw.c.obj)    (--whole-archive)
libzephyr.a(crc7_sw.c.obj)    (--whole-archive)
libzephyr.a(fdtable.c.obj)    (--whole-archive)
libzephyr.a(mempool.c.obj)    (--whole-archive)
libzephyr.a(rb.c.obj)         (--whole-archive)
libzephyr.a(thread_entry.c.obj)
                              (--whole-archive)
libzephyr.a(work_q.c.obj)     (--whole-archive)
libzephyr.a(printk.c.obj)     (--whole-archive)
libzephyr.a(configs.c.obj)    (--whole-archive)
libzephyr.a(soc.c.obj)        (--whole-archive)
libzephyr.a(power.c.obj)      (--whole-archive)
libzephyr.a(mpu_regions.c.obj)
                              (--whole-archive)
libzephyr.a(utils.c.obj)      (--whole-archive)
libzephyr.a(ecc_dh.c.obj)     (--whole-archive)
libzephyr.a(ecc.c.obj)        (--whole-archive)
libzephyr.a(aes_decrypt.c.obj)
                              (--whole-archive)
libzephyr.a(aes_encrypt.c.obj)
                              (--whole-archive)
libzephyr.a(cmac_mode.c.obj)  (--whole-archive)
libzephyr.a(system_nrf52.c.obj)
                              (--whole-archive)
libzephyr.a(nrfx_glue.c.obj)  (--whole-archive)
libzephyr.a(SEGGER_RTT.c.obj)
                              (--whole-archive)
libzephyr.a(SEGGER_RTT_zephyr.c.obj)
                              (--whole-archive)
libzephyr.a(log_list.c.obj)   (--whole-archive)
libzephyr.a(log_core.c.obj)   (--whole-archive)
libzephyr.a(log_msg.c.obj)    (--whole-archive)
libzephyr.a(log_output.c.obj)
                              (--whole-archive)
libzephyr.a(log_backend_uart.c.obj)
                              (--whole-archive)
libzephyr.a(log_backend_rtt.c.obj)
                              (--whole-archive)
libzephyr.a(fcb_append.c.obj)
                              (--whole-archive)
libzephyr.a(fcb.c.obj)        (--whole-archive)
libzephyr.a(fcb_elem_info.c.obj)
                              (--whole-archive)
libzephyr.a(fcb_getnext.c.obj)
                              (--whole-archive)
libzephyr.a(fcb_rotate.c.obj)
                              (--whole-archive)
libzephyr.a(fcb_walk.c.obj)   (--whole-archive)
libzephyr.a(rand32_entropy_device.c.obj)
                              (--whole-archive)
libzephyr.a(flash_map.c.obj)  (--whole-archive)
libzephyr.a(flash_map_default.c.obj)
                              (--whole-archive)
libzephyr.a(settings_store.c.obj)
                              (--whole-archive)
libzephyr.a(settings.c.obj)   (--whole-archive)
libzephyr.a(settings_init.c.obj)
                              (--whole-archive)
libzephyr.a(settings_line.c.obj)
                              (--whole-archive)
libzephyr.a(settings_fcb.c.obj)
                              (--whole-archive)
libzephyr.a(power.c.obj)      (--whole-archive)
libzephyr.a(policy_residency.c.obj)
                              (--whole-archive)
libzephyr.a(uart_console.c.obj)
                              (--whole-archive)
libzephyr.a(rtt_console.c.obj)
                              (--whole-archive)
libzephyr.a(nrf_power_clock.c.obj)
                              (--whole-archive)
libzephyr.a(sys_clock_init.c.obj)
                              (--whole-archive)
libzephyr.a(nrf_rtc_timer.c.obj)
                              (--whole-archive)
arch/arch/arm/core/libarch__arm__core.a(exc_exit.S.obj)
                              (--whole-archive)
arch/arch/arm/core/libarch__arm__core.a(irq_init.c.obj)
                              (--whole-archive)
arch/arch/arm/core/libarch__arm__core.a(swap.c.obj)
                              (--whole-archive)
arch/arch/arm/core/libarch__arm__core.a(swap_helper.S.obj)
                              (--whole-archive)
arch/arch/arm/core/libarch__arm__core.a(fault.c.obj)
                              (--whole-archive)
arch/arch/arm/core/libarch__arm__core.a(irq_manage.c.obj)
                              (--whole-archive)
arch/arch/arm/core/libarch__arm__core.a(thread.c.obj)
                              (--whole-archive)
arch/arch/arm/core/libarch__arm__core.a(cpu_idle.S.obj)
                              (--whole-archive)
arch/arch/arm/core/libarch__arm__core.a(fault_s.S.obj)
                              (--whole-archive)
arch/arch/arm/core/libarch__arm__core.a(fatal.c.obj)
                              (--whole-archive)
arch/arch/arm/core/libarch__arm__core.a(sys_fatal_error_handler.c.obj)
                              (--whole-archive)
arch/arch/arm/core/libarch__arm__core.a(thread_abort.c.obj)
                              (--whole-archive)
arch/arch/arm/core/libarch__arm__core.a(isr_wrapper.S.obj)
                              (--whole-archive)
[...]
Memory Configuration

Name             Origin             Length             Attributes
FLASH            0x0000000000000000 0x0000000000080000 xr
SRAM             0x0000000020000000 0x0000000000010000 xw
IDT_LIST         0x0000000020010000 0x0000000000000800 xw
*default*        0x0000000000000000 0xffffffffffffffff

Linker script and memory map

LOAD CMakeFiles/kernel_elf.dir/misc/empty_file.c.obj
LOAD CMakeFiles/kernel_elf.dir/isr_tables.c.obj
LOAD ../app/libapp.a
LOAD libzephyr.a
LOAD arch/arch/arm/core/libarch__arm__core.a
LOAD arch/arch/arm/core/cortex_m/libarch__arm__core__cortex_m.a
LOAD arch/arch/arm/core/cortex_m/mpu/libarch__arm__core__cortex_m__mpu.a
LOAD lib/libc/minimal/liblib__libc__minimal.a
LOAD subsys/bluetooth/common/libsubsys__bluetooth__common.a
LOAD subsys/bluetooth/host/libsubsys__bluetooth__host.a
LOAD subsys/bluetooth/host/mesh/libsubsys__bluetooth__host__mesh.a
LOAD subsys/bluetooth/controller/libsubsys__bluetooth__controller.a
LOAD subsys/net/libsubsys__net.a
LOAD drivers/gpio/libdrivers__gpio.a
LOAD drivers/flash/libdrivers__flash.a
LOAD drivers/serial/libdrivers__serial.a
LOAD drivers/entropy/libdrivers__entropy.a
LOAD kernel/libkernel.a
LOAD CMakeFiles/offsets.dir/arch/arm/core/offsets/offsets.c.obj
LOAD /opt/zephyr-sdk/arm-zephyr-eabi/bin/../lib/gcc/arm-zephyr-eabi/8.3.0/thumb/v7e-m/nofp/libgcc.a
                0x0000000000000020                _region_min_align = 0x20

.rel.plt        0x0000000000000000        0x0
 *(SORT_BY_ALIGNMENT(.rel.plt))
                [!provide]                        PROVIDE (__rel_iplt_start = .)
 *(SORT_BY_ALIGNMENT(.rel.iplt))
 .rel.iplt      0x0000000000000000        0x0 CMakeFiles/kernel_elf.dir/isr_tables.c.obj
                [!provide]                        PROVIDE (__rel_iplt_end = .)

.rela.plt       0x0000000000000000        0x0
 *(SORT_BY_ALIGNMENT(.rela.plt))
                [!provide]                        PROVIDE (__rela_iplt_start = .)
 *(SORT_BY_ALIGNMENT(.rela.iplt))
                [!provide]                        PROVIDE (__rela_iplt_end = .)

.rel.dyn
 *(SORT_BY_ALIGNMENT(.rel.*))

.rela.dyn
 *(SORT_BY_ALIGNMENT(.rela.*))

/DISCARD/
 *(SORT_BY_ALIGNMENT(.plt))
 *(SORT_BY_ALIGNMENT(.iplt))
 *(SORT_BY_ALIGNMENT(.got.plt))
 *(SORT_BY_ALIGNMENT(.igot.plt))
 *(SORT_BY_ALIGNMENT(.got))
 *(SORT_BY_ALIGNMENT(.igot))
 *(SORT_BY_ALIGNMENT(.irq_info))
 *(SORT_BY_ALIGNMENT(.intList))
                0x0000000000000000                _image_rom_start = 0x0

text            0x0000000000000000       0xdc
                0x0000000000000000                . = 0x0
                0x0000000000000000                _vector_start = .
 *(SORT_BY_ALIGNMENT(.exc_vector_table))
 *(SORT_BY_ALIGNMENT(.exc_vector_table.*))
 .exc_vector_table._vector_table_section
                0x0000000000000000       0x40 arch/arch/arm/core/cortex_m/libarch__arm__core__cortex_m.a(vector_table.S.obj)
                0x0000000000000000                _vector_table
 *(SORT_BY_ALIGNMENT(.gnu.linkonce.irq_vector_table))
 .gnu.linkonce.irq_vector_table
                0x0000000000000040       0x9c CMakeFiles/kernel_elf.dir/isr_tables.c.obj
                0x0000000000000040                _irq_vector_table
 *(SORT_BY_ALIGNMENT(.vectors))
 *(SORT_BY_ALIGNMENT(.openocd_dbg))
 *(SORT_BY_ALIGNMENT(.openocd_dbg.*))
 *(SORT_BY_ALIGNMENT(.kinetis_flash_config))
 *(SORT_BY_ALIGNMENT(.kinetis_flash_config.*))
                0x00000000000000dc                _vector_end = .

_TEXT_SECTION_NAME_2
                0x00000000000000e0    0x230ce
                0x00000000000000e0                _image_text_start = .
 *(SORT_BY_ALIGNMENT(.text))
 .text          0x00000000000000e0       0xa0 /opt/zephyr-sdk/arm-zephyr-eabi/bin/../lib/gcc/arm-zephyr-eabi/8.3.0/thumb/v7e-m/nofp/libgcc.a(_aeabi_ldivmod.o)
                0x00000000000000e0                __aeabi_ldivmod
 .text          0x0000000000000180       0x30 /opt/zephyr-sdk/arm-zephyr-eabi/bin/../lib/gcc/arm-zephyr-eabi/8.3.0/thumb/v7e-m/nofp/libgcc.a(_aeabi_uldivmod.o)
                0x0000000000000180                __aeabi_uldivmod
 .text          0x00000000000001b0        0x4 /opt/zephyr-sdk/arm-zephyr-eabi/bin/../lib/gcc/arm-zephyr-eabi/8.3.0/thumb/v7e-m/nofp/libgcc.a(_dvmd_tls.o)
                0x00000000000001b0                __aeabi_ldiv0
                0x00000000000001b0                __aeabi_idiv0
 .text          0x00000000000001b4       0x26 /opt/zephyr-sdk/arm-zephyr-eabi/bin/../lib/gcc/arm-zephyr-eabi/8.3.0/thumb/v7e-m/nofp/libgcc.a(_popcountsi2.o)
                0x00000000000001b4                __popcountsi2
 .text          0x00000000000001da      0x2b4 /opt/zephyr-sdk/arm-zephyr-eabi/bin/../lib/gcc/arm-zephyr-eabi/8.3.0/thumb/v7e-m/nofp/libgcc.a(_udivmoddi4.o)
                0x00000000000001da                __udivmoddi4
 *(SORT_BY_ALIGNMENT(.text.*))
 *fill*         0x000000000000048e        0x2 
 .text.event_slave_prepare
                0x0000000000000490      0x948 subsys/bluetooth/controller/libsubsys__bluetooth__controller.a(ctrl.c.obj)
 .text.isr      0x0000000000000dd8     0x1894 subsys/bluetooth/controller/libsubsys__bluetooth__controller.a(ctrl.c.obj)
 *fill*         0x000000000000266c        0x4 
 .text.radio_adv_enable
                0x0000000000002670      0x2a8 subsys/bluetooth/controller/libsubsys__bluetooth__controller.a(ctrl.c.obj)
                0x0000000000002670                radio_adv_enable
 .text.radio_scan_enable
                0x0000000000002918      0x158 subsys/bluetooth/controller/libsubsys__bluetooth__controller.a(ctrl.c.obj)
                0x0000000000002918                radio_scan_enable
 .text.erase_op
                0x0000000000002a70       0xa8 drivers/flash/libdrivers__flash.a(soc_flash_nrf.c.obj)
 .text.work_in_time_slice
                0x0000000000002b18       0xe8 drivers/flash/libdrivers__flash.a(soc_flash_nrf.c.obj)
 .text.write_op
                0x0000000000002c00      0x134 drivers/flash/libdrivers__flash.a(soc_flash_nrf.c.obj)
 .text.gen_onoff_status
                0x0000000000002d34       0x28 ../app/libapp.a(main.c.obj)
 .text.prov_complete
                0x0000000000002d5c       0x1c ../app/libapp.a(main.c.obj)
 .text.output_string
                0x0000000000002d78       0x14 ../app/libapp.a(main.c.obj)
 .text.output_number
                0x0000000000002d8c       0x10 ../app/libapp.a(main.c.obj)
 .text.gen_onoff_get
                0x0000000000002d9c       0x58 ../app/libapp.a(main.c.obj)
 .text.bt_ready
                0x0000000000002df4       0x78 ../app/libapp.a(main.c.obj)
 .text.button_pressed
                0x0000000000002e6c       0x94 ../app/libapp.a(main.c.obj)
 .text.button_cnt_timer
                0x0000000000002f00       0x5c ../app/libapp.a(main.c.obj)
 .text.gen_onoff_set_unack
                0x0000000000002f5c       0x84 ../app/libapp.a(main.c.obj)
 .text.button_pressed_worker
                0x0000000000002fe0       0xac ../app/libapp.a(main.c.obj)
 .text.gen_onoff_set
                0x000000000000308c       0x2c ../app/libapp.a(main.c.obj)
 .text.init_led
                0x00000000000030b8       0x38 ../app/libapp.a(main.c.obj)
                0x00000000000030b8                init_led
 .text.main     0x00000000000030f0      0x100 ../app/libapp.a(main.c.obj)
                0x00000000000030f0                main
 .text.crc8_ccitt
                0x00000000000031f0       0x2c libzephyr.a(crc8_sw.c.obj)
                0x00000000000031f0                crc8_ccitt
 .text.char_out
                0x000000000000321c       0x10 libzephyr.a(printk.c.obj)
 .text._printk_dec_ulong
                0x000000000000322c       0xa0 libzephyr.a(printk.c.obj)
 .text.__printk_hook_install
                0x00000000000032cc        0xc libzephyr.a(printk.c.obj)
                0x00000000000032cc                __printk_hook_install
 .text.vprintk  0x00000000000032d8       0x1c libzephyr.a(printk.c.obj)
                0x00000000000032d8                vprintk
 .text.snprintk
                0x00000000000032f4       0x38 libzephyr.a(printk.c.obj)
                0x00000000000032f4                snprintk
 .text.nordicsemi_nrf52_init
                0x000000000000332c       0x40 libzephyr.a(soc.c.obj)
 .text.z_arch_busy_wait
                0x000000000000336c       0x14 libzephyr.a(soc.c.obj)
                0x000000000000336c                z_arch_busy_wait
 .text.uECC_get_rng
                0x0000000000003380        0xc libzephyr.a(ecc.c.obj)
                0x0000000000003380                uECC_get_rng
 .text.vli_mmod_fast_secp256r1
                0x000000000000338c      0x1a0 libzephyr.a(ecc.c.obj)
                0x000000000000338c                vli_mmod_fast_secp256r1
 .text.tc_aes128_set_encrypt_key
                0x000000000000352c       0xac libzephyr.a(aes_encrypt.c.obj)
                0x000000000000352c                tc_aes128_set_encrypt_key
 .text.tc_aes_encrypt
                0x00000000000035d8       0xd4 libzephyr.a(aes_encrypt.c.obj)
                0x00000000000035d8                tc_aes_encrypt
 .text.errata_12
                0x00000000000036ac       0x40 libzephyr.a(system_nrf52.c.obj)
 .text.errata_16
                0x00000000000036ec       0x34 libzephyr.a(system_nrf52.c.obj)
 .text.SystemInit
                0x0000000000003720      0x248 libzephyr.a(system_nrf52.c.obj)
                0x0000000000003720                SystemInit
 .text._DoInit  0x0000000000003968       0x60 libzephyr.a(SEGGER_RTT.c.obj)
 .text.SEGGER_RTT_WriteSkipNoLock
                0x00000000000039c8       0x90 libzephyr.a(SEGGER_RTT.c.obj)
                0x00000000000039c8                SEGGER_RTT_WriteSkipNoLock
 .text.SEGGER_RTT_WriteNoLock
                0x0000000000003a58       0x68 libzephyr.a(SEGGER_RTT.c.obj)
                0x0000000000003a58                SEGGER_RTT_WriteNoLock
 .text.SEGGER_RTT_HasDataUp
                0x0000000000003ac0       0x14 libzephyr.a(SEGGER_RTT.c.obj)
                0x0000000000003ac0                SEGGER_RTT_HasDataUp
 .text.z_log_msg_std_alloc
                0x0000000000003ad4       0x2c libzephyr.a(log_core.c.obj)
 .text.enable_logger
                0x0000000000003b00       0x44 libzephyr.a(log_core.c.obj)
 .text.log_core_init
                0x0000000000003b44       0x40 libzephyr.a(log_core.c.obj)
                0x0000000000003b44                log_core_init
 .text.dropped_notify
                0x0000000000003b84       0x4c libzephyr.a(log_core.c.obj)
                0x0000000000003b84                dropped_notify
 .text.log_process
                0x0000000000003bd0       0xa8 libzephyr.a(log_core.c.obj)
                0x0000000000003bd0                log_process
 .text.msg_finalize
                0x0000000000003c78       0x7c libzephyr.a(log_core.c.obj)
 .text.log_dropped
                0x0000000000003cf4       0x20 libzephyr.a(log_core.c.obj)
                0x0000000000003cf4                log_dropped
 .text.log_source_name_get
                0x0000000000003d14       0x1c libzephyr.a(log_core.c.obj)
                0x0000000000003d14                log_source_name_get
 .text.log_backend_enable
                0x0000000000003d30       0x24 libzephyr.a(log_core.c.obj)
                0x0000000000003d30                log_backend_enable
 .text.log_init
                0x0000000000003d54       0x54 libzephyr.a(log_core.c.obj)
                0x0000000000003d54                log_init
 .text.log_panic
                0x0000000000003da8       0x48 libzephyr.a(log_core.c.obj)
                0x0000000000003da8                log_panic
 .text.log_process_thread_func
                0x0000000000003df0       0x38 libzephyr.a(log_core.c.obj)
 .text.log_strdup
                0x0000000000003e28       0x54 libzephyr.a(log_core.c.obj)
                0x0000000000003e28                log_strdup
 .text.log_is_strdup
                0x0000000000003e7c       0x1c libzephyr.a(log_core.c.obj)
                0x0000000000003e7c                log_is_strdup
 .text.log_free
                0x0000000000003e98       0x34 libzephyr.a(log_core.c.obj)
                0x0000000000003e98                log_free
 .text.log_msg_pool_init
                0x0000000000003ecc       0x14 libzephyr.a(log_msg.c.obj)
                0x0000000000003ecc                log_msg_pool_init
 .text.log_msg_no_space_handle
                0x0000000000003ee0       0x30 libzephyr.a(log_msg.c.obj)
                0x0000000000003ee0                log_msg_no_space_handle
 .text.log_msg_chunk_alloc
                0x0000000000003f10       0x24 libzephyr.a(log_msg.c.obj)
 .text.msg_free
                0x0000000000003f34       0x64 libzephyr.a(log_msg.c.obj)
 .text.print_formatted
                0x0000000000003f98       0x24 libzephyr.a(log_output.c.obj)
 .text.prefix_print
                0x0000000000003fbc      0x114 libzephyr.a(log_output.c.obj)
 .text.hexdump_line_print
                0x00000000000040d0       0xb8 libzephyr.a(log_output.c.obj)
 .text.postfix_print
                0x0000000000004188       0x3c libzephyr.a(log_output.c.obj)
 .text.log_output_msg_process
                0x00000000000041c4       0xec libzephyr.a(log_output.c.obj)
                0x00000000000041c4                log_output_msg_process
 .text.log_output_dropped_process
                0x00000000000042b0       0x54 libzephyr.a(log_output.c.obj)
                0x00000000000042b0                log_output_dropped_process
 .text.log_output_timestamp_freq_set
                0x0000000000004304       0x30 libzephyr.a(log_output.c.obj)
                0x0000000000004304                log_output_timestamp_freq_set
 .text.log_backend_uart_init
                0x0000000000004334       0x18 libzephyr.a(log_backend_uart.c.obj)
 .text.panic    0x000000000000434c        0xc libzephyr.a(log_backend_uart.c.obj)
 .text.dropped  0x0000000000004358        0xc libzephyr.a(log_backend_uart.c.obj)
 .text.put      0x0000000000004364       0x24 libzephyr.a(log_backend_uart.c.obj)
 .text.log_backend_rtt_init
                0x0000000000004388       0x18 libzephyr.a(log_backend_rtt.c.obj)
 .text.panic    0x00000000000043a0       0x18 libzephyr.a(log_backend_rtt.c.obj)
 .text.dropped  0x00000000000043b8        0xc libzephyr.a(log_backend_rtt.c.obj)
 .text.put      0x00000000000043c4       0x24 libzephyr.a(log_backend_rtt.c.obj)
 .text.on_failed_write.part.0
                0x00000000000043e8       0x18 libzephyr.a(log_backend_rtt.c.obj)
 .text.data_out_block_mode
                0x0000000000004400       0x98 libzephyr.a(log_backend_rtt.c.obj)
 .text.sys_rand32_get
                0x0000000000004498       0x50 libzephyr.a(rand32_entropy_device.c.obj)
                0x0000000000004498                sys_rand32_get
 .text.get_flash_area_from_id
                0x00000000000044e8       0x2c libzephyr.a(flash_map.c.obj)
 .text.flash_area_open
                0x0000000000004514       0x28 libzephyr.a(flash_map.c.obj)
                0x0000000000004514                flash_area_open
 .text.flash_area_get_sectors
                0x000000000000453c       0x48 libzephyr.a(flash_map.c.obj)
                0x000000000000453c                flash_area_get_sectors
 .text.settings_save_one
                0x0000000000004584       0x54 libzephyr.a(settings_store.c.obj)
                0x0000000000004584                settings_save_one
 .text.settings_load_cb
                0x00000000000045d8       0x40 libzephyr.a(settings_store.c.obj)
 .text.settings_src_register
                0x0000000000004618       0x40 libzephyr.a(settings_store.c.obj)
                0x0000000000004618                settings_src_register
 .text.settings_dst_register
                0x0000000000004658        0xc libzephyr.a(settings_store.c.obj)
                0x0000000000004658                settings_dst_register
 .text.settings_load
                0x0000000000004664       0x30 libzephyr.a(settings_store.c.obj)
                0x0000000000004664                settings_load
 .text.settings_store_init
                0x0000000000004694       0x10 libzephyr.a(settings_store.c.obj)
                0x0000000000004694                settings_store_init
 .text.settings_handler_lookup
                0x00000000000046a4       0x24 libzephyr.a(settings.c.obj)
 .text.settings_init
                0x00000000000046c8       0x20 libzephyr.a(settings.c.obj)
                0x00000000000046c8                settings_init
 .text.settings_register
                0x00000000000046e8       0x28 libzephyr.a(settings.c.obj)
                0x00000000000046e8                settings_register
 .text.settings_commit
                0x0000000000004710       0x4c libzephyr.a(settings.c.obj)
                0x0000000000004710                settings_commit
 .text.settings_subsys_init
                0x000000000000475c       0x90 libzephyr.a(settings_init.c.obj)
                0x000000000000475c                settings_subsys_init
 .text.settings_line_raw_read_until
                0x00000000000047ec       0xa8 libzephyr.a(settings_line.c.obj)
 .text.settings_line_write
                0x0000000000004894       0xc4 libzephyr.a(settings_line.c.obj)
                0x0000000000004894                settings_line_write
 .text.settings_line_val_get_len
                0x0000000000004958       0x14 libzephyr.a(settings_line.c.obj)
                0x0000000000004958                settings_line_val_get_len
 .text.settings_entry_copy
                0x000000000000496c       0x54 libzephyr.a(settings_line.c.obj)
                0x000000000000496c                settings_entry_copy
 .text.settings_line_io_init
                0x00000000000049c0       0x14 libzephyr.a(settings_line.c.obj)
                0x00000000000049c0                settings_line_io_init
 .text.settings_fcb_save
                0x00000000000049d4      0x1a4 libzephyr.a(settings_fcb.c.obj)
 .text.settings_fcb_load
                0x0000000000004b78       0x24 libzephyr.a(settings_fcb.c.obj)
 .text.settings_fcb_src
                0x0000000000004b9c       0x54 libzephyr.a(settings_fcb.c.obj)
                0x0000000000004b9c                settings_fcb_src
 .text.settings_fcb_dst
                0x0000000000004bf0       0x14 libzephyr.a(settings_fcb.c.obj)
                0x0000000000004bf0                settings_fcb_dst
 .text.settings_mount_fcb_backend
                0x0000000000004c04       0x1c libzephyr.a(settings_fcb.c.obj)
                0x0000000000004c04                settings_mount_fcb_backend
 .text.console_out
                0x0000000000004c20       0x28 libzephyr.a(uart_console.c.obj)
 .text.uart_console_hook_install
                0x0000000000004c48       0x18 libzephyr.a(uart_console.c.obj)
                0x0000000000004c48                uart_console_hook_install
 .text.uart_console_init
                0x0000000000004c60       0x1c libzephyr.a(uart_console.c.obj)
 .text.rtt_console_init
                0x0000000000004c7c       0x18 libzephyr.a(rtt_console.c.obj)
 .text.rtt_console_out
                0x0000000000004c94       0x68 libzephyr.a(rtt_console.c.obj)
 .text._m16src_stop
                0x0000000000004cfc       0x70 libzephyr.a(nrf_power_clock.c.obj)
 .text._m16src_start
                0x0000000000004d6c       0xc0 libzephyr.a(nrf_power_clock.c.obj)
 .text._k32src_start
                0x0000000000004e2c       0xac libzephyr.a(nrf_power_clock.c.obj)
 .text.nrf_power_clock_isr
                0x0000000000004ed8       0xe4 libzephyr.a(nrf_power_clock.c.obj)
                0x0000000000004ed8                nrf_power_clock_isr
 .text.rtc1_nrf_isr
                0x0000000000004fbc       0x48 libzephyr.a(nrf_rtc_timer.c.obj)
                0x0000000000004fbc                rtc1_nrf_isr
 .text.z_clock_driver_init
                0x0000000000005004       0x90 libzephyr.a(nrf_rtc_timer.c.obj)
                0x0000000000005004                z_clock_driver_init
 .text.z_clock_set_timeout
                0x0000000000005094       0x74 libzephyr.a(nrf_rtc_timer.c.obj)
                0x0000000000005094                z_clock_set_timeout
 .text.z_clock_elapsed
                0x0000000000005108       0x38 libzephyr.a(nrf_rtc_timer.c.obj)
                0x0000000000005108                z_clock_elapsed
 .text.z_timer_cycle_get_32
                0x0000000000005140       0x30 libzephyr.a(nrf_rtc_timer.c.obj)
                0x0000000000005140                z_timer_cycle_get_32
 .text._HandlerModeExit
                0x0000000000005170       0x1c arch/arch/arm/core/libarch__arm__core.a(exc_exit.S.obj)
                0x0000000000005170                z_ExcExit
                0x0000000000005170                _IntExit
 .text._IntLibInit
                0x000000000000518c       0x18 arch/arch/arm/core/libarch__arm__core.a(irq_init.c.obj)
                0x000000000000518c                _IntLibInit
 .text.__swap   0x00000000000051a4       0x34 arch/arch/arm/core/libarch__arm__core.a(swap.c.obj)
                0x00000000000051a4                __swap
 .text.__pendsv
                0x00000000000051d8       0x54 arch/arch/arm/core/libarch__arm__core.a(swap_helper.S.obj)
                0x00000000000051d8                __pendsv
 .text.__svc    0x000000000000522c       0x24 arch/arch/arm/core/libarch__arm__core.a(swap_helper.S.obj)
                0x000000000000522c                __svc
 .text._MpuFault.isra.2
                0x0000000000005250       0x94 arch/arch/arm/core/libarch__arm__core.a(fault.c.obj)
 .text._BusFault.isra.3
                0x00000000000052e4       0xa0 arch/arch/arm/core/libarch__arm__core.a(fault.c.obj)
 .text._UsageFault.isra.4
                0x0000000000005384       0x88 arch/arch/arm/core/libarch__arm__core.a(fault.c.obj)
 .text._Fault   0x000000000000540c       0xd4 arch/arch/arm/core/libarch__arm__core.a(fault.c.obj)
                0x000000000000540c                _Fault
 .text._FaultInit
                0x00000000000054e0       0x10 arch/arch/arm/core/libarch__arm__core.a(fault.c.obj)
                0x00000000000054e0                _FaultInit
 .text.z_arch_irq_enable
                0x00000000000054f0       0x20 arch/arch/arm/core/libarch__arm__core.a(irq_manage.c.obj)
                0x00000000000054f0                z_arch_irq_enable
 .text.z_arch_irq_disable
                0x0000000000005510       0x28 arch/arch/arm/core/libarch__arm__core.a(irq_manage.c.obj)
                0x0000000000005510                z_arch_irq_disable
 .text.z_arch_irq_is_enabled
                0x0000000000005538       0x1c arch/arch/arm/core/libarch__arm__core.a(irq_manage.c.obj)
                0x0000000000005538                z_arch_irq_is_enabled
 .text.z_irq_priority_set
                0x0000000000005554       0x30 arch/arch/arm/core/libarch__arm__core.a(irq_manage.c.obj)
                0x0000000000005554                z_irq_priority_set
 .text._arch_isr_direct_pm
                0x0000000000005584       0x1c arch/arch/arm/core/libarch__arm__core.a(irq_manage.c.obj)
                0x0000000000005584                _arch_isr_direct_pm
 .text.z_new_thread
                0x00000000000055a0       0x54 arch/arch/arm/core/libarch__arm__core.a(thread.c.obj)
                0x00000000000055a0                z_new_thread
 .text._CpuIdleInit
                0x00000000000055f4        0xc arch/arch/arm/core/libarch__arm__core.a(cpu_idle.S.obj)
                0x00000000000055f4                _CpuIdleInit
 .text.k_cpu_idle
                0x0000000000005600        0xc arch/arch/arm/core/libarch__arm__core.a(cpu_idle.S.obj)
                0x0000000000005600                k_cpu_idle
 .text.__fault  0x000000000000560c       0x28 arch/arch/arm/core/libarch__arm__core.a(fault_s.S.obj)
                0x000000000000560c                __usage_fault
                0x000000000000560c                __reserved
                0x000000000000560c                __bus_fault
                0x000000000000560c                __debug_monitor
                0x000000000000560c                __mpu_fault
                0x000000000000560c                __hard_fault
 .text.z_NanoFatalErrorHandler
                0x0000000000005634       0x68 arch/arch/arm/core/libarch__arm__core.a(fatal.c.obj)
                0x0000000000005634                z_NanoFatalErrorHandler
 .text.z_SysFatalErrorHandler
                0x000000000000569c       0x58 arch/arch/arm/core/libarch__arm__core.a(sys_fatal_error_handler.c.obj)
                0x000000000000569c                z_SysFatalErrorHandler
 .text.z_impl_k_thread_abort
                0x00000000000056f4       0x48 arch/arch/arm/core/libarch__arm__core.a(thread_abort.c.obj)
                0x00000000000056f4                z_impl_k_thread_abort
 .text._isr_wrapper
                0x000000000000573c       0x40 arch/arch/arm/core/libarch__arm__core.a(isr_wrapper.S.obj)
                0x000000000000573c                _isr_wrapper
 .text._reset_section
                0x000000000000577c        0x8 arch/arch/arm/core/cortex_m/libarch__arm__core__cortex_m.a(reset.S.obj)
                0x000000000000577c                __reset
                0x000000000000577c                __start
 .text._SysNmiOnReset
                0x0000000000005784        0x8 arch/arch/arm/core/cortex_m/libarch__arm__core__cortex_m.a(nmi_on_reset.S.obj)
                0x0000000000005784                _SysNmiOnReset
 .text._PrepC   0x000000000000578c       0x48 arch/arch/arm/core/cortex_m/libarch__arm__core__cortex_m.a(prep_c.c.obj)
                0x000000000000578c                _PrepC
 .text.z_arch_configure_static_mpu_regions
                0x00000000000057d4       0x38 arch/arch/arm/core/cortex_m/mpu/libarch__arm__core__cortex_m__mpu.a(arm_core_mpu.c.obj)
                0x00000000000057d4                z_arch_configure_static_mpu_regions
 .text._mpu_configure_regions
                0x000000000000580c       0xd0 arch/arch/arm/core/cortex_m/mpu/libarch__arm__core__cortex_m__mpu.a(arm_mpu.c.obj)
 .text.arm_core_mpu_enable
                0x00000000000058dc       0x14 arch/arch/arm/core/cortex_m/mpu/libarch__arm__core__cortex_m__mpu.a(arm_mpu.c.obj)
                0x00000000000058dc                arm_core_mpu_enable
 .text.arm_core_mpu_disable
                0x00000000000058f0       0x10 arch/arch/arm/core/cortex_m/mpu/libarch__arm__core__cortex_m__mpu.a(arm_mpu.c.obj)
                0x00000000000058f0                arm_core_mpu_disable
 .text.arm_mpu_init
                0x0000000000005900       0x5c arch/arch/arm/core/cortex_m/mpu/libarch__arm__core__cortex_m__mpu.a(arm_mpu.c.obj)
 .text.arm_core_mpu_configure_static_mpu_regions
                0x000000000000595c       0x14 arch/arch/arm/core/cortex_m/mpu/libarch__arm__core__cortex_m__mpu.a(arm_mpu.c.obj)
                0x000000000000595c                arm_core_mpu_configure_static_mpu_regions
 .text.arm_core_mpu_configure_dynamic_mpu_regions
                0x0000000000005970       0x2c arch/arch/arm/core/cortex_m/mpu/libarch__arm__core__cortex_m__mpu.a(arm_mpu.c.obj)
                0x0000000000005970                arm_core_mpu_configure_dynamic_mpu_regions
 .text._prf     0x000000000000599c      0x748 lib/libc/minimal/liblib__libc__minimal.a(prf.c.obj)
                0x000000000000599c                _prf
 .text.__stdout_hook_install
                0x00000000000060e4        0xc lib/libc/minimal/liblib__libc__minimal.a(stdout_console.c.obj)
                0x00000000000060e4                __stdout_hook_install
 .text.snprintf
                0x00000000000060f0       0x30 lib/libc/minimal/liblib__libc__minimal.a(sprintf.c.obj)
                0x00000000000060f0                snprintf
 .text.bt_hex_real
                0x0000000000006120       0x44 subsys/bluetooth/common/libsubsys__bluetooth__common.a(log.c.obj)
                0x0000000000006120                bt_hex_real
 .text.bt_addr_le_str_real
                0x0000000000006164       0x7c subsys/bluetooth/common/libsubsys__bluetooth__common.a(log.c.obj)
                0x0000000000006164                bt_addr_le_str_real
 .text.ecc_thread
                0x00000000000061e0      0x1d8 subsys/bluetooth/host/libsubsys__bluetooth__host.a(hci_ecc.c.obj)
 .text.bt_hci_ecc_send
                0x00000000000063b8      0x114 subsys/bluetooth/host/libsubsys__bluetooth__host.a(hci_ecc.c.obj)
                0x00000000000063b8                bt_hci_ecc_send
 .text.bt_hci_ecc_init
                0x00000000000064cc       0x44 subsys/bluetooth/host/libsubsys__bluetooth__host.a(hci_ecc.c.obj)
                0x00000000000064cc                bt_hci_ecc_init
 .text.export   0x0000000000006510       0x24 subsys/bluetooth/host/libsubsys__bluetooth__host.a(settings.c.obj)
 .text.save_id  0x0000000000006534       0x18 subsys/bluetooth/host/libsubsys__bluetooth__host.a(settings.c.obj)
 .text.commit   0x000000000000654c       0x64 subsys/bluetooth/host/libsubsys__bluetooth__host.a(settings.c.obj)
 .text.set      0x00000000000065b0       0xe0 subsys/bluetooth/host/libsubsys__bluetooth__host.a(settings.c.obj)
 .text.bt_settings_encode_key
                0x0000000000006690       0x60 subsys/bluetooth/host/libsubsys__bluetooth__host.a(settings.c.obj)
                0x0000000000006690                bt_settings_encode_key
 .text.bt_settings_save_id
                0x00000000000066f0       0x30 subsys/bluetooth/host/libsubsys__bluetooth__host.a(settings.c.obj)
                0x00000000000066f0                bt_settings_save_id
 .text.bt_settings_init
                0x0000000000006720       0x68 subsys/bluetooth/host/libsubsys__bluetooth__host.a(settings.c.obj)
                0x0000000000006720                bt_settings_init
 .text.uuid_to_uuid128
                0x0000000000006788       0x7c subsys/bluetooth/host/libsubsys__bluetooth__host.a(uuid.c.obj)
 .text.bt_uuid_to_str
                0x0000000000006804       0xac subsys/bluetooth/host/libsubsys__bluetooth__host.a(uuid.c.obj)
                0x0000000000006804                bt_uuid_to_str
 .text.bt_uuid_str
                0x00000000000068b0       0x14 subsys/bluetooth/host/libsubsys__bluetooth__host.a(uuid.c.obj)
                0x00000000000068b0                bt_uuid_str
 .text.le_dhkey_complete
                0x00000000000068c4       0x20 subsys/bluetooth/host/libsubsys__bluetooth__host.a(hci_core.c.obj)
 .text.ver_str  0x00000000000068e4       0x38 subsys/bluetooth/host/libsubsys__bluetooth__host.a(hci_core.c.obj)
 .text.le_pkey_complete
                0x000000000000691c       0x4c subsys/bluetooth/host/libsubsys__bluetooth__host.a(hci_core.c.obj)
 .text.le_conn_update_complete
                0x0000000000006968       0xa0 subsys/bluetooth/host/libsubsys__bluetooth__host.a(hci_core.c.obj)
 .text.le_adv_report
                0x0000000000006a08       0xc8 subsys/bluetooth/host/libsubsys__bluetooth__host.a(hci_core.c.obj)
 .text.hci_num_completed_packets
                0x0000000000006ad0       0xf0 subsys/bluetooth/host/libsubsys__bluetooth__host.a(hci_core.c.obj)
 .text.handle_event
                0x0000000000006bc0       0x94 subsys/bluetooth/host/libsubsys__bluetooth__host.a(hci_core.c.obj)
 .text.hci_le_meta_event
                0x0000000000006c54       0x20 subsys/bluetooth/host/libsubsys__bluetooth__host.a(hci_core.c.obj)
 .text.hci_cmd_done
                0x0000000000006c74       0xd0 subsys/bluetooth/host/libsubsys__bluetooth__host.a(hci_core.c.obj)
 .text.hci_cmd_status
                0x0000000000006d44       0x2c subsys/bluetooth/host/libsubsys__bluetooth__host.a(hci_core.c.obj)
 .text.hci_cmd_complete
                0x0000000000006d70       0x30 subsys/bluetooth/host/libsubsys__bluetooth__host.a(hci_core.c.obj)
 .text.hci_tx_thread
                0x0000000000006da0      0x1a0 subsys/bluetooth/host/libsubsys__bluetooth__host.a(hci_core.c.obj)
 .text.id_find  0x0000000000006f40       0x34 subsys/bluetooth/host/libsubsys__bluetooth__host.a(hci_core.c.obj)
 .text.slave_update_conn_param
                0x0000000000006f74       0x28 subsys/bluetooth/host/libsubsys__bluetooth__host.a(hci_core.c.obj)
 .text.le_remote_feat_complete
                0x0000000000006f9c       0x64 subsys/bluetooth/host/libsubsys__bluetooth__host.a(hci_core.c.obj)
 .text.bt_hci_cmd_create
                0x0000000000007000       0x60 subsys/bluetooth/host/libsubsys__bluetooth__host.a(hci_core.c.obj)
                0x0000000000007000                bt_hci_cmd_create
 .text.bt_hci_cmd_send
                0x0000000000007060       0x6c subsys/bluetooth/host/libsubsys__bluetooth__host.a(hci_core.c.obj)
                0x0000000000007060                bt_hci_cmd_send
 .text.le_conn_param_neg_reply
                0x00000000000070cc       0x5c subsys/bluetooth/host/libsubsys__bluetooth__host.a(hci_core.c.obj)
 .text.le_conn_param_req
                0x0000000000007128       0xd8 subsys/bluetooth/host/libsubsys__bluetooth__host.a(hci_core.c.obj)
 .text.bt_hci_cmd_send_sync
                0x0000000000007200       0x8c subsys/bluetooth/host/libsubsys__bluetooth__host.a(hci_core.c.obj)
                0x0000000000007200                bt_hci_cmd_send_sync
 .text.set_le_scan_enable
                0x000000000000728c       0x6c subsys/bluetooth/host/libsubsys__bluetooth__host.a(hci_core.c.obj)
 .text.set_advertise_enable
                0x00000000000072f8       0x54 subsys/bluetooth/host/libsubsys__bluetooth__host.a(hci_core.c.obj)
 .text.hci_disconn_complete
                0x000000000000734c       0x98 subsys/bluetooth/host/libsubsys__bluetooth__host.a(hci_core.c.obj)
 .text.enh_conn_complete
                0x00000000000073e4      0x1c8 subsys/bluetooth/host/libsubsys__bluetooth__host.a(hci_core.c.obj)
 .text.set_random_address
                0x00000000000075ac       0x5c subsys/bluetooth/host/libsubsys__bluetooth__host.a(hci_core.c.obj)
 .text.set_ad   0x0000000000007608       0xe0 subsys/bluetooth/host/libsubsys__bluetooth__host.a(hci_core.c.obj)
 .text.le_adv_update
                0x00000000000076e8       0x94 subsys/bluetooth/host/libsubsys__bluetooth__host.a(hci_core.c.obj)
 .text.bt_le_scan_update
                0x000000000000777c       0x2c subsys/bluetooth/host/libsubsys__bluetooth__host.a(hci_core.c.obj)
                0x000000000000777c                bt_le_scan_update
 .text.bt_init  0x00000000000077a8      0x51c subsys/bluetooth/host/libsubsys__bluetooth__host.a(hci_core.c.obj)
 .text.init_work
                0x0000000000007cc4       0x18 subsys/bluetooth/host/libsubsys__bluetooth__host.a(hci_core.c.obj)
 .text.id_create.isra.28
                0x0000000000007cdc       0x68 subsys/bluetooth/host/libsubsys__bluetooth__host.a(hci_core.c.obj)
 .text.bt_dev_show_info
                0x0000000000007d44       0xfc subsys/bluetooth/host/libsubsys__bluetooth__host.a(hci_core.c.obj)
                0x0000000000007d44                bt_dev_show_info
 .text.bt_recv  0x0000000000007e40      0x14c subsys/bluetooth/host/libsubsys__bluetooth__host.a(hci_core.c.obj)
                0x0000000000007e40                bt_recv
 .text.bt_recv_prio
                0x0000000000007f8c       0xb0 subsys/bluetooth/host/libsubsys__bluetooth__host.a(hci_core.c.obj)
                0x0000000000007f8c                bt_recv_prio
 .text.bt_hci_driver_register
                0x000000000000803c       0x28 subsys/bluetooth/host/libsubsys__bluetooth__host.a(hci_core.c.obj)
                0x000000000000803c                bt_hci_driver_register
 .text.bt_enable
                0x0000000000008064      0x100 subsys/bluetooth/host/libsubsys__bluetooth__host.a(hci_core.c.obj)
                0x0000000000008064                bt_enable
 .text.bt_get_name
                0x0000000000008164        0x8 subsys/bluetooth/host/libsubsys__bluetooth__host.a(hci_core.c.obj)
                0x0000000000008164                bt_get_name
 .text.bt_id_create
                0x000000000000816c       0xac subsys/bluetooth/host/libsubsys__bluetooth__host.a(hci_core.c.obj)
                0x000000000000816c                bt_id_create
 .text.bt_setup_id_addr
                0x0000000000008218      0x108 subsys/bluetooth/host/libsubsys__bluetooth__host.a(hci_core.c.obj)
                0x0000000000008218                bt_setup_id_addr
 .text.bt_le_adv_start_internal
                0x0000000000008320      0x1f0 subsys/bluetooth/host/libsubsys__bluetooth__host.a(hci_core.c.obj)
                0x0000000000008320                bt_le_adv_start_internal
 .text.bt_le_adv_stop
                0x0000000000008510       0x4c subsys/bluetooth/host/libsubsys__bluetooth__host.a(hci_core.c.obj)
                0x0000000000008510                bt_le_adv_stop
 .text.bt_le_scan_start
                0x000000000000855c      0x154 subsys/bluetooth/host/libsubsys__bluetooth__host.a(hci_core.c.obj)
                0x000000000000855c                bt_le_scan_start
 .text.bt_le_scan_stop
                0x00000000000086b0       0x2c subsys/bluetooth/host/libsubsys__bluetooth__host.a(hci_core.c.obj)
                0x00000000000086b0                bt_le_scan_stop
 .text.bt_buf_get_rx
                0x00000000000086dc       0x20 subsys/bluetooth/host/libsubsys__bluetooth__host.a(hci_core.c.obj)
                0x00000000000086dc                bt_buf_get_rx
 .text.bt_buf_get_cmd_complete
                0x00000000000086fc       0x48 subsys/bluetooth/host/libsubsys__bluetooth__host.a(hci_core.c.obj)
                0x00000000000086fc                bt_buf_get_cmd_complete
 .text.bt_pub_key_gen
                0x0000000000008744       0xcc subsys/bluetooth/host/libsubsys__bluetooth__host.a(hci_core.c.obj)
                0x0000000000008744                bt_pub_key_gen
 .text.bt_pub_key_get
                0x0000000000008810       0x1c subsys/bluetooth/host/libsubsys__bluetooth__host.a(hci_core.c.obj)
                0x0000000000008810                bt_pub_key_get
 .text.bt_dh_key_gen
                0x000000000000882c       0x74 subsys/bluetooth/host/libsubsys__bluetooth__host.a(hci_core.c.obj)
                0x000000000000882c                bt_dh_key_gen
 .text.bt_le_oob_get_local
                0x00000000000088a0       0x20 subsys/bluetooth/host/libsubsys__bluetooth__host.a(hci_core.c.obj)
                0x00000000000088a0                bt_le_oob_get_local
 .text.notify_connected
                0x00000000000088c0       0x28 subsys/bluetooth/host/libsubsys__bluetooth__host.a(conn.c.obj)
 .text.bt_conn_get_pkts
                0x00000000000088e8        0x8 subsys/bluetooth/host/libsubsys__bluetooth__host.a(conn.c.obj)
                0x00000000000088e8                bt_conn_get_pkts
 .text.notify_le_param_updated
                0x00000000000088f0       0x68 subsys/bluetooth/host/libsubsys__bluetooth__host.a(conn.c.obj)
                0x00000000000088f0                notify_le_param_updated
 .text.le_param_req
                0x0000000000008958       0x40 subsys/bluetooth/host/libsubsys__bluetooth__host.a(conn.c.obj)
                0x0000000000008958                le_param_req
 .text.bt_conn_cb_register
                0x0000000000008998       0x10 subsys/bluetooth/host/libsubsys__bluetooth__host.a(conn.c.obj)
                0x0000000000008998                bt_conn_cb_register
 .text.bt_conn_recv
                0x00000000000089a8      0x160 subsys/bluetooth/host/libsubsys__bluetooth__host.a(conn.c.obj)
                0x00000000000089a8                bt_conn_recv
 .text.bt_conn_send_cb
                0x0000000000008b08       0x4c subsys/bluetooth/host/libsubsys__bluetooth__host.a(conn.c.obj)
                0x0000000000008b08                bt_conn_send_cb
 .text.bt_conn_notify_tx
                0x0000000000008b54       0x40 subsys/bluetooth/host/libsubsys__bluetooth__host.a(conn.c.obj)
                0x0000000000008b54                bt_conn_notify_tx
 .text.send_frag
                0x0000000000008b94      0x140 subsys/bluetooth/host/libsubsys__bluetooth__host.a(conn.c.obj)
 .text.bt_conn_prepare_events
                0x0000000000008cd4       0x90 subsys/bluetooth/host/libsubsys__bluetooth__host.a(conn.c.obj)
                0x0000000000008cd4                bt_conn_prepare_events
 .text.bt_conn_add_le
                0x0000000000008d64       0x64 subsys/bluetooth/host/libsubsys__bluetooth__host.a(conn.c.obj)
                0x0000000000008d64                bt_conn_add_le
 .text.bt_conn_set_state
                0x0000000000008dc8      0x180 subsys/bluetooth/host/libsubsys__bluetooth__host.a(conn.c.obj)
                0x0000000000008dc8                bt_conn_set_state
 .text.bt_conn_lookup_handle
                0x0000000000008f48       0x34 subsys/bluetooth/host/libsubsys__bluetooth__host.a(conn.c.obj)
                0x0000000000008f48                bt_conn_lookup_handle
 .text.bt_conn_lookup_addr_le
                0x0000000000008f7c       0x3c subsys/bluetooth/host/libsubsys__bluetooth__host.a(conn.c.obj)
                0x0000000000008f7c                bt_conn_lookup_addr_le
 .text.bt_conn_lookup_state_le
                0x0000000000008fb8       0x44 subsys/bluetooth/host/libsubsys__bluetooth__host.a(conn.c.obj)
                0x0000000000008fb8                bt_conn_lookup_state_le
 .text.send_conn_le_param_update
                0x0000000000008ffc       0x50 subsys/bluetooth/host/libsubsys__bluetooth__host.a(conn.c.obj)
 .text.conn_le_update_timeout
                0x000000000000904c       0x6c subsys/bluetooth/host/libsubsys__bluetooth__host.a(conn.c.obj)
 .text.bt_conn_create_pdu
                0x00000000000090b8       0x28 subsys/bluetooth/host/libsubsys__bluetooth__host.a(conn.c.obj)
                0x00000000000090b8                bt_conn_create_pdu
 .text.create_frag.isra.11
                0x00000000000090e0       0x6c subsys/bluetooth/host/libsubsys__bluetooth__host.a(conn.c.obj)
 .text.bt_conn_process_tx
                0x000000000000914c       0xdc subsys/bluetooth/host/libsubsys__bluetooth__host.a(conn.c.obj)
                0x000000000000914c                bt_conn_process_tx
 .text.bt_conn_index
                0x0000000000009228       0x18 subsys/bluetooth/host/libsubsys__bluetooth__host.a(conn.c.obj)
                0x0000000000009228                bt_conn_index
 .text.bt_conn_init
                0x0000000000009240       0x4c subsys/bluetooth/host/libsubsys__bluetooth__host.a(conn.c.obj)
                0x0000000000009240                bt_conn_init
 .text.l2cap_accept
                0x000000000000928c       0x4c subsys/bluetooth/host/libsubsys__bluetooth__host.a(l2cap.c.obj)
 .text.bt_l2cap_le_fixed_chan_register
                0x00000000000092d8       0x20 subsys/bluetooth/host/libsubsys__bluetooth__host.a(l2cap.c.obj)
                0x00000000000092d8                bt_l2cap_le_fixed_chan_register
 .text.l2cap_rtx_timeout
                0x00000000000092f8       0x48 subsys/bluetooth/host/libsubsys__bluetooth__host.a(l2cap.c.obj)
 .text.bt_l2cap_connected
                0x0000000000009340       0x74 subsys/bluetooth/host/libsubsys__bluetooth__host.a(l2cap.c.obj)
                0x0000000000009340                bt_l2cap_connected
 .text.l2cap_recv
                0x00000000000093b4      0x11c subsys/bluetooth/host/libsubsys__bluetooth__host.a(l2cap.c.obj)
 .text.bt_l2cap_recv
                0x00000000000094d0       0x84 subsys/bluetooth/host/libsubsys__bluetooth__host.a(l2cap.c.obj)
                0x00000000000094d0                bt_l2cap_recv
 .text.bt_l2cap_update_conn_param
                0x0000000000009554       0x6c subsys/bluetooth/host/libsubsys__bluetooth__host.a(l2cap.c.obj)
                0x0000000000009554                bt_l2cap_update_conn_param
 .text.bt_l2cap_init
                0x00000000000095c0        0xc subsys/bluetooth/host/libsubsys__bluetooth__host.a(l2cap.c.obj)
                0x00000000000095c0                bt_l2cap_init
 .text.att_op_get_type
                0x00000000000095cc       0x2c subsys/bluetooth/host/libsubsys__bluetooth__host.a(att.c.obj)
 .text.bt_att_connected
                0x00000000000095f8       0x28 subsys/bluetooth/host/libsubsys__bluetooth__host.a(att.c.obj)
 .text.bt_att_accept
                0x0000000000009620       0x64 subsys/bluetooth/host/libsubsys__bluetooth__host.a(att.c.obj)
 .text.att_req_sent
                0x0000000000009684       0x30 subsys/bluetooth/host/libsubsys__bluetooth__host.a(att.c.obj)
 .text.att_chan_get
                0x00000000000096b4       0x90 subsys/bluetooth/host/libsubsys__bluetooth__host.a(att.c.obj)
 .text.att_send_req
                0x0000000000009744       0xa0 subsys/bluetooth/host/libsubsys__bluetooth__host.a(att.c.obj)
 .text.att_handle_rsp
                0x00000000000097e4       0xa0 subsys/bluetooth/host/libsubsys__bluetooth__host.a(att.c.obj)
 .text.att_timeout
                0x0000000000009884       0x44 subsys/bluetooth/host/libsubsys__bluetooth__host.a(att.c.obj)
 .text.prep_write_cb
                0x00000000000098c8       0x7c subsys/bluetooth/host/libsubsys__bluetooth__host.a(att.c.obj)
 .text.bt_att_create_pdu
                0x0000000000009944       0x5c subsys/bluetooth/host/libsubsys__bluetooth__host.a(att.c.obj)
                0x0000000000009944                bt_att_create_pdu
 .text.att_mtu_req
                0x00000000000099a0       0x5c subsys/bluetooth/host/libsubsys__bluetooth__host.a(att.c.obj)
 .text.send_err_rsp.part.12
                0x00000000000099fc       0x44 subsys/bluetooth/host/libsubsys__bluetooth__host.a(att.c.obj)
 .text.bt_att_recv
                0x0000000000009a40      0x180 subsys/bluetooth/host/libsubsys__bluetooth__host.a(att.c.obj)
 .text.att_write_rsp
                0x0000000000009bc0       0xc8 subsys/bluetooth/host/libsubsys__bluetooth__host.a(att.c.obj)
 .text.att_exec_write_req
                0x0000000000009c88       0x84 subsys/bluetooth/host/libsubsys__bluetooth__host.a(att.c.obj)
 .text.att_prepare_write_req
                0x0000000000009d0c       0xe4 subsys/bluetooth/host/libsubsys__bluetooth__host.a(att.c.obj)
 .text.att_read_group_req
                0x0000000000009df0      0x100 subsys/bluetooth/host/libsubsys__bluetooth__host.a(att.c.obj)
 .text.att_read_mult_req
                0x0000000000009ef0       0x8c subsys/bluetooth/host/libsubsys__bluetooth__host.a(att.c.obj)
 .text.att_read_rsp
                0x0000000000009f7c       0x98 subsys/bluetooth/host/libsubsys__bluetooth__host.a(att.c.obj)
 .text.att_read_type_req
                0x000000000000a014       0xcc subsys/bluetooth/host/libsubsys__bluetooth__host.a(att.c.obj)
 .text.att_find_type_req
                0x000000000000a0e0       0xe4 subsys/bluetooth/host/libsubsys__bluetooth__host.a(att.c.obj)
 .text.att_find_info_req
                0x000000000000a1c4       0x78 subsys/bluetooth/host/libsubsys__bluetooth__host.a(att.c.obj)
 .text.bt_att_init
                0x000000000000a23c       0x14 subsys/bluetooth/host/libsubsys__bluetooth__host.a(att.c.obj)
                0x000000000000a23c                bt_att_init
 .text.bt_att_send
                0x000000000000a250       0xe0 subsys/bluetooth/host/libsubsys__bluetooth__host.a(att.c.obj)
                0x000000000000a250                bt_att_send
 .text.gatt_notify
                0x000000000000a330       0x80 subsys/bluetooth/host/libsubsys__bluetooth__host.a(gatt.c.obj)
 .text.disconnected_cb
                0x000000000000a3b0       0xb8 subsys/bluetooth/host/libsubsys__bluetooth__host.a(gatt.c.obj)
 .text.gatt_register
                0x000000000000a468       0x8c subsys/bluetooth/host/libsubsys__bluetooth__host.a(gatt.c.obj)
 .text.gatt_indicate
                0x000000000000a4f4       0xe8 subsys/bluetooth/host/libsubsys__bluetooth__host.a(gatt.c.obj)
 .text.ccc_save
                0x000000000000a5dc       0x38 subsys/bluetooth/host/libsubsys__bluetooth__host.a(gatt.c.obj)
 .text.ccc_load
                0x000000000000a614       0x98 subsys/bluetooth/host/libsubsys__bluetooth__host.a(gatt.c.obj)
 .text.find_cf_cfg
                0x000000000000a6ac       0x34 subsys/bluetooth/host/libsubsys__bluetooth__host.a(gatt.c.obj)
 .text.sc_indicate_rsp
                0x000000000000a6e0       0x58 subsys/bluetooth/host/libsubsys__bluetooth__host.a(gatt.c.obj)
 .text.cf_write
                0x000000000000a738       0xb4 subsys/bluetooth/host/libsubsys__bluetooth__host.a(gatt.c.obj)
 .text.cf_set   0x000000000000a7ec      0x110 subsys/bluetooth/host/libsubsys__bluetooth__host.a(gatt.c.obj)
 .text.bt_gatt_attr_write_ccc
                0x000000000000a8fc       0xc0 subsys/bluetooth/host/libsubsys__bluetooth__host.a(gatt.c.obj)
                0x000000000000a8fc                bt_gatt_attr_write_ccc
 .text.db_changed
                0x000000000000a9bc       0x54 subsys/bluetooth/host/libsubsys__bluetooth__host.a(gatt.c.obj)
 .text.read_ppcp
                0x000000000000aa10       0x38 subsys/bluetooth/host/libsubsys__bluetooth__host.a(gatt.c.obj)
 .text.sc_indicate.constprop.22
                0x000000000000aa48       0x70 subsys/bluetooth/host/libsubsys__bluetooth__host.a(gatt.c.obj)
 .text.connected_cb
                0x000000000000aab8       0x74 subsys/bluetooth/host/libsubsys__bluetooth__host.a(gatt.c.obj)
 .text.notify_cb
                0x000000000000ab2c      0x120 subsys/bluetooth/host/libsubsys__bluetooth__host.a(gatt.c.obj)
 .text.bt_gatt_service_unregister
                0x000000000000ac4c       0x5c subsys/bluetooth/host/libsubsys__bluetooth__host.a(gatt.c.obj)
                0x000000000000ac4c                bt_gatt_service_unregister
 .text.bt_gatt_foreach_attr
                0x000000000000aca8       0x54 subsys/bluetooth/host/libsubsys__bluetooth__host.a(gatt.c.obj)
                0x000000000000aca8                bt_gatt_foreach_attr
 .text.db_hash_gen
                0x000000000000acfc       0x88 subsys/bluetooth/host/libsubsys__bluetooth__host.a(gatt.c.obj)
 .text.bt_gatt_init
                0x000000000000ad84       0x64 subsys/bluetooth/host/libsubsys__bluetooth__host.a(gatt.c.obj)
                0x000000000000ad84                bt_gatt_init
 .text.ccc_set  0x000000000000ade8       0xe8 subsys/bluetooth/host/libsubsys__bluetooth__host.a(gatt.c.obj)
 .text.bt_gatt_indicate.part.15
                0x000000000000aed0       0x30 subsys/bluetooth/host/libsubsys__bluetooth__host.a(gatt.c.obj)
 .text.sc_process
                0x000000000000af00       0x64 subsys/bluetooth/host/libsubsys__bluetooth__host.a(gatt.c.obj)
 .text.bt_gatt_notify_cb
                0x000000000000af64       0x80 subsys/bluetooth/host/libsubsys__bluetooth__host.a(gatt.c.obj)
                0x000000000000af64                bt_gatt_notify_cb
 .text.bt_gatt_connected
                0x000000000000afe4       0x14 subsys/bluetooth/host/libsubsys__bluetooth__host.a(gatt.c.obj)
                0x000000000000afe4                bt_gatt_connected
 .text.db_hash_read
                0x000000000000aff8       0x68 subsys/bluetooth/host/libsubsys__bluetooth__host.a(gatt.c.obj)
 .text.bt_gatt_store_ccc
                0x000000000000b060       0x90 subsys/bluetooth/host/libsubsys__bluetooth__host.a(gatt.c.obj)
                0x000000000000b060                bt_gatt_store_ccc
 .text.bt_gatt_disconnected
                0x000000000000b0f0      0x110 subsys/bluetooth/host/libsubsys__bluetooth__host.a(gatt.c.obj)
                0x000000000000b0f0                bt_gatt_disconnected
 .text.bt_smp_accept
                0x000000000000b200       0x4c subsys/bluetooth/host/libsubsys__bluetooth__host.a(smp_null.c.obj)
 .text.bt_smp_init
                0x000000000000b24c       0x10 subsys/bluetooth/host/libsubsys__bluetooth__host.a(smp_null.c.obj)
                0x000000000000b24c                bt_smp_init
 .text.atomic_test_bit.constprop.3
                0x000000000000b25c       0x18 subsys/bluetooth/host/mesh/libsubsys__bluetooth__host__mesh.a(main.c.obj)
 .text.bt_mesh_provision
                0x000000000000b274      0x114 subsys/bluetooth/host/mesh/libsubsys__bluetooth__host__mesh.a(main.c.obj)
                0x000000000000b274                bt_mesh_provision
 .text.bt_mesh_reset
                0x000000000000b388       0x60 subsys/bluetooth/host/mesh/libsubsys__bluetooth__host__mesh.a(main.c.obj)
                0x000000000000b388                bt_mesh_reset
 .text.bt_mesh_prov_enable
                0x000000000000b3e8       0x84 subsys/bluetooth/host/mesh/libsubsys__bluetooth__host__mesh.a(main.c.obj)
                0x000000000000b3e8                bt_mesh_prov_enable
 .text.adv_alloc
                0x000000000000b46c       0x10 subsys/bluetooth/host/mesh/libsubsys__bluetooth__host__mesh.a(adv.c.obj)
 .text.adv_thread
                0x000000000000b47c      0x154 subsys/bluetooth/host/mesh/libsubsys__bluetooth__host__mesh.a(adv.c.obj)
 .text.bt_mesh_scan_cb
                0x000000000000b5d0       0xa8 subsys/bluetooth/host/mesh/libsubsys__bluetooth__host__mesh.a(adv.c.obj)
 .text.bt_mesh_adv_update
                0x000000000000b678        0xc subsys/bluetooth/host/mesh/libsubsys__bluetooth__host__mesh.a(adv.c.obj)
                0x000000000000b678                bt_mesh_adv_update
 .text.bt_mesh_adv_create_from_pool
                0x000000000000b684       0x7c subsys/bluetooth/host/mesh/libsubsys__bluetooth__host__mesh.a(adv.c.obj)
                0x000000000000b684                bt_mesh_adv_create_from_pool
 .text.bt_mesh_adv_create
                0x000000000000b700       0x20 subsys/bluetooth/host/mesh/libsubsys__bluetooth__host__mesh.a(adv.c.obj)
                0x000000000000b700                bt_mesh_adv_create
 .text.bt_mesh_adv_send
                0x000000000000b720       0x28 subsys/bluetooth/host/mesh/libsubsys__bluetooth__host__mesh.a(adv.c.obj)
                0x000000000000b720                bt_mesh_adv_send
 .text.bt_mesh_adv_init
                0x000000000000b748       0x44 subsys/bluetooth/host/mesh/libsubsys__bluetooth__host__mesh.a(adv.c.obj)
                0x000000000000b748                bt_mesh_adv_init
 .text.bt_mesh_scan_enable
                0x000000000000b78c       0x24 subsys/bluetooth/host/mesh/libsubsys__bluetooth__host__mesh.a(adv.c.obj)
                0x000000000000b78c                bt_mesh_scan_enable
 .text.k_work_submit_to_queue.constprop.3
                0x000000000000b7b0       0x30 subsys/bluetooth/host/mesh/libsubsys__bluetooth__host__mesh.a(beacon.c.obj)
 .text.bt_mesh_beacon_create
                0x000000000000b7e0       0x54 subsys/bluetooth/host/mesh/libsubsys__bluetooth__host__mesh.a(beacon.c.obj)
                0x000000000000b7e0                bt_mesh_beacon_create
 .text.beacon_send
                0x000000000000b834      0x274 subsys/bluetooth/host/mesh/libsubsys__bluetooth__host__mesh.a(beacon.c.obj)
 .text.bt_mesh_beacon_init
                0x000000000000baa8       0x10 subsys/bluetooth/host/mesh/libsubsys__bluetooth__host__mesh.a(beacon.c.obj)
                0x000000000000baa8                bt_mesh_beacon_init
 .text.bt_mesh_beacon_ivu_initiator
                0x000000000000bab8       0x54 subsys/bluetooth/host/mesh/libsubsys__bluetooth__host__mesh.a(beacon.c.obj)
                0x000000000000bab8                bt_mesh_beacon_ivu_initiator
 .text.bt_mesh_beacon_recv
                0x000000000000bb0c      0x1f0 subsys/bluetooth/host/mesh/libsubsys__bluetooth__host__mesh.a(beacon.c.obj)
                0x000000000000bb0c                bt_mesh_beacon_recv
 .text.bt_mesh_beacon_enable
                0x000000000000bcfc       0x4c subsys/bluetooth/host/mesh/libsubsys__bluetooth__host__mesh.a(beacon.c.obj)
                0x000000000000bcfc                bt_mesh_beacon_enable
 .text.bt_mesh_beacon_disable
                0x000000000000bd48       0x20 subsys/bluetooth/host/mesh/libsubsys__bluetooth__host__mesh.a(beacon.c.obj)
                0x000000000000bd48                bt_mesh_beacon_disable
 .text.auth_match
                0x000000000000bd68       0x90 subsys/bluetooth/host/mesh/libsubsys__bluetooth__host__mesh.a(net.c.obj)
 .text.net_decrypt.isra.1
                0x000000000000bdf8      0x158 subsys/bluetooth/host/mesh/libsubsys__bluetooth__host__mesh.a(net.c.obj)
 .text.atomic_test_bit.constprop.8
                0x000000000000bf50       0x18 subsys/bluetooth/host/mesh/libsubsys__bluetooth__host__mesh.a(net.c.obj)
 .text.atomic_set_bit_to.constprop.6
                0x000000000000bf68       0x34 subsys/bluetooth/host/mesh/libsubsys__bluetooth__host__mesh.a(net.c.obj)
 .text.bt_mesh_subnet_get
                0x000000000000bf9c       0x3c subsys/bluetooth/host/mesh/libsubsys__bluetooth__host__mesh.a(net.c.obj)
                0x000000000000bf9c                bt_mesh_subnet_get
 .text.bt_mesh_net_keys_create
                0x000000000000bfd8       0xfc subsys/bluetooth/host/mesh/libsubsys__bluetooth__host__mesh.a(net.c.obj)
                0x000000000000bfd8                bt_mesh_net_keys_create
 .text.bt_mesh_net_beacon_update
                0x000000000000c0d4       0x34 subsys/bluetooth/host/mesh/libsubsys__bluetooth__host__mesh.a(net.c.obj)
                0x000000000000c0d4                bt_mesh_net_beacon_update
 .text.bt_mesh_net_create
                0x000000000000c108       0x84 subsys/bluetooth/host/mesh/libsubsys__bluetooth__host__mesh.a(net.c.obj)
                0x000000000000c108                bt_mesh_net_create
 .text.bt_mesh_net_revoke_keys
                0x000000000000c18c       0x64 subsys/bluetooth/host/mesh/libsubsys__bluetooth__host__mesh.a(net.c.obj)
                0x000000000000c18c                bt_mesh_net_revoke_keys
 .text.bt_mesh_kr_update
                0x000000000000c1f0       0x6c subsys/bluetooth/host/mesh/libsubsys__bluetooth__host__mesh.a(net.c.obj)
                0x000000000000c1f0                bt_mesh_kr_update
 .text.bt_mesh_rpl_reset
                0x000000000000c25c       0x38 subsys/bluetooth/host/mesh/libsubsys__bluetooth__host__mesh.a(net.c.obj)
                0x000000000000c25c                bt_mesh_rpl_reset
 .text.bt_mesh_net_iv_update
                0x000000000000c294      0x1c0 subsys/bluetooth/host/mesh/libsubsys__bluetooth__host__mesh.a(net.c.obj)
                0x000000000000c294                bt_mesh_net_iv_update
 .text.ivu_refresh
                0x000000000000c454       0x58 subsys/bluetooth/host/mesh/libsubsys__bluetooth__host__mesh.a(net.c.obj)
 .text.bt_mesh_next_seq
                0x000000000000c4ac       0x18 subsys/bluetooth/host/mesh/libsubsys__bluetooth__host__mesh.a(net.c.obj)
                0x000000000000c4ac                bt_mesh_next_seq
 .text.bt_mesh_net_resend
                0x000000000000c4c4      0x154 subsys/bluetooth/host/mesh/libsubsys__bluetooth__host__mesh.a(net.c.obj)
                0x000000000000c4c4                bt_mesh_net_resend
 .text.bt_mesh_net_encode
                0x000000000000c618      0x120 subsys/bluetooth/host/mesh/libsubsys__bluetooth__host__mesh.a(net.c.obj)
                0x000000000000c618                bt_mesh_net_encode
 .text.bt_mesh_net_send
                0x000000000000c738       0xfc subsys/bluetooth/host/mesh/libsubsys__bluetooth__host__mesh.a(net.c.obj)
                0x000000000000c738                bt_mesh_net_send
 .text.bt_mesh_subnet_find
                0x000000000000c834       0xb8 subsys/bluetooth/host/mesh/libsubsys__bluetooth__host__mesh.a(net.c.obj)
                0x000000000000c834                bt_mesh_subnet_find
 .text.bt_mesh_net_decode
                0x000000000000c8ec      0x2a4 subsys/bluetooth/host/mesh/libsubsys__bluetooth__host__mesh.a(net.c.obj)
                0x000000000000c8ec                bt_mesh_net_decode
 .text.bt_mesh_net_recv
                0x000000000000cb90      0x270 subsys/bluetooth/host/mesh/libsubsys__bluetooth__host__mesh.a(net.c.obj)
                0x000000000000cb90                bt_mesh_net_recv
 .text.bt_mesh_net_local
                0x000000000000ce00       0x28 subsys/bluetooth/host/mesh/libsubsys__bluetooth__host__mesh.a(net.c.obj)
 .text.bt_mesh_net_start
                0x000000000000ce28       0x44 subsys/bluetooth/host/mesh/libsubsys__bluetooth__host__mesh.a(net.c.obj)
                0x000000000000ce28                bt_mesh_net_start
 .text.bt_mesh_net_init
                0x000000000000ce6c       0x28 subsys/bluetooth/host/mesh/libsubsys__bluetooth__host__mesh.a(net.c.obj)
                0x000000000000ce6c                bt_mesh_net_init
 .text.is_replay
                0x000000000000ce94       0x9c subsys/bluetooth/host/mesh/libsubsys__bluetooth__host__mesh.a(transport.c.obj)
 .text.sdu_recv
                0x000000000000cf30      0x1c8 subsys/bluetooth/host/mesh/libsubsys__bluetooth__host__mesh.a(transport.c.obj)
 .text.send_unseg
                0x000000000000d0f8       0x8c subsys/bluetooth/host/mesh/libsubsys__bluetooth__host__mesh.a(transport.c.obj)
 .text.seg_tx_reset
                0x000000000000d184       0x84 subsys/bluetooth/host/mesh/libsubsys__bluetooth__host__mesh.a(transport.c.obj)
 .text.seg_tx_send_unacked
                0x000000000000d208       0xac subsys/bluetooth/host/mesh/libsubsys__bluetooth__host__mesh.a(transport.c.obj)
 .text.ctl_recv
                0x000000000000d2b4      0x250 subsys/bluetooth/host/mesh/libsubsys__bluetooth__host__mesh.a(transport.c.obj)
 .text.send_seg
                0x000000000000d504      0x258 subsys/bluetooth/host/mesh/libsubsys__bluetooth__host__mesh.a(transport.c.obj)
 .text.seg_send_start
                0x000000000000d75c       0x24 subsys/bluetooth/host/mesh/libsubsys__bluetooth__host__mesh.a(transport.c.obj)
 .text.seg_sent
                0x000000000000d780       0x1c subsys/bluetooth/host/mesh/libsubsys__bluetooth__host__mesh.a(transport.c.obj)
 .text.bt_mesh_set_hb_sub_dst
                0x000000000000d79c        0xc subsys/bluetooth/host/mesh/libsubsys__bluetooth__host__mesh.a(transport.c.obj)
                0x000000000000d79c                bt_mesh_set_hb_sub_dst
 .text.bt_mesh_tx_in_progress
                0x000000000000d7a8       0x14 subsys/bluetooth/host/mesh/libsubsys__bluetooth__host__mesh.a(transport.c.obj)
                0x000000000000d7a8                bt_mesh_tx_in_progress
 .text.bt_mesh_app_key_find
                0x000000000000d7bc       0x48 subsys/bluetooth/host/mesh/libsubsys__bluetooth__host__mesh.a(transport.c.obj)
                0x000000000000d7bc                bt_mesh_app_key_find
 .text.bt_mesh_trans_send
                0x000000000000d804      0x158 subsys/bluetooth/host/mesh/libsubsys__bluetooth__host__mesh.a(transport.c.obj)
                0x000000000000d804                bt_mesh_trans_send
 .text.bt_mesh_ctl_send
                0x000000000000d95c       0x84 subsys/bluetooth/host/mesh/libsubsys__bluetooth__host__mesh.a(transport.c.obj)
                0x000000000000d95c                bt_mesh_ctl_send
 .text.send_ack
                0x000000000000d9e0       0xb4 subsys/bluetooth/host/mesh/libsubsys__bluetooth__host__mesh.a(transport.c.obj)
 .text.seg_ack  0x000000000000da94       0x9c subsys/bluetooth/host/mesh/libsubsys__bluetooth__host__mesh.a(transport.c.obj)
 .text.bt_mesh_trans_recv
                0x000000000000db30      0x5a4 subsys/bluetooth/host/mesh/libsubsys__bluetooth__host__mesh.a(transport.c.obj)
                0x000000000000db30                bt_mesh_trans_recv
 .text.bt_mesh_rx_reset
                0x000000000000e0d4       0x30 subsys/bluetooth/host/mesh/libsubsys__bluetooth__host__mesh.a(transport.c.obj)
                0x000000000000e0d4                bt_mesh_rx_reset
 .text.bt_mesh_tx_reset
                0x000000000000e104        0xc subsys/bluetooth/host/mesh/libsubsys__bluetooth__host__mesh.a(transport.c.obj)
                0x000000000000e104                bt_mesh_tx_reset
 .text.bt_mesh_trans_init
                0x000000000000e110       0x34 subsys/bluetooth/host/mesh/libsubsys__bluetooth__host__mesh.a(transport.c.obj)
                0x000000000000e110                bt_mesh_trans_init
 .text.bt_mesh_k2
                0x000000000000e144       0xb0 subsys/bluetooth/host/mesh/libsubsys__bluetooth__host__mesh.a(crypto.c.obj)
                0x000000000000e144                bt_mesh_k2
 .text.bt_mesh_k3
                0x000000000000e1f4       0x5c subsys/bluetooth/host/mesh/libsubsys__bluetooth__host__mesh.a(crypto.c.obj)
                0x000000000000e1f4                bt_mesh_k3
 .text.bt_mesh_k4
                0x000000000000e250       0x50 subsys/bluetooth/host/mesh/libsubsys__bluetooth__host__mesh.a(crypto.c.obj)
                0x000000000000e250                bt_mesh_k4
 .text.bt_mesh_id128
                0x000000000000e2a0       0x2c subsys/bluetooth/host/mesh/libsubsys__bluetooth__host__mesh.a(crypto.c.obj)
                0x000000000000e2a0                bt_mesh_id128
 .text.bt_mesh_fcs_calc
                0x000000000000e2cc       0x20 subsys/bluetooth/host/mesh/libsubsys__bluetooth__host__mesh.a(crypto.c.obj)
                0x000000000000e2cc                bt_mesh_fcs_calc
 .text.bt_mesh_fcs_check
                0x000000000000e2ec       0x2c subsys/bluetooth/host/mesh/libsubsys__bluetooth__host__mesh.a(crypto.c.obj)
                0x000000000000e2ec                bt_mesh_fcs_check
 .text.bt_mesh_virtual_addr
                0x000000000000e318       0x48 subsys/bluetooth/host/mesh/libsubsys__bluetooth__host__mesh.a(crypto.c.obj)
                0x000000000000e318                bt_mesh_virtual_addr
 .text.bt_mesh_prov_conf_key
                0x000000000000e360       0x18 subsys/bluetooth/host/mesh/libsubsys__bluetooth__host__mesh.a(crypto.c.obj)
                0x000000000000e360                bt_mesh_prov_conf_key
 .text.model_send
                0x000000000000e378       0xec subsys/bluetooth/host/mesh/libsubsys__bluetooth__host__mesh.a(access.c.obj)
 .text.mod_init
                0x000000000000e464       0x74 subsys/bluetooth/host/mesh/libsubsys__bluetooth__host__mesh.a(access.c.obj)
 .text.bt_mesh_model_foreach
                0x000000000000e4d8       0x74 subsys/bluetooth/host/mesh/libsubsys__bluetooth__host__mesh.a(access.c.obj)
                0x000000000000e4d8                bt_mesh_model_foreach
 .text.bt_mesh_model_pub_period_get
                0x000000000000e54c       0x48 subsys/bluetooth/host/mesh/libsubsys__bluetooth__host__mesh.a(access.c.obj)
                0x000000000000e54c                bt_mesh_model_pub_period_get
 .text.publish_sent
                0x000000000000e594       0x74 subsys/bluetooth/host/mesh/libsubsys__bluetooth__host__mesh.a(access.c.obj)
 .text.bt_mesh_model_elem
                0x000000000000e608       0x14 subsys/bluetooth/host/mesh/libsubsys__bluetooth__host__mesh.a(access.c.obj)
                0x000000000000e608                bt_mesh_model_elem
 .text.bt_mesh_model_get
                0x000000000000e61c       0xac subsys/bluetooth/host/mesh/libsubsys__bluetooth__host__mesh.a(access.c.obj)
                0x000000000000e61c                bt_mesh_model_get
 .text.bt_mesh_comp_register
                0x000000000000e6c8       0x24 subsys/bluetooth/host/mesh/libsubsys__bluetooth__host__mesh.a(access.c.obj)
                0x000000000000e6c8                bt_mesh_comp_register
 .text.bt_mesh_comp_provision
                0x000000000000e6ec       0x2c subsys/bluetooth/host/mesh/libsubsys__bluetooth__host__mesh.a(access.c.obj)
                0x000000000000e6ec                bt_mesh_comp_provision
 .text.bt_mesh_comp_unprovision
                0x000000000000e718       0x14 subsys/bluetooth/host/mesh/libsubsys__bluetooth__host__mesh.a(access.c.obj)
                0x000000000000e718                bt_mesh_comp_unprovision
 .text.bt_mesh_primary_addr
                0x000000000000e72c        0xc subsys/bluetooth/host/mesh/libsubsys__bluetooth__host__mesh.a(access.c.obj)
                0x000000000000e72c                bt_mesh_primary_addr
 .text.bt_mesh_elem_find
                0x000000000000e738       0x80 subsys/bluetooth/host/mesh/libsubsys__bluetooth__host__mesh.a(access.c.obj)
                0x000000000000e738                bt_mesh_elem_find
 .text.bt_mesh_elem_count
                0x000000000000e7b8        0xc subsys/bluetooth/host/mesh/libsubsys__bluetooth__host__mesh.a(access.c.obj)
                0x000000000000e7b8                bt_mesh_elem_count
 .text.bt_mesh_model_recv
                0x000000000000e7c4      0x1c4 subsys/bluetooth/host/mesh/libsubsys__bluetooth__host__mesh.a(access.c.obj)
                0x000000000000e7c4                bt_mesh_model_recv
 .text.bt_mesh_model_publish
                0x000000000000e988      0x138 subsys/bluetooth/host/mesh/libsubsys__bluetooth__host__mesh.a(access.c.obj)
                0x000000000000e988                bt_mesh_model_publish
 .text.mod_publish
                0x000000000000eac0      0x184 subsys/bluetooth/host/mesh/libsubsys__bluetooth__host__mesh.a(access.c.obj)
 .text.bt_mesh_comp_get
                0x000000000000ec44        0xc subsys/bluetooth/host/mesh/libsubsys__bluetooth__host__mesh.a(access.c.obj)
                0x000000000000ec44                bt_mesh_comp_get
 .text.app_key_is_valid
                0x000000000000ec50       0x3c subsys/bluetooth/host/mesh/libsubsys__bluetooth__host__mesh.a(cfg_srv.c.obj)
 .text._mod_pub_set
                0x000000000000ec8c       0xa8 subsys/bluetooth/host/mesh/libsubsys__bluetooth__host__mesh.a(cfg_srv.c.obj)
 .text.lpn_timeout_get
                0x000000000000ed34       0xa8 subsys/bluetooth/host/mesh/libsubsys__bluetooth__host__mesh.a(cfg_srv.c.obj)
 .text.node_identity_get
                0x000000000000eddc       0xc0 subsys/bluetooth/host/mesh/libsubsys__bluetooth__host__mesh.a(cfg_srv.c.obj)
 .text.app_key_get
                0x000000000000ee9c       0xf0 subsys/bluetooth/host/mesh/libsubsys__bluetooth__host__mesh.a(cfg_srv.c.obj)
 .text.hb_pub_send_status
                0x000000000000ef8c       0xd4 subsys/bluetooth/host/mesh/libsubsys__bluetooth__host__mesh.a(cfg_srv.c.obj)
 .text.send_mod_sub_status
                0x000000000000f060       0xa0 subsys/bluetooth/host/mesh/libsubsys__bluetooth__host__mesh.a(cfg_srv.c.obj)
 .text.node_reset
                0x000000000000f100       0x60 subsys/bluetooth/host/mesh/libsubsys__bluetooth__host__mesh.a(cfg_srv.c.obj)
 .text.mod_sub_get
                0x000000000000f160       0xf0 subsys/bluetooth/host/mesh/libsubsys__bluetooth__host__mesh.a(cfg_srv.c.obj)
 .text.mod_sub_get_vnd
                0x000000000000f250      0x108 subsys/bluetooth/host/mesh/libsubsys__bluetooth__host__mesh.a(cfg_srv.c.obj)
 .text.va_add   0x000000000000f358       0x7c subsys/bluetooth/host/mesh/libsubsys__bluetooth__host__mesh.a(cfg_srv.c.obj)
 .text.send_krp_status
                0x000000000000f3d4       0x78 subsys/bluetooth/host/mesh/libsubsys__bluetooth__host__mesh.a(cfg_srv.c.obj)
 .text.krp_get  0x000000000000f44c       0x64 subsys/bluetooth/host/mesh/libsubsys__bluetooth__host__mesh.a(cfg_srv.c.obj)
 .text.krp_set  0x000000000000f4b0       0xd8 subsys/bluetooth/host/mesh/libsubsys__bluetooth__host__mesh.a(cfg_srv.c.obj)
 .text.send_friend_status
                0x000000000000f588       0x64 subsys/bluetooth/host/mesh/libsubsys__bluetooth__host__mesh.a(cfg_srv.c.obj)
 .text.net_key_get
                0x000000000000f5ec       0x8c subsys/bluetooth/host/mesh/libsubsys__bluetooth__host__mesh.a(cfg_srv.c.obj)
 .text.send_net_key_status
                0x000000000000f678       0x70 subsys/bluetooth/host/mesh/libsubsys__bluetooth__host__mesh.a(cfg_srv.c.obj)
 .text.net_key_update
                0x000000000000f6e8       0xc0 subsys/bluetooth/host/mesh/libsubsys__bluetooth__host__mesh.a(cfg_srv.c.obj)
 .text.net_key_add
                0x000000000000f7a8       0xd4 subsys/bluetooth/host/mesh/libsubsys__bluetooth__host__mesh.a(cfg_srv.c.obj)
 .text.send_mod_pub_status.isra.9
                0x000000000000f87c       0xec subsys/bluetooth/host/mesh/libsubsys__bluetooth__host__mesh.a(cfg_srv.c.obj)
 .text.mod_app_get
                0x000000000000f968      0x114 subsys/bluetooth/host/mesh/libsubsys__bluetooth__host__mesh.a(cfg_srv.c.obj)
 .text.mod_app_unbind
                0x000000000000fa7c       0xe4 subsys/bluetooth/host/mesh/libsubsys__bluetooth__host__mesh.a(cfg_srv.c.obj)
 .text.mod_app_bind
                0x000000000000fb60      0x134 subsys/bluetooth/host/mesh/libsubsys__bluetooth__host__mesh.a(cfg_srv.c.obj)
 .text.mod_pub_set
                0x000000000000fc94      0x108 subsys/bluetooth/host/mesh/libsubsys__bluetooth__host__mesh.a(cfg_srv.c.obj)
 .text.mod_pub_va_set
                0x000000000000fd9c      0x128 subsys/bluetooth/host/mesh/libsubsys__bluetooth__host__mesh.a(cfg_srv.c.obj)
 .text.mod_sub_va_del
                0x000000000000fec4      0x104 subsys/bluetooth/host/mesh/libsubsys__bluetooth__host__mesh.a(cfg_srv.c.obj)
 .text.mod_sub_del
                0x000000000000ffc8       0xb8 subsys/bluetooth/host/mesh/libsubsys__bluetooth__host__mesh.a(cfg_srv.c.obj)
 .text.mod_sub_va_add
                0x0000000000010080       0xe4 subsys/bluetooth/host/mesh/libsubsys__bluetooth__host__mesh.a(cfg_srv.c.obj)
 .text.mod_sub_add
                0x0000000000010164       0xc4 subsys/bluetooth/host/mesh/libsubsys__bluetooth__host__mesh.a(cfg_srv.c.obj)
 .text.mod_pub_get.part.11
                0x0000000000010228       0x28 subsys/bluetooth/host/mesh/libsubsys__bluetooth__host__mesh.a(cfg_srv.c.obj)
 .text.dev_comp_data_get
                0x0000000000010250      0x180 subsys/bluetooth/host/mesh/libsubsys__bluetooth__host__mesh.a(cfg_srv.c.obj)
 .text.app_key_set
                0x00000000000103d0       0xdc subsys/bluetooth/host/mesh/libsubsys__bluetooth__host__mesh.a(cfg_srv.c.obj)
 .text.app_key_update
                0x00000000000104ac       0x90 subsys/bluetooth/host/mesh/libsubsys__bluetooth__host__mesh.a(cfg_srv.c.obj)
 .text.app_key_add
                0x000000000001053c       0x90 subsys/bluetooth/host/mesh/libsubsys__bluetooth__host__mesh.a(cfg_srv.c.obj)
 .text.heartbeat_pub_set
                0x00000000000105cc      0x138 subsys/bluetooth/host/mesh/libsubsys__bluetooth__host__mesh.a(cfg_srv.c.obj)
 .text.hb_sub_send_status.constprop.21
                0x0000000000010704      0x100 subsys/bluetooth/host/mesh/libsubsys__bluetooth__host__mesh.a(cfg_srv.c.obj)
 .text.heartbeat_sub_set
                0x0000000000010804      0x124 subsys/bluetooth/host/mesh/libsubsys__bluetooth__host__mesh.a(cfg_srv.c.obj)
 .text.bt_mesh_app_key_alloc
                0x0000000000010928       0x24 subsys/bluetooth/host/mesh/libsubsys__bluetooth__host__mesh.a(cfg_srv.c.obj)
                0x0000000000010928                bt_mesh_app_key_alloc
 .text.bt_mesh_app_key_del
                0x000000000001094c       0x3c subsys/bluetooth/host/mesh/libsubsys__bluetooth__host__mesh.a(cfg_srv.c.obj)
                0x000000000001094c                bt_mesh_app_key_del
 .text.app_key_del
                0x0000000000010988       0xb0 subsys/bluetooth/host/mesh/libsubsys__bluetooth__host__mesh.a(cfg_srv.c.obj)
 .text.bt_mesh_cfg_srv_init
                0x0000000000010a38       0x9c subsys/bluetooth/host/mesh/libsubsys__bluetooth__host__mesh.a(cfg_srv.c.obj)
                0x0000000000010a38                bt_mesh_cfg_srv_init
 .text.bt_mesh_heartbeat
                0x0000000000010ad4       0xd4 subsys/bluetooth/host/mesh/libsubsys__bluetooth__host__mesh.a(cfg_srv.c.obj)
                0x0000000000010ad4                bt_mesh_heartbeat
 .text.bt_mesh_net_transmit_get
                0x0000000000010ba8       0x10 subsys/bluetooth/host/mesh/libsubsys__bluetooth__host__mesh.a(cfg_srv.c.obj)
                0x0000000000010ba8                bt_mesh_net_transmit_get
 .text.net_transmit_set
                0x0000000000010bb8       0x98 subsys/bluetooth/host/mesh/libsubsys__bluetooth__host__mesh.a(cfg_srv.c.obj)
 .text.net_transmit_get
                0x0000000000010c50       0x68 subsys/bluetooth/host/mesh/libsubsys__bluetooth__host__mesh.a(cfg_srv.c.obj)
 .text.bt_mesh_relay_get
                0x0000000000010cb8       0x14 subsys/bluetooth/host/mesh/libsubsys__bluetooth__host__mesh.a(cfg_srv.c.obj)
                0x0000000000010cb8                bt_mesh_relay_get
 .text.bt_mesh_friend_get
                0x0000000000010ccc       0x14 subsys/bluetooth/host/mesh/libsubsys__bluetooth__host__mesh.a(cfg_srv.c.obj)
                0x0000000000010ccc                bt_mesh_friend_get
 .text.bt_mesh_relay_retransmit_get
                0x0000000000010ce0       0x10 subsys/bluetooth/host/mesh/libsubsys__bluetooth__host__mesh.a(cfg_srv.c.obj)
                0x0000000000010ce0                bt_mesh_relay_retransmit_get
 .text.relay_get
                0x0000000000010cf0       0x74 subsys/bluetooth/host/mesh/libsubsys__bluetooth__host__mesh.a(cfg_srv.c.obj)
 .text.bt_mesh_beacon_get
                0x0000000000010d64       0x10 subsys/bluetooth/host/mesh/libsubsys__bluetooth__host__mesh.a(cfg_srv.c.obj)
                0x0000000000010d64                bt_mesh_beacon_get
 .text.beacon_set
                0x0000000000010d74       0xd0 subsys/bluetooth/host/mesh/libsubsys__bluetooth__host__mesh.a(cfg_srv.c.obj)
 .text.beacon_get
                0x0000000000010e44       0x68 subsys/bluetooth/host/mesh/libsubsys__bluetooth__host__mesh.a(cfg_srv.c.obj)
 .text.bt_mesh_gatt_proxy_get
                0x0000000000010eac       0x14 subsys/bluetooth/host/mesh/libsubsys__bluetooth__host__mesh.a(cfg_srv.c.obj)
                0x0000000000010eac                bt_mesh_gatt_proxy_get
 .text.friend_set
                0x0000000000010ec0       0x88 subsys/bluetooth/host/mesh/libsubsys__bluetooth__host__mesh.a(cfg_srv.c.obj)
 .text.relay_set
                0x0000000000010f48       0xfc subsys/bluetooth/host/mesh/libsubsys__bluetooth__host__mesh.a(cfg_srv.c.obj)
 .text.hb_publish
                0x0000000000011044       0x84 subsys/bluetooth/host/mesh/libsubsys__bluetooth__host__mesh.a(cfg_srv.c.obj)
 .text.node_identity_set
                0x00000000000110c8      0x114 subsys/bluetooth/host/mesh/libsubsys__bluetooth__host__mesh.a(cfg_srv.c.obj)
 .text.send_gatt_proxy_status
                0x00000000000111dc       0x68 subsys/bluetooth/host/mesh/libsubsys__bluetooth__host__mesh.a(cfg_srv.c.obj)
 .text.gatt_proxy_set
                0x0000000000011244       0xd4 subsys/bluetooth/host/mesh/libsubsys__bluetooth__host__mesh.a(cfg_srv.c.obj)
 .text.bt_mesh_default_ttl_get
                0x0000000000011318       0x14 subsys/bluetooth/host/mesh/libsubsys__bluetooth__host__mesh.a(cfg_srv.c.obj)
                0x0000000000011318                bt_mesh_default_ttl_get
 .text.default_ttl_set
                0x000000000001132c       0xc8 subsys/bluetooth/host/mesh/libsubsys__bluetooth__host__mesh.a(cfg_srv.c.obj)
 .text.default_ttl_get
                0x00000000000113f4       0x68 subsys/bluetooth/host/mesh/libsubsys__bluetooth__host__mesh.a(cfg_srv.c.obj)
 .text.bt_mesh_label_uuid_get
                0x000000000001145c       0x60 subsys/bluetooth/host/mesh/libsubsys__bluetooth__host__mesh.a(cfg_srv.c.obj)
                0x000000000001145c                bt_mesh_label_uuid_get
 .text.mod_sub_list_clear
                0x00000000000114bc       0xb8 subsys/bluetooth/host/mesh/libsubsys__bluetooth__host__mesh.a(cfg_srv.c.obj)
 .text.mod_sub_va_overwrite
                0x0000000000011574       0xc4 subsys/bluetooth/host/mesh/libsubsys__bluetooth__host__mesh.a(cfg_srv.c.obj)
 .text.mod_sub_overwrite
                0x0000000000011638       0xb0 subsys/bluetooth/host/mesh/libsubsys__bluetooth__host__mesh.a(cfg_srv.c.obj)
 .text.bt_mesh_hb_pub_get
                0x00000000000116e8       0x10 subsys/bluetooth/host/mesh/libsubsys__bluetooth__host__mesh.a(cfg_srv.c.obj)
                0x00000000000116e8                bt_mesh_hb_pub_get
 .text.bt_mesh_cfg_get
                0x00000000000116f8        0xc subsys/bluetooth/host/mesh/libsubsys__bluetooth__host__mesh.a(cfg_srv.c.obj)
                0x00000000000116f8                bt_mesh_cfg_get
 .text.bt_mesh_subnet_del
                0x0000000000011704       0x74 subsys/bluetooth/host/mesh/libsubsys__bluetooth__host__mesh.a(cfg_srv.c.obj)
                0x0000000000011704                bt_mesh_subnet_del
 .text.net_key_del
                0x0000000000011778       0x6c subsys/bluetooth/host/mesh/libsubsys__bluetooth__host__mesh.a(cfg_srv.c.obj)
 .text.bt_mesh_cfg_reset
                0x00000000000117e4       0x74 subsys/bluetooth/host/mesh/libsubsys__bluetooth__host__mesh.a(cfg_srv.c.obj)
                0x00000000000117e4                bt_mesh_cfg_reset
 .text.health_period_set_unrel
                0x0000000000011858       0x48 subsys/bluetooth/host/mesh/libsubsys__bluetooth__host__mesh.a(health_srv.c.obj)
 .text.health_get_registered
                0x00000000000118a0       0xc0 subsys/bluetooth/host/mesh/libsubsys__bluetooth__host__mesh.a(health_srv.c.obj)
 .text.health_fault_test
                0x0000000000011960       0xb0 subsys/bluetooth/host/mesh/libsubsys__bluetooth__host__mesh.a(health_srv.c.obj)
 .text.health_pub_update
                0x0000000000011a10       0xf4 subsys/bluetooth/host/mesh/libsubsys__bluetooth__host__mesh.a(health_srv.c.obj)
 .text.send_health_period_status
                0x0000000000011b04       0x68 subsys/bluetooth/host/mesh/libsubsys__bluetooth__host__mesh.a(health_srv.c.obj)
 .text.send_attention_status
                0x0000000000011b6c       0x80 subsys/bluetooth/host/mesh/libsubsys__bluetooth__host__mesh.a(health_srv.c.obj)
 .text.health_fault_clear.part.2
                0x0000000000011bec       0x28 subsys/bluetooth/host/mesh/libsubsys__bluetooth__host__mesh.a(health_srv.c.obj)
 .text.bt_mesh_health_srv_init
                0x0000000000011c14       0x88 subsys/bluetooth/host/mesh/libsubsys__bluetooth__host__mesh.a(health_srv.c.obj)
                0x0000000000011c14                bt_mesh_health_srv_init
 .text.bt_mesh_attention
                0x0000000000011c9c       0x88 subsys/bluetooth/host/mesh/libsubsys__bluetooth__host__mesh.a(health_srv.c.obj)
                0x0000000000011c9c                bt_mesh_attention
 .text.key_update_find
                0x0000000000011d24       0x44 subsys/bluetooth/host/mesh/libsubsys__bluetooth__host__mesh.a(settings.c.obj)
 .text.mesh_x_set
                0x0000000000011d68       0x6c subsys/bluetooth/host/mesh/libsubsys__bluetooth__host__mesh.a(settings.c.obj)
 .text.rpl_set  0x0000000000011dd4      0x140 subsys/bluetooth/host/mesh/libsubsys__bluetooth__host__mesh.a(settings.c.obj)
 .text.hb_pub_set
                0x0000000000011f14       0x90 subsys/bluetooth/host/mesh/libsubsys__bluetooth__host__mesh.a(settings.c.obj)
 .text.net_key_set
                0x0000000000011fa4      0x150 subsys/bluetooth/host/mesh/libsubsys__bluetooth__host__mesh.a(settings.c.obj)
 .text.store_app_key
                0x00000000000120f4       0x80 subsys/bluetooth/host/mesh/libsubsys__bluetooth__host__mesh.a(settings.c.obj)
 .text.mod_set  0x0000000000012174      0x1c8 subsys/bluetooth/host/mesh/libsubsys__bluetooth__host__mesh.a(settings.c.obj)
 .text.seq_set  0x000000000001233c       0x74 subsys/bluetooth/host/mesh/libsubsys__bluetooth__host__mesh.a(settings.c.obj)
 .text.cfg_set  0x00000000000123b0       0x64 subsys/bluetooth/host/mesh/libsubsys__bluetooth__host__mesh.a(settings.c.obj)
 .text.net_set  0x0000000000012414       0x78 subsys/bluetooth/host/mesh/libsubsys__bluetooth__host__mesh.a(settings.c.obj)
 .text.mesh_set
                0x000000000001248c       0x98 subsys/bluetooth/host/mesh/libsubsys__bluetooth__host__mesh.a(settings.c.obj)
 .text.store_net_key
                0x0000000000012524       0x80 subsys/bluetooth/host/mesh/libsubsys__bluetooth__host__mesh.a(settings.c.obj)
 .text.clear_net_key
                0x00000000000125a4       0x4c subsys/bluetooth/host/mesh/libsubsys__bluetooth__host__mesh.a(settings.c.obj)
 .text.clear_app_key
                0x00000000000125f0       0x4c subsys/bluetooth/host/mesh/libsubsys__bluetooth__host__mesh.a(settings.c.obj)
 .text.atomic_test_bit.constprop.15
                0x000000000001263c       0x1c subsys/bluetooth/host/mesh/libsubsys__bluetooth__host__mesh.a(settings.c.obj)
 .text.encode_mod_path.constprop.16
                0x0000000000012658       0x2c subsys/bluetooth/host/mesh/libsubsys__bluetooth__host__mesh.a(settings.c.obj)
 .text.store_pending_mod
                0x0000000000012684      0x174 subsys/bluetooth/host/mesh/libsubsys__bluetooth__host__mesh.a(settings.c.obj)
 .text.mesh_commit
                0x00000000000127f8      0x1a0 subsys/bluetooth/host/mesh/libsubsys__bluetooth__host__mesh.a(settings.c.obj)
 .text.atomic_test_and_clear_bit.constprop.14
                0x0000000000012998       0x38 subsys/bluetooth/host/mesh/libsubsys__bluetooth__host__mesh.a(settings.c.obj)
 .text.store_pending
                0x00000000000129d0      0x468 subsys/bluetooth/host/mesh/libsubsys__bluetooth__host__mesh.a(settings.c.obj)
 .text.schedule_store
                0x0000000000012e38       0x64 subsys/bluetooth/host/mesh/libsubsys__bluetooth__host__mesh.a(settings.c.obj)
 .text.commit_mod
                0x0000000000012e9c       0x2c subsys/bluetooth/host/mesh/libsubsys__bluetooth__host__mesh.a(settings.c.obj)
 .text.iv_set   0x0000000000012ec8       0xbc subsys/bluetooth/host/mesh/libsubsys__bluetooth__host__mesh.a(settings.c.obj)
 .text.app_key_set
                0x0000000000012f84       0xe8 subsys/bluetooth/host/mesh/libsubsys__bluetooth__host__mesh.a(settings.c.obj)
 .text.bt_mesh_store_seq
                0x000000000001306c       0x14 subsys/bluetooth/host/mesh/libsubsys__bluetooth__host__mesh.a(settings.c.obj)
                0x000000000001306c                bt_mesh_store_seq
 .text.bt_mesh_settings_init
                0x0000000000013080       0x10 subsys/bluetooth/host/mesh/libsubsys__bluetooth__host__mesh.a(settings.c.obj)
                0x0000000000013080                bt_mesh_settings_init
 .text.ack_complete
                0x0000000000013090        0xc subsys/bluetooth/host/mesh/libsubsys__bluetooth__host__mesh.a(prov.c.obj)
 .text.free_segments
                0x000000000001309c       0x2c subsys/bluetooth/host/mesh/libsubsys__bluetooth__host__mesh.a(prov.c.obj)
 .text.prov_clear_tx
                0x00000000000130c8       0x14 subsys/bluetooth/host/mesh/libsubsys__bluetooth__host__mesh.a(prov.c.obj)
 .text.gen_prov_ack
                0x00000000000130dc       0x1c subsys/bluetooth/host/mesh/libsubsys__bluetooth__host__mesh.a(prov.c.obj)
 .text.send_reliable
                0x00000000000130f8       0x44 subsys/bluetooth/host/mesh/libsubsys__bluetooth__host__mesh.a(prov.c.obj)
 .text.prov_failed
                0x000000000001313c       0x2c subsys/bluetooth/host/mesh/libsubsys__bluetooth__host__mesh.a(prov.c.obj)
 .text.adv_buf_create
                0x0000000000013168       0x40 subsys/bluetooth/host/mesh/libsubsys__bluetooth__host__mesh.a(prov.c.obj)
 .text.prov_send
                0x00000000000131a8      0x16c subsys/bluetooth/host/mesh/libsubsys__bluetooth__host__mesh.a(prov.c.obj)
 .text.bearer_ctl_send
                0x0000000000013314       0x60 subsys/bluetooth/host/mesh/libsubsys__bluetooth__host__mesh.a(prov.c.obj)
 .text.gen_prov_ack_send
                0x0000000000013374       0x68 subsys/bluetooth/host/mesh/libsubsys__bluetooth__host__mesh.a(prov.c.obj)
 .text.prov_start
                0x00000000000133dc      0x218 subsys/bluetooth/host/mesh/libsubsys__bluetooth__host__mesh.a(prov.c.obj)
 .text.atomic_test_bit.constprop.26
                0x00000000000135f4       0x1c subsys/bluetooth/host/mesh/libsubsys__bluetooth__host__mesh.a(prov.c.obj)
 .text.buf_sent
                0x0000000000013610       0x20 subsys/bluetooth/host/mesh/libsubsys__bluetooth__host__mesh.a(prov.c.obj)
 .text.atomic_test_and_clear_bit.constprop.24
                0x0000000000013630       0x38 subsys/bluetooth/host/mesh/libsubsys__bluetooth__host__mesh.a(prov.c.obj)
 .text.reset_link
                0x0000000000013668       0x58 subsys/bluetooth/host/mesh/libsubsys__bluetooth__host__mesh.a(prov.c.obj)
 .text.gen_prov_ctl
                0x00000000000136c0      0x118 subsys/bluetooth/host/mesh/libsubsys__bluetooth__host__mesh.a(prov.c.obj)
 .text.prov_retransmit
                0x00000000000137d8       0xbc subsys/bluetooth/host/mesh/libsubsys__bluetooth__host__mesh.a(prov.c.obj)
 .text.bt_mesh_pb_gatt_recv
                0x0000000000013894      0x10c subsys/bluetooth/host/mesh/libsubsys__bluetooth__host__mesh.a(prov.c.obj)
                0x0000000000013894                bt_mesh_pb_gatt_recv
 .text.bt_mesh_pb_gatt_open
                0x00000000000139a0       0x40 subsys/bluetooth/host/mesh/libsubsys__bluetooth__host__mesh.a(prov.c.obj)
                0x00000000000139a0                bt_mesh_pb_gatt_open
 .text.bt_mesh_pb_gatt_close
                0x00000000000139e0       0x88 subsys/bluetooth/host/mesh/libsubsys__bluetooth__host__mesh.a(prov.c.obj)
                0x00000000000139e0                bt_mesh_pb_gatt_close
 .text.close_link.constprop.22
                0x0000000000013a68       0x5c subsys/bluetooth/host/mesh/libsubsys__bluetooth__host__mesh.a(prov.c.obj)
 .text.prov_invite
                0x0000000000013ac4       0xdc subsys/bluetooth/host/mesh/libsubsys__bluetooth__host__mesh.a(prov.c.obj)
 .text.send_pub_key
                0x0000000000013ba0       0xe4 subsys/bluetooth/host/mesh/libsubsys__bluetooth__host__mesh.a(prov.c.obj)
 .text.prov_pub_key
                0x0000000000013c84       0x5c subsys/bluetooth/host/mesh/libsubsys__bluetooth__host__mesh.a(prov.c.obj)
 .text.pub_key_ready
                0x0000000000013ce0       0x50 subsys/bluetooth/host/mesh/libsubsys__bluetooth__host__mesh.a(prov.c.obj)
 .text.prov_random
                0x0000000000013d30      0x124 subsys/bluetooth/host/mesh/libsubsys__bluetooth__host__mesh.a(prov.c.obj)
 .text.prov_data
                0x0000000000013e54      0x1ac subsys/bluetooth/host/mesh/libsubsys__bluetooth__host__mesh.a(prov.c.obj)
 .text.prov_msg_recv
                0x0000000000014000      0x110 subsys/bluetooth/host/mesh/libsubsys__bluetooth__host__mesh.a(prov.c.obj)
 .text.gen_prov_cont
                0x0000000000014110      0x154 subsys/bluetooth/host/mesh/libsubsys__bluetooth__host__mesh.a(prov.c.obj)
 .text.gen_prov_start
                0x0000000000014264      0x148 subsys/bluetooth/host/mesh/libsubsys__bluetooth__host__mesh.a(prov.c.obj)
 .text.send_confirm
                0x00000000000143ac      0x128 subsys/bluetooth/host/mesh/libsubsys__bluetooth__host__mesh.a(prov.c.obj)
 .text.prov_confirm
                0x00000000000144d4       0x34 subsys/bluetooth/host/mesh/libsubsys__bluetooth__host__mesh.a(prov.c.obj)
 .text.prov_dh_key_cb
                0x0000000000014508       0x6c subsys/bluetooth/host/mesh/libsubsys__bluetooth__host__mesh.a(prov.c.obj)
 .text.bt_mesh_prov_get
                0x0000000000014574        0xc subsys/bluetooth/host/mesh/libsubsys__bluetooth__host__mesh.a(prov.c.obj)
                0x0000000000014574                bt_mesh_prov_get
 .text.bt_mesh_pb_adv_recv
                0x0000000000014580       0xdc subsys/bluetooth/host/mesh/libsubsys__bluetooth__host__mesh.a(prov.c.obj)
                0x0000000000014580                bt_mesh_pb_adv_recv
 .text.bt_mesh_prov_init
                0x000000000001465c       0x94 subsys/bluetooth/host/mesh/libsubsys__bluetooth__host__mesh.a(prov.c.obj)
                0x000000000001465c                bt_mesh_prov_init
 .text.bt_mesh_prov_complete
                0x00000000000146f0       0x10 subsys/bluetooth/host/mesh/libsubsys__bluetooth__host__mesh.a(prov.c.obj)
                0x00000000000146f0                bt_mesh_prov_complete
 .text.bt_mesh_prov_reset
                0x0000000000014700       0x10 subsys/bluetooth/host/mesh/libsubsys__bluetooth__host__mesh.a(prov.c.obj)
                0x0000000000014700                bt_mesh_prov_reset
 .text.proxy_disconnected
                0x0000000000014710       0x38 subsys/bluetooth/host/mesh/libsubsys__bluetooth__host__mesh.a(proxy.c.obj)
 .text.prov_ccc_write.part.2
                0x0000000000014748       0x30 subsys/bluetooth/host/mesh/libsubsys__bluetooth__host__mesh.a(proxy.c.obj)
 .text.next_sub.part.5
                0x0000000000014778       0x78 subsys/bluetooth/host/mesh/libsubsys__bluetooth__host__mesh.a(proxy.c.obj)
 .text.proxy_connected
                0x00000000000147f0       0x74 subsys/bluetooth/host/mesh/libsubsys__bluetooth__host__mesh.a(proxy.c.obj)
 .text.proxy_send
                0x0000000000014864       0x3c subsys/bluetooth/host/mesh/libsubsys__bluetooth__host__mesh.a(proxy.c.obj)
 .text.proxy_send_beacons
                0x00000000000148a0       0x44 subsys/bluetooth/host/mesh/libsubsys__bluetooth__host__mesh.a(proxy.c.obj)
 .text.send_filter_status
                0x00000000000148e4       0xc8 subsys/bluetooth/host/mesh/libsubsys__bluetooth__host__mesh.a(proxy.c.obj)
 .text.proxy_ccc_write
                0x00000000000149ac       0x5c subsys/bluetooth/host/mesh/libsubsys__bluetooth__host__mesh.a(proxy.c.obj)
 .text.prov_ccc_write
                0x0000000000014a08       0x34 subsys/bluetooth/host/mesh/libsubsys__bluetooth__host__mesh.a(proxy.c.obj)
 .text.proxy_complete_pdu
                0x0000000000014a3c      0x1d4 subsys/bluetooth/host/mesh/libsubsys__bluetooth__host__mesh.a(proxy.c.obj)
 .text.proxy_recv
                0x0000000000014c10      0x1bc subsys/bluetooth/host/mesh/libsubsys__bluetooth__host__mesh.a(proxy.c.obj)
 .text.bt_mesh_proxy_beacon_send
                0x0000000000014dcc       0x4c subsys/bluetooth/host/mesh/libsubsys__bluetooth__host__mesh.a(proxy.c.obj)
                0x0000000000014dcc                bt_mesh_proxy_beacon_send
 .text.bt_mesh_proxy_identity_start
                0x0000000000014e18       0x34 subsys/bluetooth/host/mesh/libsubsys__bluetooth__host__mesh.a(proxy.c.obj)
                0x0000000000014e18                bt_mesh_proxy_identity_start
 .text.bt_mesh_proxy_identity_enable
                0x0000000000014e4c       0x64 subsys/bluetooth/host/mesh/libsubsys__bluetooth__host__mesh.a(proxy.c.obj)
                0x0000000000014e4c                bt_mesh_proxy_identity_enable
 .text.bt_mesh_proxy_get_buf
                0x0000000000014eb0       0x14 subsys/bluetooth/host/mesh/libsubsys__bluetooth__host__mesh.a(proxy.c.obj)
                0x0000000000014eb0                bt_mesh_proxy_get_buf
 .text.bt_mesh_proxy_prov_enable
                0x0000000000014ec4       0x44 subsys/bluetooth/host/mesh/libsubsys__bluetooth__host__mesh.a(proxy.c.obj)
                0x0000000000014ec4                bt_mesh_proxy_prov_enable
 .text.bt_mesh_proxy_prov_disable
                0x0000000000014f08       0x44 subsys/bluetooth/host/mesh/libsubsys__bluetooth__host__mesh.a(proxy.c.obj)
                0x0000000000014f08                bt_mesh_proxy_prov_disable
 .text.bt_mesh_proxy_gatt_enable