Archive member included to satisfy reference by file (symbol)

app/libapp.a(main.c.obj)      (--whole-archive)
app/libapp.a(app_gpio.c.obj)  (--whole-archive)
app/libapp.a(storage.c.obj)   (--whole-archive)
app/libapp.a(ble_mesh.c.obj)  (--whole-archive)
app/libapp.a(device_composition.c.obj)
                              (--whole-archive)
app/libapp.a(no_transition_work_handler.c.obj)
                              (--whole-archive)
app/libapp.a(publisher.c.obj)
                              (--whole-archive)
app/libapp.a(state_binding.c.obj)
                              (--whole-archive)
app/libapp.a(transition.c.obj)
                              (--whole-archive)
zephyr/libzephyr.a(isr_tables.c.obj)
                              (--whole-archive)
zephyr/libzephyr.a(sw_isr_common.c.obj)
                              (--whole-archive)
zephyr/libzephyr.a(crc32_sw.c.obj)
                              (--whole-archive)
zephyr/libzephyr.a(crc16_sw.c.obj)
                              (--whole-archive)
zephyr/libzephyr.a(crc8_sw.c.obj)
                              (--whole-archive)
zephyr/libzephyr.a(crc7_sw.c.obj)
                              (--whole-archive)
zephyr/libzephyr.a(fdtable.c.obj)
                              (--whole-archive)
zephyr/libzephyr.a(mempool.c.obj)
                              (--whole-archive)
zephyr/libzephyr.a(rb.c.obj)  (--whole-archive)
zephyr/libzephyr.a(thread_entry.c.obj)
                              (--whole-archive)
zephyr/libzephyr.a(work_q.c.obj)
                              (--whole-archive)
zephyr/libzephyr.a(printk.c.obj)
                              (--whole-archive)
zephyr/libzephyr.a(configs.c.obj)
                              (--whole-archive)
zephyr/libzephyr.a(soc.c.obj)
                              (--whole-archive)
zephyr/libzephyr.a(power.c.obj)
                              (--whole-archive)
zephyr/libzephyr.a(mpu_regions.c.obj)
                              (--whole-archive)
zephyr/libzephyr.a(utils.c.obj)
                              (--whole-archive)
zephyr/libzephyr.a(ecc_dh.c.obj)
                              (--whole-archive)
zephyr/libzephyr.a(ecc.c.obj)
                              (--whole-archive)
zephyr/libzephyr.a(aes_decrypt.c.obj)
                              (--whole-archive)
zephyr/libzephyr.a(aes_encrypt.c.obj)
                              (--whole-archive)
zephyr/libzephyr.a(cmac_mode.c.obj)
                              (--whole-archive)
zephyr/libzephyr.a(system_nrf52.c.obj)
                              (--whole-archive)
zephyr/libzephyr.a(nrfx_glue.c.obj)
                              (--whole-archive)
zephyr/libzephyr.a(SEGGER_RTT.c.obj)
                              (--whole-archive)
zephyr/libzephyr.a(SEGGER_RTT_zephyr.c.obj)
                              (--whole-archive)
zephyr/libzephyr.a(fcb_append.c.obj)
                              (--whole-archive)
zephyr/libzephyr.a(fcb.c.obj)
                              (--whole-archive)
zephyr/libzephyr.a(fcb_elem_info.c.obj)
                              (--whole-archive)
zephyr/libzephyr.a(fcb_getnext.c.obj)
                              (--whole-archive)
zephyr/libzephyr.a(fcb_rotate.c.obj)
                              (--whole-archive)
zephyr/libzephyr.a(fcb_walk.c.obj)
                              (--whole-archive)
zephyr/libzephyr.a(rand32_entropy_device.c.obj)
                              (--whole-archive)
zephyr/libzephyr.a(flash_map.c.obj)
                              (--whole-archive)
zephyr/libzephyr.a(flash_map_default.c.obj)
                              (--whole-archive)
zephyr/libzephyr.a(settings_store.c.obj)
                              (--whole-archive)
zephyr/libzephyr.a(settings.c.obj)
                              (--whole-archive)
zephyr/libzephyr.a(settings_init.c.obj)
                              (--whole-archive)
zephyr/libzephyr.a(settings_line.c.obj)
                              (--whole-archive)
zephyr/libzephyr.a(settings_fcb.c.obj)
                              (--whole-archive)
zephyr/libzephyr.a(power.c.obj)
                              (--whole-archive)
zephyr/libzephyr.a(policy_residency.c.obj)
                              (--whole-archive)
zephyr/libzephyr.a(uart_console.c.obj)
                              (--whole-archive)
zephyr/libzephyr.a(rtt_console.c.obj)
                              (--whole-archive)
zephyr/libzephyr.a(nrf_power_clock.c.obj)
                              (--whole-archive)
zephyr/libzephyr.a(sys_clock_init.c.obj)
                              (--whole-archive)
zephyr/libzephyr.a(nrf_rtc_timer.c.obj)
                              (--whole-archive)
zephyr/arch/arch/arm/core/libarch__arm__core.a(exc_exit.S.obj)
                              (--whole-archive)
zephyr/arch/arch/arm/core/libarch__arm__core.a(irq_init.c.obj)
                              (--whole-archive)
zephyr/arch/arch/arm/core/libarch__arm__core.a(swap.c.obj)
                              (--whole-archive)
[...]
Memory Configuration

Name             Origin             Length             Attributes
FLASH            0x0000000000000000 0x0000000000080000 xr
SRAM             0x0000000020000000 0x0000000000010000 xw
IDT_LIST         0x0000000020010000 0x0000000000000800 xw
*default*        0x0000000000000000 0xffffffffffffffff

Linker script and memory map

LOAD zephyr/CMakeFiles/kernel_elf.dir/misc/empty_file.c.obj
LOAD zephyr/CMakeFiles/kernel_elf.dir/isr_tables.c.obj
LOAD app/libapp.a
LOAD zephyr/libzephyr.a
LOAD zephyr/arch/arch/arm/core/libarch__arm__core.a
LOAD zephyr/arch/arch/arm/core/cortex_m/libarch__arm__core__cortex_m.a
LOAD zephyr/arch/arch/arm/core/cortex_m/mpu/libarch__arm__core__cortex_m__mpu.a
LOAD zephyr/lib/libc/minimal/liblib__libc__minimal.a
LOAD zephyr/subsys/bluetooth/common/libsubsys__bluetooth__common.a
LOAD zephyr/subsys/bluetooth/host/libsubsys__bluetooth__host.a
LOAD zephyr/subsys/bluetooth/host/mesh/libsubsys__bluetooth__host__mesh.a
LOAD zephyr/subsys/bluetooth/controller/libsubsys__bluetooth__controller.a
LOAD zephyr/subsys/net/libsubsys__net.a
LOAD zephyr/drivers/gpio/libdrivers__gpio.a
LOAD zephyr/drivers/flash/libdrivers__flash.a
LOAD zephyr/drivers/serial/libdrivers__serial.a
LOAD zephyr/drivers/entropy/libdrivers__entropy.a
LOAD zephyr/kernel/libkernel.a
LOAD zephyr/CMakeFiles/offsets.dir/arch/arm/core/offsets/offsets.c.obj
LOAD /opt/zephyr-sdk/arm-zephyr-eabi/bin/../lib/gcc/arm-zephyr-eabi/8.3.0/thumb/v7e-m/nofp/libgcc.a
                0x0000000000000020                _region_min_align = 0x20

.rel.plt        0x0000000000000000        0x0
 *(SORT_BY_ALIGNMENT(.rel.plt))
                [!provide]                        PROVIDE (__rel_iplt_start = .)
 *(SORT_BY_ALIGNMENT(.rel.iplt))
 .rel.iplt      0x0000000000000000        0x0 zephyr/CMakeFiles/kernel_elf.dir/isr_tables.c.obj
                [!provide]                        PROVIDE (__rel_iplt_end = .)

.rela.plt       0x0000000000000000        0x0
 *(SORT_BY_ALIGNMENT(.rela.plt))
                [!provide]                        PROVIDE (__rela_iplt_start = .)
 *(SORT_BY_ALIGNMENT(.rela.iplt))
                [!provide]                        PROVIDE (__rela_iplt_end = .)

.rel.dyn
 *(SORT_BY_ALIGNMENT(.rel.*))

.rela.dyn
 *(SORT_BY_ALIGNMENT(.rela.*))

/DISCARD/
 *(SORT_BY_ALIGNMENT(.plt))
 *(SORT_BY_ALIGNMENT(.iplt))
 *(SORT_BY_ALIGNMENT(.got.plt))
 *(SORT_BY_ALIGNMENT(.igot.plt))
 *(SORT_BY_ALIGNMENT(.got))
 *(SORT_BY_ALIGNMENT(.igot))
 *(SORT_BY_ALIGNMENT(.irq_info))
 *(SORT_BY_ALIGNMENT(.intList))
                0x0000000000000000                _image_rom_start = 0x0

text            0x0000000000000000       0xdc
                0x0000000000000000                . = 0x0
                0x0000000000000000                _vector_start = .
 *(SORT_BY_ALIGNMENT(.exc_vector_table))
 *(SORT_BY_ALIGNMENT(.exc_vector_table.*))
 .exc_vector_table._vector_table_section
                0x0000000000000000       0x40 zephyr/arch/arch/arm/core/cortex_m/libarch__arm__core__cortex_m.a(vector_table.S.obj)
                0x0000000000000000                _vector_table
 *(SORT_BY_ALIGNMENT(.gnu.linkonce.irq_vector_table))
 .gnu.linkonce.irq_vector_table
                0x0000000000000040       0x9c zephyr/CMakeFiles/kernel_elf.dir/isr_tables.c.obj
                0x0000000000000040                _irq_vector_table
 *(SORT_BY_ALIGNMENT(.vectors))
 *(SORT_BY_ALIGNMENT(.openocd_dbg))
 *(SORT_BY_ALIGNMENT(.openocd_dbg.*))
 *(SORT_BY_ALIGNMENT(.kinetis_flash_config))
 *(SORT_BY_ALIGNMENT(.kinetis_flash_config.*))
                0x00000000000000dc                _vector_end = .

_TEXT_SECTION_NAME_2
                0x00000000000000e0    0x1fcaa
                0x00000000000000e0                _image_text_start = .
 *(SORT_BY_ALIGNMENT(.text))
 .text          0x00000000000000e0      0x378 /opt/zephyr-sdk/arm-zephyr-eabi/bin/../lib/gcc/arm-zephyr-eabi/8.3.0/thumb/v7e-m/nofp/libgcc.a(_arm_addsubdf3.o)
                0x00000000000000e0                __aeabi_drsub
                0x00000000000000e8                __aeabi_dsub
                0x00000000000000e8                __subdf3
                0x00000000000000ec                __adddf3
                0x00000000000000ec                __aeabi_dadd
                0x0000000000000364                __aeabi_ui2d
                0x0000000000000364                __floatunsidf
                0x0000000000000384                __floatsidf
                0x0000000000000384                __aeabi_i2d
                0x00000000000003a8                __extendsfdf2
                0x00000000000003a8                __aeabi_f2d
                0x00000000000003ec                __aeabi_ul2d
                0x00000000000003ec                __floatundidf
                0x00000000000003fc                __floatdidf
                0x00000000000003fc                __aeabi_l2d
 .text          0x0000000000000458      0x110 /opt/zephyr-sdk/arm-zephyr-eabi/bin/../lib/gcc/arm-zephyr-eabi/8.3.0/thumb/v7e-m/nofp/libgcc.a(_arm_cmpdf2.o)
                0x0000000000000458                __gtdf2
                0x0000000000000458                __gedf2
                0x0000000000000460                __ltdf2
                0x0000000000000460                __ledf2
                0x0000000000000468                __cmpdf2
                0x0000000000000468                __eqdf2
                0x0000000000000468                __nedf2
                0x00000000000004e4                __aeabi_cdrcmple
                0x00000000000004f4                __aeabi_cdcmple
                0x00000000000004f4                __aeabi_cdcmpeq
                0x0000000000000504                __aeabi_dcmpeq
                0x0000000000000518                __aeabi_dcmplt
                0x000000000000052c                __aeabi_dcmple
                0x0000000000000540                __aeabi_dcmpge
                0x0000000000000554                __aeabi_dcmpgt
 .text          0x0000000000000568      0x21c /opt/zephyr-sdk/arm-zephyr-eabi/bin/../lib/gcc/arm-zephyr-eabi/8.3.0/thumb/v7e-m/nofp/libgcc.a(_arm_addsubsf3.o)
                0x0000000000000568                __aeabi_frsub
                0x0000000000000570                __subsf3
                0x0000000000000570                __aeabi_fsub
                0x0000000000000574                __aeabi_fadd
                0x0000000000000574                __addsf3
                0x00000000000006d4                __aeabi_ui2f
                0x00000000000006d4                __floatunsisf
                0x00000000000006dc                __aeabi_i2f
                0x00000000000006dc                __floatsisf
                0x00000000000006f8                __floatundisf
                0x00000000000006f8                __aeabi_ul2f
                0x0000000000000708                __floatdisf
                0x0000000000000708                __aeabi_l2f
 .text          0x0000000000000784      0x2a0 /opt/zephyr-sdk/arm-zephyr-eabi/bin/../lib/gcc/arm-zephyr-eabi/8.3.0/thumb/v7e-m/nofp/libgcc.a(_arm_muldivsf3.o)
                0x0000000000000784                __mulsf3
                0x0000000000000784                __aeabi_fmul
                0x00000000000008ec                __divsf3
                0x00000000000008ec                __aeabi_fdiv
 .text          0x0000000000000a24       0xec /opt/zephyr-sdk/arm-zephyr-eabi/bin/../lib/gcc/arm-zephyr-eabi/8.3.0/thumb/v7e-m/nofp/libgcc.a(_arm_cmpsf2.o)
                0x0000000000000a24                __gtsf2
                0x0000000000000a24                __gesf2
                0x0000000000000a2c                __lesf2
                0x0000000000000a2c                __ltsf2
                0x0000000000000a34                __nesf2
                0x0000000000000a34                __eqsf2
                0x0000000000000a34                __cmpsf2
                0x0000000000000a94                __aeabi_cfrcmple
                0x0000000000000a9c                __aeabi_cfcmple
                0x0000000000000a9c                __aeabi_cfcmpeq
                0x0000000000000aac                __aeabi_fcmpeq
                0x0000000000000ac0                __aeabi_fcmplt
                0x0000000000000ad4                __aeabi_fcmple
                0x0000000000000ae8                __aeabi_fcmpge
                0x0000000000000afc                __aeabi_fcmpgt
 .text          0x0000000000000b10       0x4c /opt/zephyr-sdk/arm-zephyr-eabi/bin/../lib/gcc/arm-zephyr-eabi/8.3.0/thumb/v7e-m/nofp/libgcc.a(_arm_fixsfsi.o)
                0x0000000000000b10                __fixsfsi
                0x0000000000000b10                __aeabi_f2iz
 .text          0x0000000000000b5c       0x40 /opt/zephyr-sdk/arm-zephyr-eabi/bin/../lib/gcc/arm-zephyr-eabi/8.3.0/thumb/v7e-m/nofp/libgcc.a(_arm_fixunssfsi.o)
                0x0000000000000b5c                __aeabi_f2uiz
                0x0000000000000b5c                __fixunssfsi
 .text          0x0000000000000b9c       0xa0 /opt/zephyr-sdk/arm-zephyr-eabi/bin/../lib/gcc/arm-zephyr-eabi/8.3.0/thumb/v7e-m/nofp/libgcc.a(_aeabi_ldivmod.o)
                0x0000000000000b9c                __aeabi_ldivmod
 .text          0x0000000000000c3c       0x30 /opt/zephyr-sdk/arm-zephyr-eabi/bin/../lib/gcc/arm-zephyr-eabi/8.3.0/thumb/v7e-m/nofp/libgcc.a(_aeabi_uldivmod.o)
                0x0000000000000c3c                __aeabi_uldivmod
 .text          0x0000000000000c6c        0x4 /opt/zephyr-sdk/arm-zephyr-eabi/bin/../lib/gcc/arm-zephyr-eabi/8.3.0/thumb/v7e-m/nofp/libgcc.a(_dvmd_tls.o)
                0x0000000000000c6c                __aeabi_ldiv0
                0x0000000000000c6c                __aeabi_idiv0
 .text          0x0000000000000c70       0x26 /opt/zephyr-sdk/arm-zephyr-eabi/bin/../lib/gcc/arm-zephyr-eabi/8.3.0/thumb/v7e-m/nofp/libgcc.a(_popcountsi2.o)
                0x0000000000000c70                __popcountsi2
 .text          0x0000000000000c96      0x2b4 /opt/zephyr-sdk/arm-zephyr-eabi/bin/../lib/gcc/arm-zephyr-eabi/8.3.0/thumb/v7e-m/nofp/libgcc.a(_udivmoddi4.o)
                0x0000000000000c96                __udivmoddi4
 *(SORT_BY_ALIGNMENT(.text.*))
 *fill*         0x0000000000000f4a        0x6 
 .text.linear_to_actual
                0x0000000000000f50       0xa0 app/libapp.a(state_binding.c.obj)
 .text.event_slave_prepare
                0x0000000000000ff0      0x8b8 zephyr/subsys/bluetooth/controller/libsubsys__bluetooth__controller.a(ctrl.c.obj)
 .text.isr      0x00000000000018a8     0x1720 zephyr/subsys/bluetooth/controller/libsubsys__bluetooth__controller.a(ctrl.c.obj)
 .text.radio_adv_enable
                0x0000000000002fc8      0x2a8 zephyr/subsys/bluetooth/controller/libsubsys__bluetooth__controller.a(ctrl.c.obj)
                0x0000000000002fc8                radio_adv_enable
 .text.radio_scan_enable
                0x0000000000003270      0x158 zephyr/subsys/bluetooth/controller/libsubsys__bluetooth__controller.a(ctrl.c.obj)
                0x0000000000003270                radio_scan_enable
 .text.erase_op
                0x00000000000033c8       0xa8 zephyr/drivers/flash/libdrivers__flash.a(soc_flash_nrf.c.obj)
 .text.work_in_time_slice
                0x0000000000003470       0xe8 zephyr/drivers/flash/libdrivers__flash.a(soc_flash_nrf.c.obj)
 .text.write_op
                0x0000000000003558      0x134 zephyr/drivers/flash/libdrivers__flash.a(soc_flash_nrf.c.obj)
 .text.reset_counter_timer_handler
                0x000000000000368c       0x20 app/libapp.a(main.c.obj)
 .text.update_led_gpio
                0x00000000000036ac       0x98 app/libapp.a(main.c.obj)
                0x00000000000036ac                update_led_gpio
 .text.update_light_state
                0x0000000000003744       0x54 app/libapp.a(main.c.obj)
                0x0000000000003744                update_light_state
 .text.main     0x0000000000003798      0x154 app/libapp.a(main.c.obj)
                0x0000000000003798                main
 .text.button_pressed
                0x00000000000038ec       0x30 app/libapp.a(app_gpio.c.obj)
 .text.app_gpio_init
                0x000000000000391c      0x150 app/libapp.a(app_gpio.c.obj)
                0x000000000000391c                app_gpio_init
 .text.ps_set   0x0000000000003a6c       0xf0 app/libapp.a(storage.c.obj)
 .text.save_on_flash
                0x0000000000003b5c       0x38 app/libapp.a(storage.c.obj)
                0x0000000000003b5c                save_on_flash
 .text.storage_work_handler
                0x0000000000003b94       0xd8 app/libapp.a(storage.c.obj)
 .text.ps_settings_init
                0x0000000000003c6c       0x34 app/libapp.a(storage.c.obj)
                0x0000000000003c6c                ps_settings_init
 .text.bt_ready
                0x0000000000003ca0       0x78 app/libapp.a(ble_mesh.c.obj)
                0x0000000000003ca0                bt_ready
 .text.gen_onpowerup_publish
                0x0000000000003d18       0x3c app/libapp.a(device_composition.c.obj)
 .text.gen_def_trans_time_publish
                0x0000000000003d54       0x3c app/libapp.a(device_composition.c.obj)
 .text.light_ctl_temp_range_publish
                0x0000000000003d90       0x4c app/libapp.a(device_composition.c.obj)
 .text.light_ctl_default_publish
                0x0000000000003ddc       0x4c app/libapp.a(device_composition.c.obj)
 .text.light_lightness_range_publish
                0x0000000000003e28       0x4c app/libapp.a(device_composition.c.obj)
 .text.light_lightness_default_publish
                0x0000000000003e74       0x3c app/libapp.a(device_composition.c.obj)
 .text.light_ctl_default_status
                0x0000000000003eb0       0x48 app/libapp.a(device_composition.c.obj)
 .text.light_lightness_default_status
                0x0000000000003ef8       0x24 app/libapp.a(device_composition.c.obj)
 .text.light_lightness_last_status
                0x0000000000003f1c       0x24 app/libapp.a(device_composition.c.obj)
 .text.light_ctl_temp_range_status
                0x0000000000003f40       0x48 app/libapp.a(device_composition.c.obj)
 .text.light_lightness_range_status
                0x0000000000003f88       0x48 app/libapp.a(device_composition.c.obj)
 .text.gen_onpowerup_status
                0x0000000000003fd0       0x24 app/libapp.a(device_composition.c.obj)
 .text.gen_def_trans_time_status
                0x0000000000003ff4       0x24 app/libapp.a(device_composition.c.obj)
 .text.light_lightness_default_set_unack
                0x0000000000004018       0x2c app/libapp.a(device_composition.c.obj)
 .text.light_ctl_temp_range_get
                0x0000000000004044       0x60 app/libapp.a(device_composition.c.obj)
 .text.light_ctl_default_get
                0x00000000000040a4       0x5c app/libapp.a(device_composition.c.obj)
 .text.light_ctl_get
                0x0000000000004100       0x78 app/libapp.a(device_composition.c.obj)
 .text.light_lightness_range_get
                0x0000000000004178       0x60 app/libapp.a(device_composition.c.obj)
 .text.light_lightness_default_get
                0x00000000000041d8       0x4c app/libapp.a(device_composition.c.obj)
 .text.light_lightness_last_get
                0x0000000000004224       0x4c app/libapp.a(device_composition.c.obj)
 .text.light_lightness_linear_get
                0x0000000000004270       0x68 app/libapp.a(device_composition.c.obj)
 .text.light_lightness_get
                0x00000000000042d8       0x68 app/libapp.a(device_composition.c.obj)
 .text.gen_onpowerup_get
                0x0000000000004340       0x4c app/libapp.a(device_composition.c.obj)
 .text.gen_def_trans_time_get
                0x000000000000438c       0x4c app/libapp.a(device_composition.c.obj)
 .text.gen_level_get
                0x00000000000043d8       0x68 app/libapp.a(device_composition.c.obj)
 .text.gen_onoff_get
                0x0000000000004440       0x68 app/libapp.a(device_composition.c.obj)
 .text.light_ctl_temp_get
                0x00000000000044a8       0x78 app/libapp.a(device_composition.c.obj)
 .text.vnd_status
                0x0000000000004520       0x38 app/libapp.a(device_composition.c.obj)
 .text.vnd_get  0x0000000000004558       0x5c app/libapp.a(device_composition.c.obj)
 .text.gen_level_move_publish.part.0
                0x00000000000045b4       0x1c app/libapp.a(device_composition.c.obj)
 .text.gen_move_set_unack
                0x00000000000045d0      0x140 app/libapp.a(device_composition.c.obj)
 .text.light_ctl_temp_status
                0x0000000000004710       0x74 app/libapp.a(device_composition.c.obj)
 .text.light_ctl_status
                0x0000000000004784       0x74 app/libapp.a(device_composition.c.obj)
 .text.light_lightness_linear_status.part.3
                0x00000000000047f8       0x2c app/libapp.a(device_composition.c.obj)
 .text.light_lightness_linear_status
                0x0000000000004824       0x34 app/libapp.a(device_composition.c.obj)
 .text.light_lightness_status
                0x0000000000004858       0x34 app/libapp.a(device_composition.c.obj)
 .text.gen_level_status
                0x000000000000488c       0x50 app/libapp.a(device_composition.c.obj)
 .text.gen_onoff_status
                0x00000000000048dc       0x50 app/libapp.a(device_composition.c.obj)
 .text.gen_def_trans_time_set
                0x000000000000492c       0x44 app/libapp.a(device_composition.c.obj)
 .text.gen_level_move_get.isra.17
                0x0000000000004970       0x6c app/libapp.a(device_composition.c.obj)
 .text.gen_move_set
                0x00000000000049dc      0x164 app/libapp.a(device_composition.c.obj)
 .text.vnd_set_unack
                0x0000000000004b40       0x94 app/libapp.a(device_composition.c.obj)
 .text.gen_def_trans_time_set_unack
                0x0000000000004bd4       0x38 app/libapp.a(device_composition.c.obj)
 .text.gen_onoff_set_unack
                0x0000000000004c0c      0x114 app/libapp.a(device_composition.c.obj)
 .text.gen_onoff_set
                0x0000000000004d20      0x138 app/libapp.a(device_composition.c.obj)
 .text.gen_delta_set_unack
                0x0000000000004e58      0x160 app/libapp.a(device_composition.c.obj)
 .text.gen_delta_set
                0x0000000000004fb8      0x184 app/libapp.a(device_composition.c.obj)
 .text.gen_level_set_unack
                0x000000000000513c      0x138 app/libapp.a(device_composition.c.obj)
 .text.gen_level_set
                0x0000000000005274      0x168 app/libapp.a(device_composition.c.obj)
 .text.light_lightness_set_unack
                0x00000000000053dc      0x10c app/libapp.a(device_composition.c.obj)
 .text.light_lightness_set
                0x00000000000054e8      0x134 app/libapp.a(device_composition.c.obj)
 .text.light_lightness_linear_set_unack
                0x000000000000561c       0xf8 app/libapp.a(device_composition.c.obj)
 .text.light_lightness_linear_set
                0x0000000000005714      0x11c app/libapp.a(device_composition.c.obj)
 .text.light_ctl_publish
                0x0000000000005830       0x68 app/libapp.a(device_composition.c.obj)
                0x0000000000005830                light_ctl_publish
 .text.light_ctl_set_unack
                0x0000000000005898      0x174 app/libapp.a(device_composition.c.obj)
 .text.light_ctl_set
                0x0000000000005a0c      0x198 app/libapp.a(device_composition.c.obj)
 .text.light_ctl_temp_publish
                0x0000000000005ba4       0x68 app/libapp.a(device_composition.c.obj)
                0x0000000000005ba4                light_ctl_temp_publish
 .text.light_ctl_temp_set_unack
                0x0000000000005c0c      0x154 app/libapp.a(device_composition.c.obj)
 .text.light_ctl_temp_set
                0x0000000000005d60      0x178 app/libapp.a(device_composition.c.obj)
 .text.unsolicitedly_publish_states_work_handler
                0x0000000000005ed8       0x48 app/libapp.a(no_transition_work_handler.c.obj)
 .text.no_transition_work_handler
                0x0000000000005f20       0x84 app/libapp.a(no_transition_work_handler.c.obj)
 .text.unsolicitedly_publish_states_timer_handler
                0x0000000000005fa4       0x30 app/libapp.a(no_transition_work_handler.c.obj)
 .text.randomize_publishers_TID
                0x0000000000005fd4       0x28 app/libapp.a(publisher.c.obj)
                0x0000000000005fd4                randomize_publishers_TID
 .text.publish  0x0000000000005ffc       0xf4 app/libapp.a(publisher.c.obj)
                0x0000000000005ffc                publish
 .text.light_ctl_temp_to_level
                0x00000000000060f0       0x38 app/libapp.a(state_binding.c.obj)
 .text.level_to_light_ctl_temp
                0x0000000000006128       0x3c app/libapp.a(state_binding.c.obj)
 .text.readjust_lightness
                0x0000000000006164       0x74 app/libapp.a(state_binding.c.obj)
                0x0000000000006164                readjust_lightness
 .text.readjust_temperature
                0x00000000000061d8       0x24 app/libapp.a(state_binding.c.obj)
                0x00000000000061d8                readjust_temperature
 .text.state_binding
                0x00000000000061fc       0xe0 app/libapp.a(state_binding.c.obj)
                0x00000000000061fc                state_binding
 .text.calculate_lightness_target_values
                0x00000000000062dc       0xe0 app/libapp.a(state_binding.c.obj)
                0x00000000000062dc                calculate_lightness_target_values
 .text.calculate_temp_target_values
                0x00000000000063bc       0x44 app/libapp.a(state_binding.c.obj)
                0x00000000000063bc                calculate_temp_target_values
 .text.onoff_work_handler
                0x0000000000006400       0x84 app/libapp.a(transition.c.obj)
 .text.level_lightness_work_handler
                0x0000000000006484       0x80 app/libapp.a(transition.c.obj)
 .text.light_ctl_work_handler
                0x0000000000006504       0x80 app/libapp.a(transition.c.obj)
 .text.light_ctl_temp_work_handler
                0x0000000000006584       0x74 app/libapp.a(transition.c.obj)
 .text.tt_values_calculator
                0x00000000000065f8       0x68 app/libapp.a(transition.c.obj)
 .text.level_temp_work_handler
                0x0000000000006660       0x74 app/libapp.a(transition.c.obj)
 .text.light_lightness_actual_work_handler
                0x00000000000066d4       0x68 app/libapp.a(transition.c.obj)
 .text.light_lightness_linear_work_handler
                0x000000000000673c       0x68 app/libapp.a(transition.c.obj)
 .text.k_work_submit
                0x00000000000067a4       0x30 app/libapp.a(transition.c.obj)
 .text.onoff_tt_handler
                0x00000000000067d4        0xc app/libapp.a(transition.c.obj)
 .text.level_lightness_tt_handler
                0x00000000000067e0        0xc app/libapp.a(transition.c.obj)
 .text.level_temp_tt_handler
                0x00000000000067ec        0xc app/libapp.a(transition.c.obj)
 .text.light_lightness_actual_tt_handler
                0x00000000000067f8        0xc app/libapp.a(transition.c.obj)
 .text.light_lightness_linear_tt_handler
                0x0000000000006804        0xc app/libapp.a(transition.c.obj)
 .text.light_ctl_tt_handler
                0x0000000000006810        0xc app/libapp.a(transition.c.obj)
 .text.light_ctl_temp_tt_handler
                0x000000000000681c        0xc app/libapp.a(transition.c.obj)
 .text.calculate_rt
                0x0000000000006828       0x7c app/libapp.a(transition.c.obj)
                0x0000000000006828                calculate_rt
 .text.onoff_tt_values
                0x00000000000068a4       0x64 app/libapp.a(transition.c.obj)
                0x00000000000068a4                onoff_tt_values
 .text.level_tt_values
                0x0000000000006908       0x84 app/libapp.a(transition.c.obj)
                0x0000000000006908                level_tt_values
 .text.light_lightness_actual_tt_values
                0x000000000000698c       0x58 app/libapp.a(transition.c.obj)
                0x000000000000698c                light_lightness_actual_tt_values
 .text.light_lightness_linear_tt_values
                0x00000000000069e4       0x58 app/libapp.a(transition.c.obj)
                0x00000000000069e4                light_lightness_linear_tt_values
 .text.light_ctl_tt_values
                0x0000000000006a3c       0x8c app/libapp.a(transition.c.obj)
                0x0000000000006a3c                light_ctl_tt_values
 .text.light_ctl_temp_tt_values
                0x0000000000006ac8       0x74 app/libapp.a(transition.c.obj)
                0x0000000000006ac8                light_ctl_temp_tt_values
 .text.onoff_handler
                0x0000000000006b3c       0x30 app/libapp.a(transition.c.obj)
                0x0000000000006b3c                onoff_handler
 .text.level_lightness_handler
                0x0000000000006b6c       0x30 app/libapp.a(transition.c.obj)
                0x0000000000006b6c                level_lightness_handler
 .text.level_temp_handler
                0x0000000000006b9c       0x30 app/libapp.a(transition.c.obj)
                0x0000000000006b9c                level_temp_handler
 .text.light_lightness_actual_handler
                0x0000000000006bcc       0x30 app/libapp.a(transition.c.obj)
                0x0000000000006bcc                light_lightness_actual_handler
 .text.light_lightness_linear_handler
                0x0000000000006bfc       0x30 app/libapp.a(transition.c.obj)
                0x0000000000006bfc                light_lightness_linear_handler
 .text.light_ctl_handler
                0x0000000000006c2c       0x30 app/libapp.a(transition.c.obj)
                0x0000000000006c2c                light_ctl_handler
 .text.light_ctl_temp_handler
                0x0000000000006c5c       0x30 app/libapp.a(transition.c.obj)
                0x0000000000006c5c                light_ctl_temp_handler
 .text.crc8_ccitt
                0x0000000000006c8c       0x2c zephyr/libzephyr.a(crc8_sw.c.obj)
                0x0000000000006c8c                crc8_ccitt
 .text.char_out
                0x0000000000006cb8       0x10 zephyr/libzephyr.a(printk.c.obj)
 .text._printk_dec_ulong
                0x0000000000006cc8       0xa0 zephyr/libzephyr.a(printk.c.obj)
 .text.__printk_hook_install
                0x0000000000006d68        0xc zephyr/libzephyr.a(printk.c.obj)
                0x0000000000006d68                __printk_hook_install
 .text.vprintk  0x0000000000006d74       0x1c zephyr/libzephyr.a(printk.c.obj)
                0x0000000000006d74                vprintk
 .text.snprintk
                0x0000000000006d90       0x38 zephyr/libzephyr.a(printk.c.obj)
                0x0000000000006d90                snprintk
 .text.nordicsemi_nrf52_init
                0x0000000000006dc8       0x40 zephyr/libzephyr.a(soc.c.obj)
 .text.uECC_get_rng
                0x0000000000006e08        0xc zephyr/libzephyr.a(ecc.c.obj)
                0x0000000000006e08                uECC_get_rng
 .text.vli_mmod_fast_secp256r1
                0x0000000000006e14      0x1a0 zephyr/libzephyr.a(ecc.c.obj)
                0x0000000000006e14                vli_mmod_fast_secp256r1
 .text.tc_aes128_set_encrypt_key
                0x0000000000006fb4       0xac zephyr/libzephyr.a(aes_encrypt.c.obj)
                0x0000000000006fb4                tc_aes128_set_encrypt_key
 .text.tc_aes_encrypt
                0x0000000000007060       0xd4 zephyr/libzephyr.a(aes_encrypt.c.obj)
                0x0000000000007060                tc_aes_encrypt
 .text.errata_12
                0x0000000000007134       0x40 zephyr/libzephyr.a(system_nrf52.c.obj)
 .text.errata_16
                0x0000000000007174       0x34 zephyr/libzephyr.a(system_nrf52.c.obj)
 .text.SystemInit
                0x00000000000071a8      0x248 zephyr/libzephyr.a(system_nrf52.c.obj)
                0x00000000000071a8                SystemInit
 .text._DoInit  0x00000000000073f0       0x60 zephyr/libzephyr.a(SEGGER_RTT.c.obj)
 .text.SEGGER_RTT_WriteNoLock
                0x0000000000007450       0x68 zephyr/libzephyr.a(SEGGER_RTT.c.obj)
                0x0000000000007450                SEGGER_RTT_WriteNoLock
 .text.sys_rand32_get
                0x00000000000074b8       0x50 zephyr/libzephyr.a(rand32_entropy_device.c.obj)
                0x00000000000074b8                sys_rand32_get
 .text.get_flash_area_from_id
                0x0000000000007508       0x2c zephyr/libzephyr.a(flash_map.c.obj)
 .text.flash_area_open
                0x0000000000007534       0x28 zephyr/libzephyr.a(flash_map.c.obj)
                0x0000000000007534                flash_area_open
 .text.flash_area_get_sectors
                0x000000000000755c       0x48 zephyr/libzephyr.a(flash_map.c.obj)
                0x000000000000755c                flash_area_get_sectors
 .text.settings_save_one
                0x00000000000075a4       0x54 zephyr/libzephyr.a(settings_store.c.obj)
                0x00000000000075a4                settings_save_one
 .text.settings_src_register
                0x00000000000075f8       0x40 zephyr/libzephyr.a(settings_store.c.obj)
                0x00000000000075f8                settings_src_register
 .text.settings_dst_register
                0x0000000000007638        0xc zephyr/libzephyr.a(settings_store.c.obj)
                0x0000000000007638                settings_dst_register
 .text.settings_load
                0x0000000000007644       0x30 zephyr/libzephyr.a(settings_store.c.obj)
                0x0000000000007644                settings_load
 .text.settings_store_init
                0x0000000000007674       0x10 zephyr/libzephyr.a(settings_store.c.obj)
                0x0000000000007674                settings_store_init
 .text.settings_handler_lookup
                0x0000000000007684       0x24 zephyr/libzephyr.a(settings.c.obj)
 .text.settings_init
                0x00000000000076a8       0x20 zephyr/libzephyr.a(settings.c.obj)
                0x00000000000076a8                settings_init
 .text.settings_register
                0x00000000000076c8       0x28 zephyr/libzephyr.a(settings.c.obj)
                0x00000000000076c8                settings_register
 .text.settings_commit
                0x00000000000076f0       0x4c zephyr/libzephyr.a(settings.c.obj)
                0x00000000000076f0                settings_commit
 .text.settings_subsys_init
                0x000000000000773c       0x90 zephyr/libzephyr.a(settings_init.c.obj)
                0x000000000000773c                settings_subsys_init
 .text.settings_line_raw_read_until
                0x00000000000077cc       0xa8 zephyr/libzephyr.a(settings_line.c.obj)
 .text.settings_line_write
                0x0000000000007874       0xc4 zephyr/libzephyr.a(settings_line.c.obj)
                0x0000000000007874                settings_line_write
 .text.settings_line_val_get_len
                0x0000000000007938       0x14 zephyr/libzephyr.a(settings_line.c.obj)
                0x0000000000007938                settings_line_val_get_len
 .text.settings_entry_copy
                0x000000000000794c       0x54 zephyr/libzephyr.a(settings_line.c.obj)
                0x000000000000794c                settings_entry_copy
 .text.settings_line_io_init
                0x00000000000079a0       0x14 zephyr/libzephyr.a(settings_line.c.obj)
                0x00000000000079a0                settings_line_io_init
 .text.settings_fcb_load
                0x00000000000079b4       0x24 zephyr/libzephyr.a(settings_fcb.c.obj)
 .text.settings_fcb_src
                0x00000000000079d8       0x54 zephyr/libzephyr.a(settings_fcb.c.obj)
                0x00000000000079d8                settings_fcb_src
 .text.settings_fcb_dst
                0x0000000000007a2c       0x14 zephyr/libzephyr.a(settings_fcb.c.obj)
                0x0000000000007a2c                settings_fcb_dst
 .text.settings_mount_fcb_backend
                0x0000000000007a40       0x1c zephyr/libzephyr.a(settings_fcb.c.obj)
                0x0000000000007a40                settings_mount_fcb_backend
 .text.console_out
                0x0000000000007a5c       0x28 zephyr/libzephyr.a(uart_console.c.obj)
 .text.uart_console_hook_install
                0x0000000000007a84       0x18 zephyr/libzephyr.a(uart_console.c.obj)
                0x0000000000007a84                uart_console_hook_install
 .text.uart_console_init
                0x0000000000007a9c       0x1c zephyr/libzephyr.a(uart_console.c.obj)
 .text.rtt_console_init
                0x0000000000007ab8       0x18 zephyr/libzephyr.a(rtt_console.c.obj)
 .text.rtt_console_out
                0x0000000000007ad0       0x68 zephyr/libzephyr.a(rtt_console.c.obj)
 .text._m16src_stop
                0x0000000000007b38       0x70 zephyr/libzephyr.a(nrf_power_clock.c.obj)
 .text._m16src_start
                0x0000000000007ba8       0xc0 zephyr/libzephyr.a(nrf_power_clock.c.obj)
 .text._k32src_start
                0x0000000000007c68       0xac zephyr/libzephyr.a(nrf_power_clock.c.obj)
 .text.nrf_power_clock_isr
                0x0000000000007d14       0xe4 zephyr/libzephyr.a(nrf_power_clock.c.obj)
                0x0000000000007d14                nrf_power_clock_isr
 .text.rtc1_nrf_isr
                0x0000000000007df8       0x48 zephyr/libzephyr.a(nrf_rtc_timer.c.obj)
                0x0000000000007df8                rtc1_nrf_isr
 .text.z_clock_driver_init
                0x0000000000007e40       0x90 zephyr/libzephyr.a(nrf_rtc_timer.c.obj)
                0x0000000000007e40                z_clock_driver_init
 .text.z_clock_set_timeout
                0x0000000000007ed0       0x74 zephyr/libzephyr.a(nrf_rtc_timer.c.obj)
                0x0000000000007ed0                z_clock_set_timeout
 .text.z_clock_elapsed
                0x0000000000007f44       0x38 zephyr/libzephyr.a(nrf_rtc_timer.c.obj)
                0x0000000000007f44                z_clock_elapsed
 .text.z_timer_cycle_get_32
                0x0000000000007f7c       0x30 zephyr/libzephyr.a(nrf_rtc_timer.c.obj)
                0x0000000000007f7c                z_timer_cycle_get_32
 .text._HandlerModeExit
                0x0000000000007fac       0x1c zephyr/arch/arch/arm/core/libarch__arm__core.a(exc_exit.S.obj)
                0x0000000000007fac                z_ExcExit
                0x0000000000007fac                _IntExit
 .text._IntLibInit
                0x0000000000007fc8       0x18 zephyr/arch/arch/arm/core/libarch__arm__core.a(irq_init.c.obj)
                0x0000000000007fc8                _IntLibInit
 .text.__swap   0x0000000000007fe0       0x34 zephyr/arch/arch/arm/core/libarch__arm__core.a(swap.c.obj)
                0x0000000000007fe0                __swap
 .text.__pendsv
                0x0000000000008014       0x54 zephyr/arch/arch/arm/core/libarch__arm__core.a(swap_helper.S.obj)
                0x0000000000008014                __pendsv
 .text.__svc    0x0000000000008068       0x24 zephyr/arch/arch/arm/core/libarch__arm__core.a(swap_helper.S.obj)
                0x0000000000008068                __svc
 .text._MpuFault.isra.2
                0x000000000000808c       0x94 zephyr/arch/arch/arm/core/libarch__arm__core.a(fault.c.obj)
 .text._BusFault.isra.3
                0x0000000000008120       0xa0 zephyr/arch/arch/arm/core/libarch__arm__core.a(fault.c.obj)
 .text._UsageFault.isra.4
                0x00000000000081c0       0x88 zephyr/arch/arch/arm/core/libarch__arm__core.a(fault.c.obj)
 .text._Fault   0x0000000000008248       0xd0 zephyr/arch/arch/arm/core/libarch__arm__core.a(fault.c.obj)
                0x0000000000008248                _Fault
 .text._FaultInit
                0x0000000000008318       0x10 zephyr/arch/arch/arm/core/libarch__arm__core.a(fault.c.obj)
                0x0000000000008318                _FaultInit
 .text.z_arch_irq_enable
                0x0000000000008328       0x20 zephyr/arch/arch/arm/core/libarch__arm__core.a(irq_manage.c.obj)
                0x0000000000008328                z_arch_irq_enable
 .text.z_arch_irq_disable
                0x0000000000008348       0x28 zephyr/arch/arch/arm/core/libarch__arm__core.a(irq_manage.c.obj)
                0x0000000000008348                z_arch_irq_disable
 .text.z_arch_irq_is_enabled
                0x0000000000008370       0x1c zephyr/arch/arch/arm/core/libarch__arm__core.a(irq_manage.c.obj)
                0x0000000000008370                z_arch_irq_is_enabled
 .text.z_irq_priority_set
                0x000000000000838c       0x30 zephyr/arch/arch/arm/core/libarch__arm__core.a(irq_manage.c.obj)
                0x000000000000838c                z_irq_priority_set
 .text._arch_isr_direct_pm
                0x00000000000083bc       0x1c zephyr/arch/arch/arm/core/libarch__arm__core.a(irq_manage.c.obj)
                0x00000000000083bc                _arch_isr_direct_pm
 .text.z_new_thread
                0x00000000000083d8       0x54 zephyr/arch/arch/arm/core/libarch__arm__core.a(thread.c.obj)
                0x00000000000083d8                z_new_thread
 .text._CpuIdleInit
                0x000000000000842c        0xc zephyr/arch/arch/arm/core/libarch__arm__core.a(cpu_idle.S.obj)
                0x000000000000842c                _CpuIdleInit
 .text.k_cpu_idle
                0x0000000000008438        0xc zephyr/arch/arch/arm/core/libarch__arm__core.a(cpu_idle.S.obj)
                0x0000000000008438                k_cpu_idle
 .text.__fault  0x0000000000008444       0x28 zephyr/arch/arch/arm/core/libarch__arm__core.a(fault_s.S.obj)
                0x0000000000008444                __usage_fault
                0x0000000000008444                __reserved
                0x0000000000008444                __bus_fault
                0x0000000000008444                __debug_monitor
                0x0000000000008444                __mpu_fault
                0x0000000000008444                __hard_fault
 .text.z_NanoFatalErrorHandler
                0x000000000000846c       0x64 zephyr/arch/arch/arm/core/libarch__arm__core.a(fatal.c.obj)
                0x000000000000846c                z_NanoFatalErrorHandler
 .text.z_SysFatalErrorHandler
                0x00000000000084d0       0x58 zephyr/arch/arch/arm/core/libarch__arm__core.a(sys_fatal_error_handler.c.obj)
                0x00000000000084d0                z_SysFatalErrorHandler
 .text.z_impl_k_thread_abort
                0x0000000000008528       0x48 zephyr/arch/arch/arm/core/libarch__arm__core.a(thread_abort.c.obj)
                0x0000000000008528                z_impl_k_thread_abort
 .text._isr_wrapper
                0x0000000000008570       0x40 zephyr/arch/arch/arm/core/libarch__arm__core.a(isr_wrapper.S.obj)
                0x0000000000008570                _isr_wrapper
 .text._reset_section
                0x00000000000085b0        0x8 zephyr/arch/arch/arm/core/cortex_m/libarch__arm__core__cortex_m.a(reset.S.obj)
                0x00000000000085b0                __reset
                0x00000000000085b0                __start
 .text._SysNmiOnReset
                0x00000000000085b8        0x8 zephyr/arch/arch/arm/core/cortex_m/libarch__arm__core__cortex_m.a(nmi_on_reset.S.obj)
                0x00000000000085b8                _SysNmiOnReset
 .text._PrepC   0x00000000000085c0       0x48 zephyr/arch/arch/arm/core/cortex_m/libarch__arm__core__cortex_m.a(prep_c.c.obj)
                0x00000000000085c0                _PrepC
 .text.z_arch_configure_static_mpu_regions
                0x0000000000008608       0x38 zephyr/arch/arch/arm/core/cortex_m/mpu/libarch__arm__core__cortex_m__mpu.a(arm_core_mpu.c.obj)
                0x0000000000008608                z_arch_configure_static_mpu_regions
 .text._mpu_configure_regions
                0x0000000000008640       0x88 zephyr/arch/arch/arm/core/cortex_m/mpu/libarch__arm__core__cortex_m__mpu.a(arm_mpu.c.obj)
 .text.arm_core_mpu_enable
                0x00000000000086c8       0x14 zephyr/arch/arch/arm/core/cortex_m/mpu/libarch__arm__core__cortex_m__mpu.a(arm_mpu.c.obj)
                0x00000000000086c8                arm_core_mpu_enable
 .text.arm_core_mpu_disable
                0x00000000000086dc       0x10 zephyr/arch/arch/arm/core/cortex_m/mpu/libarch__arm__core__cortex_m__mpu.a(arm_mpu.c.obj)
                0x00000000000086dc                arm_core_mpu_disable
 .text.arm_mpu_init
                0x00000000000086ec       0x5c zephyr/arch/arch/arm/core/cortex_m/mpu/libarch__arm__core__cortex_m__mpu.a(arm_mpu.c.obj)
 .text.arm_core_mpu_configure_static_mpu_regions
                0x0000000000008748       0x14 zephyr/arch/arch/arm/core/cortex_m/mpu/libarch__arm__core__cortex_m__mpu.a(arm_mpu.c.obj)
                0x0000000000008748                arm_core_mpu_configure_static_mpu_regions
 .text.arm_core_mpu_configure_dynamic_mpu_regions
                0x000000000000875c       0x2c zephyr/arch/arch/arm/core/cortex_m/mpu/libarch__arm__core__cortex_m__mpu.a(arm_mpu.c.obj)
                0x000000000000875c                arm_core_mpu_configure_dynamic_mpu_regions
 .text.__stdout_hook_install
                0x0000000000008788        0xc zephyr/lib/libc/minimal/liblib__libc__minimal.a(stdout_console.c.obj)
                0x0000000000008788                __stdout_hook_install
 .text.ecc_thread
                0x0000000000008794      0x170 zephyr/subsys/bluetooth/host/libsubsys__bluetooth__host.a(hci_ecc.c.obj)
 .text.bt_hci_ecc_send
                0x0000000000008904      0x114 zephyr/subsys/bluetooth/host/libsubsys__bluetooth__host.a(hci_ecc.c.obj)
                0x0000000000008904                bt_hci_ecc_send
 .text.bt_hci_ecc_init
                0x0000000000008a18       0x44 zephyr/subsys/bluetooth/host/libsubsys__bluetooth__host.a(hci_ecc.c.obj)
                0x0000000000008a18                bt_hci_ecc_init
 .text.export   0x0000000000008a5c       0x24 zephyr/subsys/bluetooth/host/libsubsys__bluetooth__host.a(settings.c.obj)
 .text.save_id  0x0000000000008a80       0x18 zephyr/subsys/bluetooth/host/libsubsys__bluetooth__host.a(settings.c.obj)
 .text.commit   0x0000000000008a98       0x38 zephyr/subsys/bluetooth/host/libsubsys__bluetooth__host.a(settings.c.obj)
 .text.set      0x0000000000008ad0       0x98 zephyr/subsys/bluetooth/host/libsubsys__bluetooth__host.a(settings.c.obj)
 .text.bt_settings_encode_key
                0x0000000000008b68       0x60 zephyr/subsys/bluetooth/host/libsubsys__bluetooth__host.a(settings.c.obj)
                0x0000000000008b68                bt_settings_encode_key
 .text.bt_settings_save_id
                0x0000000000008bc8       0x30 zephyr/subsys/bluetooth/host/libsubsys__bluetooth__host.a(settings.c.obj)
                0x0000000000008bc8                bt_settings_save_id
 .text.bt_settings_init
                0x0000000000008bf8       0x18 zephyr/subsys/bluetooth/host/libsubsys__bluetooth__host.a(settings.c.obj)
                0x0000000000008bf8                bt_settings_init
 .text.uuid_to_uuid128
                0x0000000000008c10       0x7c zephyr/subsys/bluetooth/host/libsubsys__bluetooth__host.a(uuid.c.obj)
 .text.le_dhkey_complete
                0x0000000000008c8c       0x20 zephyr/subsys/bluetooth/host/libsubsys__bluetooth__host.a(hci_core.c.obj)
 .text.le_pkey_complete
                0x0000000000008cac       0x4c zephyr/subsys/bluetooth/host/libsubsys__bluetooth__host.a(hci_core.c.obj)
 .text.le_adv_report
                0x0000000000008cf8       0xa0 zephyr/subsys/bluetooth/host/libsubsys__bluetooth__host.a(hci_core.c.obj)
 .text.hci_le_meta_event
                0x0000000000008d98       0x20 zephyr/subsys/bluetooth/host/libsubsys__bluetooth__host.a(hci_core.c.obj)
 .text.hci_cmd_done.isra.19
                0x0000000000008db8       0x50 zephyr/subsys/bluetooth/host/libsubsys__bluetooth__host.a(hci_core.c.obj)
 .text.hci_cmd_status
                0x0000000000008e08       0x28 zephyr/subsys/bluetooth/host/libsubsys__bluetooth__host.a(hci_core.c.obj)
 .text.hci_cmd_complete
                0x0000000000008e30       0x2c zephyr/subsys/bluetooth/host/libsubsys__bluetooth__host.a(hci_core.c.obj)
 .text.hci_tx_thread
                0x0000000000008e5c       0xf8 zephyr/subsys/bluetooth/host/libsubsys__bluetooth__host.a(hci_core.c.obj)
 .text.id_find  0x0000000000008f54       0x34 zephyr/subsys/bluetooth/host/libsubsys__bluetooth__host.a(hci_core.c.obj)
 .text.slave_update_conn_param
                0x0000000000008f88       0x28 zephyr/subsys/bluetooth/host/libsubsys__bluetooth__host.a(hci_core.c.obj)
 .text.bt_hci_cmd_create
                0x0000000000008fb0       0x60 zephyr/subsys/bluetooth/host/libsubsys__bluetooth__host.a(hci_core.c.obj)
                0x0000000000008fb0                bt_hci_cmd_create
 .text.bt_hci_cmd_send
                0x0000000000009010       0x44 zephyr/subsys/bluetooth/host/libsubsys__bluetooth__host.a(hci_core.c.obj)
                0x0000000000009010                bt_hci_cmd_send
 .text.bt_hci_cmd_send_sync
                0x0000000000009054       0x8c zephyr/subsys/bluetooth/host/libsubsys__bluetooth__host.a(hci_core.c.obj)
                0x0000000000009054                bt_hci_cmd_send_sync
 .text.set_le_scan_enable
                0x00000000000090e0       0x6c zephyr/subsys/bluetooth/host/libsubsys__bluetooth__host.a(hci_core.c.obj)
 .text.set_advertise_enable
                0x000000000000914c       0x54 zephyr/subsys/bluetooth/host/libsubsys__bluetooth__host.a(hci_core.c.obj)
 .text.hci_disconn_complete
                0x00000000000091a0       0x68 zephyr/subsys/bluetooth/host/libsubsys__bluetooth__host.a(hci_core.c.obj)
 .text.enh_conn_complete
                0x0000000000009208      0x178 zephyr/subsys/bluetooth/host/libsubsys__bluetooth__host.a(hci_core.c.obj)
 .text.set_random_address
                0x0000000000009380       0x5c zephyr/subsys/bluetooth/host/libsubsys__bluetooth__host.a(hci_core.c.obj)
 .text.le_adv_update
                0x00000000000093dc       0x94 zephyr/subsys/bluetooth/host/libsubsys__bluetooth__host.a(hci_core.c.obj)
 .text.bt_le_scan_update
                0x0000000000009470       0x2c zephyr/subsys/bluetooth/host/libsubsys__bluetooth__host.a(hci_core.c.obj)
                0x0000000000009470                bt_le_scan_update
 .text.bt_init  0x000000000000949c      0x3d8 zephyr/subsys/bluetooth/host/libsubsys__bluetooth__host.a(hci_core.c.obj)
 .text.init_work
                0x0000000000009874       0x18 zephyr/subsys/bluetooth/host/libsubsys__bluetooth__host.a(hci_core.c.obj)
 .text.id_create.isra.29
                0x000000000000988c       0x68 zephyr/subsys/bluetooth/host/libsubsys__bluetooth__host.a(hci_core.c.obj)
 .text.bt_recv  0x00000000000098f4       0xa0 zephyr/subsys/bluetooth/host/libsubsys__bluetooth__host.a(hci_core.c.obj)
                0x00000000000098f4                bt_recv
 .text.bt_recv_prio
                0x0000000000009994       0x4c zephyr/subsys/bluetooth/host/libsubsys__bluetooth__host.a(hci_core.c.obj)
                0x0000000000009994                bt_recv_prio
 .text.bt_hci_driver_register
                0x00000000000099e0       0x28 zephyr/subsys/bluetooth/host/libsubsys__bluetooth__host.a(hci_core.c.obj)
                0x00000000000099e0                bt_hci_driver_register
 .text.bt_enable
                0x0000000000009a08       0xb4 zephyr/subsys/bluetooth/host/libsubsys__bluetooth__host.a(hci_core.c.obj)
                0x0000000000009a08                bt_enable
 .text.bt_get_name
                0x0000000000009abc        0x8 zephyr/subsys/bluetooth/host/libsubsys__bluetooth__host.a(hci_core.c.obj)
                0x0000000000009abc                bt_get_name
 .text.bt_id_create
                0x0000000000009ac4       0x84 zephyr/subsys/bluetooth/host/libsubsys__bluetooth__host.a(hci_core.c.obj)
                0x0000000000009ac4                bt_id_create
 .text.bt_setup_id_addr
                0x0000000000009b48       0x9c zephyr/subsys/bluetooth/host/libsubsys__bluetooth__host.a(hci_core.c.obj)
                0x0000000000009b48                bt_setup_id_addr
 .text.bt_le_adv_start_internal
                0x0000000000009be4      0x1f0 zephyr/subsys/bluetooth/host/libsubsys__bluetooth__host.a(hci_core.c.obj)
                0x0000000000009be4                bt_le_adv_start_internal
 .text.bt_le_adv_stop
                0x0000000000009dd4       0x4c zephyr/subsys/bluetooth/host/libsubsys__bluetooth__host.a(hci_core.c.obj)
                0x0000000000009dd4                bt_le_adv_stop
 .text.bt_le_scan_start
                0x0000000000009e20      0x154 zephyr/subsys/bluetooth/host/libsubsys__bluetooth__host.a(hci_core.c.obj)
                0x0000000000009e20                bt_le_scan_start
 .text.bt_le_scan_stop
                0x0000000000009f74       0x2c zephyr/subsys/bluetooth/host/libsubsys__bluetooth__host.a(hci_core.c.obj)
                0x0000000000009f74                bt_le_scan_stop
 .text.bt_buf_get_rx
                0x0000000000009fa0       0x20 zephyr/subsys/bluetooth/host/libsubsys__bluetooth__host.a(hci_core.c.obj)
                0x0000000000009fa0                bt_buf_get_rx
 .text.bt_buf_get_cmd_complete
                0x0000000000009fc0       0x48 zephyr/subsys/bluetooth/host/libsubsys__bluetooth__host.a(hci_core.c.obj)
                0x0000000000009fc0                bt_buf_get_cmd_complete
 .text.bt_pub_key_gen
                0x000000000000a008       0x84 zephyr/subsys/bluetooth/host/libsubsys__bluetooth__host.a(hci_core.c.obj)
                0x000000000000a008                bt_pub_key_gen
 .text.bt_pub_key_get
                0x000000000000a08c       0x1c zephyr/subsys/bluetooth/host/libsubsys__bluetooth__host.a(hci_core.c.obj)
                0x000000000000a08c                bt_pub_key_get
 .text.bt_dh_key_gen
                0x000000000000a0a8       0x74 zephyr/subsys/bluetooth/host/libsubsys__bluetooth__host.a(hci_core.c.obj)
                0x000000000000a0a8                bt_dh_key_gen
 .text.bt_le_oob_get_local
                0x000000000000a11c       0x20 zephyr/subsys/bluetooth/host/libsubsys__bluetooth__host.a(hci_core.c.obj)
                0x000000000000a11c                bt_le_oob_get_local
 .text.notify_connected
                0x000000000000a13c       0x28 zephyr/subsys/bluetooth/host/libsubsys__bluetooth__host.a(conn.c.obj)
 .text.bt_conn_get_pkts
                0x000000000000a164        0x8 zephyr/subsys/bluetooth/host/libsubsys__bluetooth__host.a(conn.c.obj)
                0x000000000000a164                bt_conn_get_pkts
 .text.notify_le_param_updated
                0x000000000000a16c       0x68 zephyr/subsys/bluetooth/host/libsubsys__bluetooth__host.a(conn.c.obj)
                0x000000000000a16c                notify_le_param_updated
 .text.le_param_req
                0x000000000000a1d4       0x40 zephyr/subsys/bluetooth/host/libsubsys__bluetooth__host.a(conn.c.obj)
                0x000000000000a1d4                le_param_req
 .text.bt_conn_cb_register
                0x000000000000a214       0x10 zephyr/subsys/bluetooth/host/libsubsys__bluetooth__host.a(conn.c.obj)
                0x000000000000a214                bt_conn_cb_register
 .text.bt_conn_notify_tx
                0x000000000000a224       0x40 zephyr/subsys/bluetooth/host/libsubsys__bluetooth__host.a(conn.c.obj)
                0x000000000000a224                bt_conn_notify_tx
 .text.send_frag
                0x000000000000a264      0x118 zephyr/subsys/bluetooth/host/libsubsys__bluetooth__host.a(conn.c.obj)
 .text.bt_conn_prepare_events
                0x000000000000a37c       0x90 zephyr/subsys/bluetooth/host/libsubsys__bluetooth__host.a(conn.c.obj)
                0x000000000000a37c                bt_conn_prepare_events
 .text.bt_conn_add_le
                0x000000000000a40c       0x64 zephyr/subsys/bluetooth/host/libsubsys__bluetooth__host.a(conn.c.obj)
                0x000000000000a40c                bt_conn_add_le
 .text.bt_conn_set_state
                0x000000000000a470      0x124 zephyr/subsys/bluetooth/host/libsubsys__bluetooth__host.a(conn.c.obj)
                0x000000000000a470                bt_conn_set_state
 .text.bt_conn_lookup_handle
                0x000000000000a594       0x34 zephyr/subsys/bluetooth/host/libsubsys__bluetooth__host.a(conn.c.obj)
                0x000000000000a594                bt_conn_lookup_handle
 .text.bt_conn_lookup_addr_le
                0x000000000000a5c8       0x3c zephyr/subsys/bluetooth/host/libsubsys__bluetooth__host.a(conn.c.obj)
                0x000000000000a5c8                bt_conn_lookup_addr_le
 .text.bt_conn_lookup_state_le
                0x000000000000a604       0x44 zephyr/subsys/bluetooth/host/libsubsys__bluetooth__host.a(conn.c.obj)
                0x000000000000a604                bt_conn_lookup_state_le
 .text.send_conn_le_param_update
                0x000000000000a648       0x50 zephyr/subsys/bluetooth/host/libsubsys__bluetooth__host.a(conn.c.obj)
 .text.conn_le_update_timeout
                0x000000000000a698       0x6c zephyr/subsys/bluetooth/host/libsubsys__bluetooth__host.a(conn.c.obj)
 .text.bt_conn_create_pdu
                0x000000000000a704       0x28 zephyr/subsys/bluetooth/host/libsubsys__bluetooth__host.a(conn.c.obj)
                0x000000000000a704                bt_conn_create_pdu
 .text.create_frag.isra.11
                0x000000000000a72c       0x6c zephyr/subsys/bluetooth/host/libsubsys__bluetooth__host.a(conn.c.obj)
 .text.bt_conn_process_tx
                0x000000000000a798       0xb4 zephyr/subsys/bluetooth/host/libsubsys__bluetooth__host.a(conn.c.obj)
                0x000000000000a798                bt_conn_process_tx
 .text.bt_conn_index
                0x000000000000a84c       0x18 zephyr/subsys/bluetooth/host/libsubsys__bluetooth__host.a(conn.c.obj)
                0x000000000000a84c                bt_conn_index
 .text.bt_conn_init
                0x000000000000a864       0x44 zephyr/subsys/bluetooth/host/libsubsys__bluetooth__host.a(conn.c.obj)
                0x000000000000a864                bt_conn_init
 .text.l2cap_accept
                0x000000000000a8a8       0x1c zephyr/subsys/bluetooth/host/libsubsys__bluetooth__host.a(l2cap.c.obj)
 .text.bt_l2cap_le_fixed_chan_register
                0x000000000000a8c4       0x20 zephyr/subsys/bluetooth/host/libsubsys__bluetooth__host.a(l2cap.c.obj)
                0x000000000000a8c4                bt_l2cap_le_fixed_chan_register
 .text.bt_l2cap_connected
                0x000000000000a8e4       0x74 zephyr/subsys/bluetooth/host/libsubsys__bluetooth__host.a(l2cap.c.obj)
                0x000000000000a8e4                bt_l2cap_connected
 .text.bt_l2cap_update_conn_param
                0x000000000000a958       0x6c zephyr/subsys/bluetooth/host/libsubsys__bluetooth__host.a(l2cap.c.obj)
                0x000000000000a958                bt_l2cap_update_conn_param
 .text.bt_l2cap_init
                0x000000000000a9c4        0xc zephyr/subsys/bluetooth/host/libsubsys__bluetooth__host.a(l2cap.c.obj)
                0x000000000000a9c4                bt_l2cap_init
 .text.att_op_get_type
                0x000000000000a9d0       0x2c zephyr/subsys/bluetooth/host/libsubsys__bluetooth__host.a(att.c.obj)
 .text.bt_att_connected
                0x000000000000a9fc       0x20 zephyr/subsys/bluetooth/host/libsubsys__bluetooth__host.a(att.c.obj)
 .text.bt_att_accept
                0x000000000000aa1c       0x38 zephyr/subsys/bluetooth/host/libsubsys__bluetooth__host.a(att.c.obj)
 .text.att_req_sent
                0x000000000000aa54       0x30 zephyr/subsys/bluetooth/host/libsubsys__bluetooth__host.a(att.c.obj)
 .text.att_send_req
                0x000000000000aa84       0x78 zephyr/subsys/bluetooth/host/libsubsys__bluetooth__host.a(att.c.obj)
 .text.att_write_cmd
                0x000000000000aafc       0x7c zephyr/subsys/bluetooth/host/libsubsys__bluetooth__host.a(att.c.obj)
 .text.att_mtu_req
                0x000000000000ab78       0x5c zephyr/subsys/bluetooth/host/libsubsys__bluetooth__host.a(att.c.obj)
 .text.send_err_rsp.part.12
                0x000000000000abd4       0x44 zephyr/subsys/bluetooth/host/libsubsys__bluetooth__host.a(att.c.obj)
 .text.bt_att_recv
                0x000000000000ac18       0xd0 zephyr/subsys/bluetooth/host/libsubsys__bluetooth__host.a(att.c.obj)
 .text.att_read_group_req
                0x000000000000ace8      0x100 zephyr/subsys/bluetooth/host/libsubsys__bluetooth__host.a(att.c.obj)
 .text.att_read_mult_req
                0x000000000000ade8       0x8c zephyr/subsys/bluetooth/host/libsubsys__bluetooth__host.a(att.c.obj)
 .text.att_read_rsp
                0x000000000000ae74       0x98 zephyr/subsys/bluetooth/host/libsubsys__bluetooth__host.a(att.c.obj)
 .text.att_read_type_req
                0x000000000000af0c       0xcc zephyr/subsys/bluetooth/host/libsubsys__bluetooth__host.a(att.c.obj)
 .text.att_find_type_req
                0x000000000000afd8       0xe4 zephyr/subsys/bluetooth/host/libsubsys__bluetooth__host.a(att.c.obj)
 .text.att_find_info_req
                0x000000000000b0bc       0x78 zephyr/subsys/bluetooth/host/libsubsys__bluetooth__host.a(att.c.obj)
 .text.att_write_req
                0x000000000000b134       0xb8 zephyr/subsys/bluetooth/host/libsubsys__bluetooth__host.a(att.c.obj)
 .text.bt_att_init
                0x000000000000b1ec       0x14 zephyr/subsys/bluetooth/host/libsubsys__bluetooth__host.a(att.c.obj)
                0x000000000000b1ec                bt_att_init
 .text.bt_att_send
                0x000000000000b200       0x98 zephyr/subsys/bluetooth/host/libsubsys__bluetooth__host.a(att.c.obj)
                0x000000000000b200                bt_att_send
 .text.disconnected_cb
                0x000000000000b298       0xb8 zephyr/subsys/bluetooth/host/libsubsys__bluetooth__host.a(gatt.c.obj)
 .text.gatt_indicate
                0x000000000000b350       0x9c zephyr/subsys/bluetooth/host/libsubsys__bluetooth__host.a(gatt.c.obj)
 .text.gatt_register
                0x000000000000b3ec       0x64 zephyr/subsys/bluetooth/host/libsubsys__bluetooth__host.a(gatt.c.obj)
 .text.ccc_save
                0x000000000000b450       0x38 zephyr/subsys/bluetooth/host/libsubsys__bluetooth__host.a(gatt.c.obj)
 .text.ccc_load
                0x000000000000b488       0x98 zephyr/subsys/bluetooth/host/libsubsys__bluetooth__host.a(gatt.c.obj)
 .text.find_cf_cfg
                0x000000000000b520       0x34 zephyr/subsys/bluetooth/host/libsubsys__bluetooth__host.a(gatt.c.obj)
 .text.sc_indicate_rsp
                0x000000000000b554       0x58 zephyr/subsys/bluetooth/host/libsubsys__bluetooth__host.a(gatt.c.obj)
 .text.cf_set   0x000000000000b5ac       0x84 zephyr/subsys/bluetooth/host/libsubsys__bluetooth__host.a(gatt.c.obj)
 .text.db_changed
                0x000000000000b630       0x54 zephyr/subsys/bluetooth/host/libsubsys__bluetooth__host.a(gatt.c.obj)
 .text.read_ppcp
                0x000000000000b684       0x38 zephyr/subsys/bluetooth/host/libsubsys__bluetooth__host.a(gatt.c.obj)
 .text.sc_indicate.constprop.21
                0x000000000000b6bc       0x70 zephyr/subsys/bluetooth/host/libsubsys__bluetooth__host.a(gatt.c.obj)
 .text.connected_cb
                0x000000000000b72c       0x74 zephyr/subsys/bluetooth/host/libsubsys__bluetooth__host.a(gatt.c.obj)
 .text.notify_cb
                0x000000000000b7a0      0x120 zephyr/subsys/bluetooth/host/libsubsys__bluetooth__host.a(gatt.c.obj)
 .text.bt_gatt_service_unregister
                0x000000000000b8c0       0x5c zephyr/subsys/bluetooth/host/libsubsys__bluetooth__host.a(gatt.c.obj)
                0x000000000000b8c0                bt_gatt_service_unregister
 .text.bt_gatt_foreach_attr
                0x000000000000b91c       0x54 zephyr/subsys/bluetooth/host/libsubsys__bluetooth__host.a(gatt.c.obj)
                0x000000000000b91c                bt_gatt_foreach_attr
 .text.db_hash_gen
                0x000000000000b970       0x40 zephyr/subsys/bluetooth/host/libsubsys__bluetooth__host.a(gatt.c.obj)
 .text.bt_gatt_init
                0x000000000000b9b0       0x64 zephyr/subsys/bluetooth/host/libsubsys__bluetooth__host.a(gatt.c.obj)
                0x000000000000b9b0                bt_gatt_init
 .text.ccc_set  0x000000000000ba14       0x74 zephyr/subsys/bluetooth/host/libsubsys__bluetooth__host.a(gatt.c.obj)
 .text.bt_gatt_indicate.part.13
                0x000000000000ba88       0x30 zephyr/subsys/bluetooth/host/libsubsys__bluetooth__host.a(gatt.c.obj)
 .text.sc_process
                0x000000000000bab8       0x64 zephyr/subsys/bluetooth/host/libsubsys__bluetooth__host.a(gatt.c.obj)
 .text.bt_gatt_notify_cb
                0x000000000000bb1c       0x80 zephyr/subsys/bluetooth/host/libsubsys__bluetooth__host.a(gatt.c.obj)
                0x000000000000bb1c                bt_gatt_notify_cb
 .text.bt_gatt_connected
                0x000000000000bb9c       0x14 zephyr/subsys/bluetooth/host/libsubsys__bluetooth__host.a(gatt.c.obj)
                0x000000000000bb9c                bt_gatt_connected
 .text.db_hash_read
                0x000000000000bbb0       0x68 zephyr/subsys/bluetooth/host/libsubsys__bluetooth__host.a(gatt.c.obj)
 .text.bt_gatt_store_ccc
                0x000000000000bc18       0x60 zephyr/subsys/bluetooth/host/libsubsys__bluetooth__host.a(gatt.c.obj)
                0x000000000000bc18                bt_gatt_store_ccc
 .text.bt_gatt_disconnected
                0x000000000000bc78       0xe4 zephyr/subsys/bluetooth/host/libsubsys__bluetooth__host.a(gatt.c.obj)
                0x000000000000bc78                bt_gatt_disconnected
 .text.bt_smp_accept
                0x000000000000bd5c       0x1c zephyr/subsys/bluetooth/host/libsubsys__bluetooth__host.a(smp_null.c.obj)
 .text.bt_smp_init
                0x000000000000bd78       0x10 zephyr/subsys/bluetooth/host/libsubsys__bluetooth__host.a(smp_null.c.obj)
                0x000000000000bd78                bt_smp_init
 .text.atomic_test_bit.constprop.3
                0x000000000000bd88       0x18 zephyr/subsys/bluetooth/host/mesh/libsubsys__bluetooth__host__mesh.a(main.c.obj)
 .text.bt_mesh_provision
                0x000000000000bda0       0xa0 zephyr/subsys/bluetooth/host/mesh/libsubsys__bluetooth__host__mesh.a(main.c.obj)
                0x000000000000bda0                bt_mesh_provision
 .text.bt_mesh_reset
                0x000000000000be40       0x60 zephyr/subsys/bluetooth/host/mesh/libsubsys__bluetooth__host__mesh.a(main.c.obj)
                0x000000000000be40                bt_mesh_reset
 .text.adv_alloc
                0x000000000000bea0       0x10 zephyr/subsys/bluetooth/host/mesh/libsubsys__bluetooth__host__mesh.a(adv.c.obj)
 .text.adv_thread
                0x000000000000beb0      0x10c zephyr/subsys/bluetooth/host/mesh/libsubsys__bluetooth__host__mesh.a(adv.c.obj)
 .text.bt_mesh_adv_update
                0x000000000000bfbc        0xc zephyr/subsys/bluetooth/host/mesh/libsubsys__bluetooth__host__mesh.a(adv.c.obj)
                0x000000000000bfbc                bt_mesh_adv_update
 .text.bt_mesh_adv_create_from_pool
                0x000000000000bfc8       0x50 zephyr/subsys/bluetooth/host/mesh/libsubsys__bluetooth__host__mesh.a(adv.c.obj)
                0x000000000000bfc8                bt_mesh_adv_create_from_pool
 .text.bt_mesh_adv_create
                0x000000000000c018       0x20 zephyr/subsys/bluetooth/host/mesh/libsubsys__bluetooth__host__mesh.a(adv.c.obj)
                0x000000000000c018                bt_mesh_adv_create
 .text.bt_mesh_adv_send
                0x000000000000c038       0x28 zephyr/subsys/bluetooth/host/mesh/libsubsys__bluetooth__host__mesh.a(adv.c.obj)
                0x000000000000c038                bt_mesh_adv_send
 .text.bt_mesh_adv_init
                0x000000000000c060       0x44 zephyr/subsys/bluetooth/host/mesh/libsubsys__bluetooth__host__mesh.a(adv.c.obj)
                0x000000000000c060                bt_mesh_adv_init
 .text.bt_mesh_scan_enable
                0x000000000000c0a4       0x24 zephyr/subsys/bluetooth/host/mesh/libsubsys__bluetooth__host__mesh.a(adv.c.obj)
                0x000000000000c0a4                bt_mesh_scan_enable
 .text.k_work_submit_to_queue.constprop.4
                0x000000000000c0c8       0x30 zephyr/subsys/bluetooth/host/mesh/libsubsys__bluetooth__host__mesh.a(beacon.c.obj)
 .text.bt_mesh_beacon_create
                0x000000000000c0f8       0x54 zephyr/subsys/bluetooth/host/mesh/libsubsys__bluetooth__host__mesh.a(beacon.c.obj)
                0x000000000000c0f8                bt_mesh_beacon_create
 .text.beacon_send
                0x000000000000c14c      0x1f4 zephyr/subsys/bluetooth/host/mesh/libsubsys__bluetooth__host__mesh.a(beacon.c.obj)
 .text.bt_mesh_beacon_init
                0x000000000000c340       0x10 zephyr/subsys/bluetooth/host/mesh/libsubsys__bluetooth__host__mesh.a(beacon.c.obj)
                0x000000000000c340                bt_mesh_beacon_init
 .text.bt_mesh_beacon_ivu_initiator
                0x000000000000c350       0x54 zephyr/subsys/bluetooth/host/mesh/libsubsys__bluetooth__host__mesh.a(beacon.c.obj)
                0x000000000000c350                bt_mesh_beacon_ivu_initiator
 .text.bt_mesh_beacon_recv
                0x000000000000c3a4      0x140 zephyr/subsys/bluetooth/host/mesh/libsubsys__bluetooth__host__mesh.a(beacon.c.obj)
                0x000000000000c3a4                bt_mesh_beacon_recv
 .text.bt_mesh_beacon_enable
                0x000000000000c4e4       0x4c zephyr/subsys/bluetooth/host/mesh/libsubsys__bluetooth__host__mesh.a(beacon.c.obj)
                0x000000000000c4e4                bt_mesh_beacon_enable
 .text.bt_mesh_beacon_disable
                0x000000000000c530       0x20 zephyr/subsys/bluetooth/host/mesh/libsubsys__bluetooth__host__mesh.a(beacon.c.obj)
                0x000000000000c530                bt_mesh_beacon_disable
 .text.net_decrypt.isra.1
                0x000000000000c550      0x110 zephyr/subsys/bluetooth/host/mesh/libsubsys__bluetooth__host__mesh.a(net.c.obj)
 .text.atomic_test_bit.constprop.9
                0x000000000000c660       0x18 zephyr/subsys/bluetooth/host/mesh/libsubsys__bluetooth__host__mesh.a(net.c.obj)
 .text.atomic_set_bit_to.constprop.6
                0x000000000000c678       0x34 zephyr/subsys/bluetooth/host/mesh/libsubsys__bluetooth__host__mesh.a(net.c.obj)
 .text.bt_mesh_subnet_get
                0x000000000000c6ac       0x3c zephyr/subsys/bluetooth/host/mesh/libsubsys__bluetooth__host__mesh.a(net.c.obj)
                0x000000000000c6ac                bt_mesh_subnet_get
 .text.bt_mesh_net_keys_create
                0x000000000000c6e8       0x6c zephyr/subsys/bluetooth/host/mesh/libsubsys__bluetooth__host__mesh.a(net.c.obj)
                0x000000000000c6e8                bt_mesh_net_keys_create
 .text.bt_mesh_net_beacon_update
                0x000000000000c754       0x34 zephyr/subsys/bluetooth/host/mesh/libsubsys__bluetooth__host__mesh.a(net.c.obj)
                0x000000000000c754                bt_mesh_net_beacon_update
 .text.bt_mesh_net_create
                0x000000000000c788       0x88 zephyr/subsys/bluetooth/host/mesh/libsubsys__bluetooth__host__mesh.a(net.c.obj)
                0x000000000000c788                bt_mesh_net_create
 .text.bt_mesh_net_revoke_keys
                0x000000000000c810       0x64 zephyr/subsys/bluetooth/host/mesh/libsubsys__bluetooth__host__mesh.a(net.c.obj)
                0x000000000000c810                bt_mesh_net_revoke_keys
 .text.bt_mesh_rpl_reset
                0x000000000000c874       0x38 zephyr/subsys/bluetooth/host/mesh/libsubsys__bluetooth__host__mesh.a(net.c.obj)
                0x000000000000c874                bt_mesh_rpl_reset
 .text.bt_mesh_net_iv_update
                0x000000000000c8ac       0xe8 zephyr/subsys/bluetooth/host/mesh/libsubsys__bluetooth__host__mesh.a(net.c.obj)
                0x000000000000c8ac                bt_mesh_net_iv_update
 .text.ivu_refresh
                0x000000000000c994       0x58 zephyr/subsys/bluetooth/host/mesh/libsubsys__bluetooth__host__mesh.a(net.c.obj)
 .text.bt_mesh_next_seq
                0x000000000000c9ec       0x18 zephyr/subsys/bluetooth/host/mesh/libsubsys__bluetooth__host__mesh.a(net.c.obj)
                0x000000000000c9ec                bt_mesh_next_seq
 .text.bt_mesh_net_resend
                0x000000000000ca04       0xcc zephyr/subsys/bluetooth/host/mesh/libsubsys__bluetooth__host__mesh.a(net.c.obj)
                0x000000000000ca04                bt_mesh_net_resend
 .text.bt_mesh_net_encode
                0x000000000000cad0       0xdc zephyr/subsys/bluetooth/host/mesh/libsubsys__bluetooth__host__mesh.a(net.c.obj)
                0x000000000000cad0                bt_mesh_net_encode
 .text.bt_mesh_net_send
                0x000000000000cbac       0xfc zephyr/subsys/bluetooth/host/mesh/libsubsys__bluetooth__host__mesh.a(net.c.obj)
                0x000000000000cbac                bt_mesh_net_send
 .text.bt_mesh_subnet_find
                0x000000000000cca8       0xb8 zephyr/subsys/bluetooth/host/mesh/libsubsys__bluetooth__host__mesh.a(net.c.obj)
                0x000000000000cca8                bt_mesh_subnet_find
 .text.bt_mesh_net_decode
                0x000000000000cd60      0x210 zephyr/subsys/bluetooth/host/mesh/libsubsys__bluetooth__host__mesh.a(net.c.obj)
                0x000000000000cd60                bt_mesh_net_decode
 .text.bt_mesh_net_recv
                0x000000000000cf70      0x208 zephyr/subsys/bluetooth/host/mesh/libsubsys__bluetooth__host__mesh.a(net.c.obj)
                0x000000000000cf70                bt_mesh_net_recv
 .text.bt_mesh_net_local
                0x000000000000d178       0x28 zephyr/subsys/bluetooth/host/mesh/libsubsys__bluetooth__host__mesh.a(net.c.obj)
 .text.bt_mesh_net_start
                0x000000000000d1a0       0x44 zephyr/subsys/bluetooth/host/mesh/libsubsys__bluetooth__host__mesh.a(net.c.obj)
                0x000000000000d1a0                bt_mesh_net_start
 .text.bt_mesh_net_init
                0x000000000000d1e4       0x28 zephyr/subsys/bluetooth/host/mesh/libsubsys__bluetooth__host__mesh.a(net.c.obj)
                0x000000000000d1e4                bt_mesh_net_init
 .text.is_replay
                0x000000000000d20c       0x74 zephyr/subsys/bluetooth/host/mesh/libsubsys__bluetooth__host__mesh.a(transport.c.obj)
 .text.sdu_recv
                0x000000000000d280      0x140 zephyr/subsys/bluetooth/host/mesh/libsubsys__bluetooth__host__mesh.a(transport.c.obj)
 .text.seg_tx_reset
                0x000000000000d3c0       0x84 zephyr/subsys/bluetooth/host/mesh/libsubsys__bluetooth__host__mesh.a(transport.c.obj)
 .text.seg_tx_send_unacked
                0x000000000000d444       0x60 zephyr/subsys/bluetooth/host/mesh/libsubsys__bluetooth__host__mesh.a(transport.c.obj)
 .text.ctl_recv
                0x000000000000d4a4      0x198 zephyr/subsys/bluetooth/host/mesh/libsubsys__bluetooth__host__mesh.a(transport.c.obj)
 .text.send_seg
                0x000000000000d63c      0x208 zephyr/subsys/bluetooth/host/mesh/libsubsys__bluetooth__host__mesh.a(transport.c.obj)
 .text.seg_sent
                0x000000000000d844       0x1c zephyr/subsys/bluetooth/host/mesh/libsubsys__bluetooth__host__mesh.a(transport.c.obj)
 .text.seg_send_start
                0x000000000000d860       0x24 zephyr/subsys/bluetooth/host/mesh/libsubsys__bluetooth__host__mesh.a(transport.c.obj)
 .text.bt_mesh_set_hb_sub_dst
                0x000000000000d884        0xc zephyr/subsys/bluetooth/host/mesh/libsubsys__bluetooth__host__mesh.a(transport.c.obj)
                0x000000000000d884                bt_mesh_set_hb_sub_dst
 .text.bt_mesh_tx_in_progress
                0x000000000000d890       0x20 zephyr/subsys/bluetooth/host/mesh/libsubsys__bluetooth__host__mesh.a(transport.c.obj)
                0x000000000000d890                bt_mesh_tx_in_progress
 .text.bt_mesh_app_key_find
                0x000000000000d8b0       0x48 zephyr/subsys/bluetooth/host/mesh/libsubsys__bluetooth__host__mesh.a(transport.c.obj)
                0x000000000000d8b0                bt_mesh_app_key_find
 .text.bt_mesh_trans_send
                0x000000000000d8f8      0x130 zephyr/subsys/bluetooth/host/mesh/libsubsys__bluetooth__host__mesh.a(transport.c.obj)
                0x000000000000d8f8                bt_mesh_trans_send
 .text.seg_ack  0x000000000000da28       0x74 zephyr/subsys/bluetooth/host/mesh/libsubsys__bluetooth__host__mesh.a(transport.c.obj)
 .text.bt_mesh_trans_recv
                0x000000000000da9c      0x3f8 zephyr/subsys/bluetooth/host/mesh/libsubsys__bluetooth__host__mesh.a(transport.c.obj)
                0x000000000000da9c                bt_mesh_trans_recv
 .text.bt_mesh_rx_reset
                0x000000000000de94       0x6c zephyr/subsys/bluetooth/host/mesh/libsubsys__bluetooth__host__mesh.a(transport.c.obj)
                0x000000000000de94                bt_mesh_rx_reset
 .text.bt_mesh_tx_reset
                0x000000000000df00       0x24 zephyr/subsys/bluetooth/host/mesh/libsubsys__bluetooth__host__mesh.a(transport.c.obj)
                0x000000000000df00                bt_mesh_tx_reset
 .text.bt_mesh_trans_init
                0x000000000000df24       0x78 zephyr/subsys/bluetooth/host/mesh/libsubsys__bluetooth__host__mesh.a(transport.c.obj)
                0x000000000000df24                bt_mesh_trans_init
 .text.bt_mesh_k2
                0x000000000000df9c       0xb0 zephyr/subsys/bluetooth/host/mesh/libsubsys__bluetooth__host__mesh.a(crypto.c.obj)
                0x000000000000df9c                bt_mesh_k2
 .text.bt_mesh_k3
                0x000000000000e04c       0x5c zephyr/subsys/bluetooth/host/mesh/libsubsys__bluetooth__host__mesh.a(crypto.c.obj)
                0x000000000000e04c                bt_mesh_k3
 .text.bt_mesh_k4
                0x000000000000e0a8       0x50 zephyr/subsys/bluetooth/host/mesh/libsubsys__bluetooth__host__mesh.a(crypto.c.obj)
                0x000000000000e0a8                bt_mesh_k4
 .text.bt_mesh_id128
                0x000000000000e0f8       0x2c zephyr/subsys/bluetooth/host/mesh/libsubsys__bluetooth__host__mesh.a(crypto.c.obj)
                0x000000000000e0f8                bt_mesh_id128
 .text.bt_mesh_fcs_calc
                0x000000000000e124       0x20 zephyr/subsys/bluetooth/host/mesh/libsubsys__bluetooth__host__mesh.a(crypto.c.obj)
                0x000000000000e124                bt_mesh_fcs_calc
 .text.bt_mesh_fcs_check
                0x000000000000e144       0x2c zephyr/subsys/bluetooth/host/mesh/libsubsys__bluetooth__host__mesh.a(crypto.c.obj)
                0x000000000000e144                bt_mesh_fcs_check
 .text.bt_mesh_virtual_addr
                0x000000000000e170       0x48 zephyr/subsys/bluetooth/host/mesh/libsubsys__bluetooth__host__mesh.a(crypto.c.obj)
                0x000000000000e170                bt_mesh_virtual_addr
 .text.bt_mesh_prov_conf_key
                0x000000000000e1b8       0x18 zephyr/subsys/bluetooth/host/mesh/libsubsys__bluetooth__host__mesh.a(crypto.c.obj)
                0x000000000000e1b8                bt_mesh_prov_conf_key
 .text.mod_init
                0x000000000000e1d0       0x70 zephyr/subsys/bluetooth/host/mesh/libsubsys__bluetooth__host__mesh.a(access.c.obj)
 .text.bt_mesh_model_foreach
                0x000000000000e240       0x74 zephyr/subsys/bluetooth/host/mesh/libsubsys__bluetooth__host__mesh.a(access.c.obj)
                0x000000000000e240                bt_mesh_model_foreach
 .text.bt_mesh_model_pub_period_get
                0x000000000000e2b4       0x48 zephyr/subsys/bluetooth/host/mesh/libsubsys__bluetooth__host__mesh.a(access.c.obj)
                0x000000000000e2b4                bt_mesh_model_pub_period_get
 .text.publish_sent
                0x000000000000e2fc       0x4c zephyr/subsys/bluetooth/host/mesh/libsubsys__bluetooth__host__mesh.a(access.c.obj)
 .text.bt_mesh_model_elem
                0x000000000000e348       0x14 zephyr/subsys/bluetooth/host/mesh/libsubsys__bluetooth__host__mesh.a(access.c.obj)
                0x000000000000e348                bt_mesh_model_elem
 .text.bt_mesh_model_get
                0x000000000000e35c       0x3c zephyr/subsys/bluetooth/host/mesh/libsubsys__bluetooth__host__mesh.a(access.c.obj)
                0x000000000000e35c                bt_mesh_model_get
 .text.bt_mesh_comp_register
                0x000000000000e398       0x24 zephyr/subsys/bluetooth/host/mesh/libsubsys__bluetooth__host__mesh.a(access.c.obj)
                0x000000000000e398                bt_mesh_comp_register
 .text.bt_mesh_comp_provision
                0x000000000000e3bc       0x2c zephyr/subsys/bluetooth/host/mesh/libsubsys__bluetooth__host__mesh.a(access.c.obj)
                0x000000000000e3bc                bt_mesh_comp_provision
 .text.bt_mesh_comp_unprovision
                0x000000000000e3e8       0x14 zephyr/subsys/bluetooth/host/mesh/libsubsys__bluetooth__host__mesh.a(access.c.obj)
                0x000000000000e3e8                bt_mesh_comp_unprovision
 .text.bt_mesh_primary_addr
                0x000000000000e3fc        0xc zephyr/subsys/bluetooth/host/mesh/libsubsys__bluetooth__host__mesh.a(access.c.obj)
                0x000000000000e3fc                bt_mesh_primary_addr
 .text.bt_mesh_elem_find
                0x000000000000e408       0x80 zephyr/subsys/bluetooth/host/mesh/libsubsys__bluetooth__host__mesh.a(access.c.obj)
                0x000000000000e408                bt_mesh_elem_find
 .text.bt_mesh_elem_count
                0x000000000000e488        0xc zephyr/subsys/bluetooth/host/mesh/libsubsys__bluetooth__host__mesh.a(access.c.obj)
                0x000000000000e488                bt_mesh_elem_count
 .text.bt_mesh_model_recv
                0x000000000000e494      0x120 zephyr/subsys/bluetooth/host/mesh/libsubsys__bluetooth__host__mesh.a(access.c.obj)
                0x000000000000e494                bt_mesh_model_recv
 .text.bt_mesh_model_publish
                0x000000000000e5b4      0x114 zephyr/subsys/bluetooth/host/mesh/libsubsys__bluetooth__host__mesh.a(access.c.obj)
                0x000000000000e5b4                bt_mesh_model_publish
 .text.mod_publish
                0x000000000000e6c8      0x10c zephyr/subsys/bluetooth/host/mesh/libsubsys__bluetooth__host__mesh.a(access.c.obj)
 .text.bt_mesh_comp_get
                0x000000000000e7d4        0xc zephyr/subsys/bluetooth/host/mesh/libsubsys__bluetooth__host__mesh.a(access.c.obj)
                0x000000000000e7d4                bt_mesh_comp_get
 .text.app_key_is_valid
                0x000000000000e7e0       0x3c zephyr/subsys/bluetooth/host/mesh/libsubsys__bluetooth__host__mesh.a(cfg_srv.c.obj)
 .text._mod_pub_set
                0x000000000000e81c       0xa8 zephyr/subsys/bluetooth/host/mesh/libsubsys__bluetooth__host__mesh.a(cfg_srv.c.obj)
 .text.net_key_get
                0x000000000000e8c4       0x60 zephyr/subsys/bluetooth/host/mesh/libsubsys__bluetooth__host__mesh.a(cfg_srv.c.obj)
 .text.app_key_get
                0x000000000000e924       0xa0 zephyr/subsys/bluetooth/host/mesh/libsubsys__bluetooth__host__mesh.a(cfg_srv.c.obj)
 .text.net_key_add
                0x000000000000e9c4       0xa8 zephyr/subsys/bluetooth/host/mesh/libsubsys__bluetooth__host__mesh.a(cfg_srv.c.obj)
 .text.va_add   0x000000000000ea6c       0x7c zephyr/subsys/bluetooth/host/mesh/libsubsys__bluetooth__host__mesh.a(cfg_srv.c.obj)
 .text.mod_sub_va_del
                0x000000000000eae8       0xd8 zephyr/subsys/bluetooth/host/mesh/libsubsys__bluetooth__host__mesh.a(cfg_srv.c.obj)
 .text.app_key_set
                0x000000000000ebc0       0xdc zephyr/subsys/bluetooth/host/mesh/libsubsys__bluetooth__host__mesh.a(cfg_srv.c.obj)
 .text.heartbeat_pub_set
                0x000000000000ec9c       0xf0 zephyr/subsys/bluetooth/host/mesh/libsubsys__bluetooth__host__mesh.a(cfg_srv.c.obj)
 .text.bt_mesh_app_key_alloc
                0x000000000000ed8c       0x24 zephyr/subsys/bluetooth/host/mesh/libsubsys__bluetooth__host__mesh.a(cfg_srv.c.obj)
                0x000000000000ed8c                bt_mesh_app_key_alloc
 .text.bt_mesh_app_key_del
                0x000000000000edb0       0x3c zephyr/subsys/bluetooth/host/mesh/libsubsys__bluetooth__host__mesh.a(cfg_srv.c.obj)
                0x000000000000edb0                bt_mesh_app_key_del
 .text.bt_mesh_cfg_srv_init
                0x000000000000edec       0x58 zephyr/subsys/bluetooth/host/mesh/libsubsys__bluetooth__host__mesh.a(cfg_srv.c.obj)
                0x000000000000edec                bt_mesh_cfg_srv_init
 .text.bt_mesh_heartbeat
                0x000000000000ee44       0x6c zephyr/subsys/bluetooth/host/mesh/libsubsys__bluetooth__host__mesh.a(cfg_srv.c.obj)
                0x000000000000ee44                bt_mesh_heartbeat
 .text.bt_mesh_net_transmit_get
                0x000000000000eeb0       0x10 zephyr/subsys/bluetooth/host/mesh/libsubsys__bluetooth__host__mesh.a(cfg_srv.c.obj)
                0x000000000000eeb0                bt_mesh_net_transmit_get
 .text.bt_mesh_relay_get
                0x000000000000eec0       0x14 zephyr/subsys/bluetooth/host/mesh/libsubsys__bluetooth__host__mesh.a(cfg_srv.c.obj)
                0x000000000000eec0                bt_mesh_relay_get
 .text.bt_mesh_friend_get
                0x000000000000eed4       0x14 zephyr/subsys/bluetooth/host/mesh/libsubsys__bluetooth__host__mesh.a(cfg_srv.c.obj)
                0x000000000000eed4                bt_mesh_friend_get
 .text.bt_mesh_relay_retransmit_get
                0x000000000000eee8       0x10 zephyr/subsys/bluetooth/host/mesh/libsubsys__bluetooth__host__mesh.a(cfg_srv.c.obj)
                0x000000000000eee8                bt_mesh_relay_retransmit_get
 .text.bt_mesh_beacon_get
                0x000000000000eef8       0x10 zephyr/subsys/bluetooth/host/mesh/libsubsys__bluetooth__host__mesh.a(cfg_srv.c.obj)
                0x000000000000eef8                bt_mesh_beacon_get
 .text.bt_mesh_gatt_proxy_get
                0x000000000000ef08       0x14 zephyr/subsys/bluetooth/host/mesh/libsubsys__bluetooth__host__mesh.a(cfg_srv.c.obj)
                0x000000000000ef08                bt_mesh_gatt_proxy_get
 .text.hb_publish
                0x000000000000ef1c       0x58 zephyr/subsys/bluetooth/host/mesh/libsubsys__bluetooth__host__mesh.a(cfg_srv.c.obj)
 .text.gatt_proxy_set
                0x000000000000ef74       0x84 zephyr/subsys/bluetooth/host/mesh/libsubsys__bluetooth__host__mesh.a(cfg_srv.c.obj)
 .text.bt_mesh_default_ttl_get
                0x000000000000eff8       0x14 zephyr/subsys/bluetooth/host/mesh/libsubsys__bluetooth__host__mesh.a(cfg_srv.c.obj)
                0x000000000000eff8                bt_mesh_default_ttl_get
 .text.bt_mesh_label_uuid_get
                0x000000000000f00c       0x30 zephyr/subsys/bluetooth/host/mesh/libsubsys__bluetooth__host__mesh.a(cfg_srv.c.obj)
                0x000000000000f00c                bt_mesh_label_uuid_get
 .text.mod_sub_list_clear
                0x000000000000f03c       0x7c zephyr/subsys/bluetooth/host/mesh/libsubsys__bluetooth__host__mesh.a(cfg_srv.c.obj)
 .text.bt_mesh_hb_pub_get
                0x000000000000f0b8       0x10 zephyr/subsys/bluetooth/host/mesh/libsubsys__bluetooth__host__mesh.a(cfg_srv.c.obj)
                0x000000000000f0b8                bt_mesh_hb_pub_get
 .text.bt_mesh_cfg_get
                0x000000000000f0c8        0xc zephyr/subsys/bluetooth/host/mesh/libsubsys__bluetooth__host__mesh.a(cfg_srv.c.obj)
                0x000000000000f0c8                bt_mesh_cfg_get
 .text.bt_mesh_subnet_del
                0x000000000000f0d4       0x74 zephyr/subsys/bluetooth/host/mesh/libsubsys__bluetooth__host__mesh.a(cfg_srv.c.obj)
                0x000000000000f0d4                bt_mesh_subnet_del
 .text.bt_mesh_cfg_reset
                0x000000000000f148       0x74 zephyr/subsys/bluetooth/host/mesh/libsubsys__bluetooth__host__mesh.a(cfg_srv.c.obj)
                0x000000000000f148                bt_mesh_cfg_reset
 .text.bt_mesh_health_srv_init
                0x000000000000f1bc       0x40 zephyr/subsys/bluetooth/host/mesh/libsubsys__bluetooth__host__mesh.a(health_srv.c.obj)
                0x000000000000f1bc                bt_mesh_health_srv_init
 .text.bt_mesh_attention
                0x000000000000f1fc       0x5c zephyr/subsys/bluetooth/host/mesh/libsubsys__bluetooth__host__mesh.a(health_srv.c.obj)
                0x000000000000f1fc                bt_mesh_attention
 .text.key_update_find
                0x000000000000f258       0x44 zephyr/subsys/bluetooth/host/mesh/libsubsys__bluetooth__host__mesh.a(settings.c.obj)
 .text.rpl_set  0x000000000000f29c       0xac zephyr/subsys/bluetooth/host/mesh/libsubsys__bluetooth__host__mesh.a(settings.c.obj)
 .text.net_key_set
                0x000000000000f348       0xe4 zephyr/subsys/bluetooth/host/mesh/libsubsys__bluetooth__host__mesh.a(settings.c.obj)
 .text.store_net_key
                0x000000000000f42c       0x54 zephyr/subsys/bluetooth/host/mesh/libsubsys__bluetooth__host__mesh.a(settings.c.obj)
 .text.store_app_key
                0x000000000000f480       0x4c zephyr/subsys/bluetooth/host/mesh/libsubsys__bluetooth__host__mesh.a(settings.c.obj)
 .text.mesh_set
                0x000000000000f4cc       0x48 zephyr/subsys/bluetooth/host/mesh/libsubsys__bluetooth__host__mesh.a(settings.c.obj)
 .text.mod_set  0x000000000000f514       0xf4 zephyr/subsys/bluetooth/host/mesh/libsubsys__bluetooth__host__mesh.a(settings.c.obj)
 .text.seq_set  0x000000000000f608       0x48 zephyr/subsys/bluetooth/host/mesh/libsubsys__bluetooth__host__mesh.a(settings.c.obj)
 .text.cfg_set  0x000000000000f650       0x38 zephyr/subsys/bluetooth/host/mesh/libsubsys__bluetooth__host__mesh.a(settings.c.obj)
 .text.net_set  0x000000000000f688       0x50 zephyr/subsys/bluetooth/host/mesh/libsubsys__bluetooth__host__mesh.a(settings.c.obj)
 .text.atomic_test_bit.constprop.12
                0x000000000000f6d8       0x1c zephyr/subsys/bluetooth/host/mesh/libsubsys__bluetooth__host__mesh.a(settings.c.obj)
 .text.encode_mod_path.constprop.13
                0x000000000000f6f4       0x2c zephyr/subsys/bluetooth/host/mesh/libsubsys__bluetooth__host__mesh.a(settings.c.obj)
 .text.store_pending_mod
                0x000000000000f720       0xd8 zephyr/subsys/bluetooth/host/mesh/libsubsys__bluetooth__host__mesh.a(settings.c.obj)
 .text.mesh_commit
                0x000000000000f7f8      0x16c zephyr/subsys/bluetooth/host/mesh/libsubsys__bluetooth__host__mesh.a(settings.c.obj)
 .text.atomic_test_and_clear_bit.constprop.11
                0x000000000000f964       0x38 zephyr/subsys/bluetooth/host/mesh/libsubsys__bluetooth__host__mesh.a(settings.c.obj)
 .text.schedule_store
                0x000000000000f99c       0x64 zephyr/subsys/bluetooth/host/mesh/libsubsys__bluetooth__host__mesh.a(settings.c.obj)
 .text.commit_mod
                0x000000000000fa00       0x2c zephyr/subsys/bluetooth/host/mesh/libsubsys__bluetooth__host__mesh.a(settings.c.obj)
 .text.iv_set   0x000000000000fa2c       0x8c zephyr/subsys/bluetooth/host/mesh/libsubsys__bluetooth__host__mesh.a(settings.c.obj)
 .text.store_pending
                0x000000000000fab8      0x2a0 zephyr/subsys/bluetooth/host/mesh/libsubsys__bluetooth__host__mesh.a(settings.c.obj)
 .text.bt_mesh_store_seq
                0x000000000000fd58       0x14 zephyr/subsys/bluetooth/host/mesh/libsubsys__bluetooth__host__mesh.a(settings.c.obj)
                0x000000000000fd58                bt_mesh_store_seq
 .text.bt_mesh_clear_subnet
                0x000000000000fd6c       0x58 zephyr/subsys/bluetooth/host/mesh/libsubsys__bluetooth__host__mesh.a(settings.c.obj)
                0x000000000000fd6c                bt_mesh_clear_subnet
 .text.bt_mesh_clear_app_key
                0x000000000000fdc4       0x58 zephyr/subsys/bluetooth/host/mesh/libsubsys__bluetooth__host__mesh.a(settings.c.obj)
                0x000000000000fdc4                bt_mesh_clear_app_key
 .text.bt_mesh_settings_init
                0x000000000000fe1c       0x10 zephyr/subsys/bluetooth/host/mesh/libsubsys__bluetooth__host__mesh.a(settings.c.obj)
                0x000000000000fe1c                bt_mesh_settings_init
 .text.ack_complete
                0x000000000000fe2c        0xc zephyr/subsys/bluetooth/host/mesh/libsubsys__bluetooth__host__mesh.a(prov.c.obj)
 .text.free_segments
                0x000000000000fe38       0x2c zephyr/subsys/bluetooth/host/mesh/libsubsys__bluetooth__host__mesh.a(prov.c.obj)
 .text.prov_clear_tx
                0x000000000000fe64       0x14 zephyr/subsys/bluetooth/host/mesh/libsubsys__bluetooth__host__mesh.a(prov.c.obj)
 .text.gen_prov_ack
                0x000000000000fe78       0x1c zephyr/subsys/bluetooth/host/mesh/libsubsys__bluetooth__host__mesh.a(prov.c.obj)
 .text.send_reliable
                0x000000000000fe94       0x44 zephyr/subsys/bluetooth/host/mesh/libsubsys__bluetooth__host__mesh.a(prov.c.obj)
 .text.prov_send
                0x000000000000fed8      0x144 zephyr/subsys/bluetooth/host/mesh/libsubsys__bluetooth__host__mesh.a(prov.c.obj)
 .text.bearer_ctl_send
                0x000000000001001c       0x60 zephyr/subsys/bluetooth/host/mesh/libsubsys__bluetooth__host__mesh.a(prov.c.obj)
 .text.gen_prov_ack_send
                0x000000000001007c       0x68 zephyr/subsys/bluetooth/host/mesh/libsubsys__bluetooth__host__mesh.a(prov.c.obj)
 .text.prov_start
                0x00000000000100e4      0x1ac zephyr/subsys/bluetooth/host/mesh/libsubsys__bluetooth__host__mesh.a(prov.c.obj)
 .text.atomic_test_bit.constprop.26
                0x0000000000010290       0x1c zephyr/subsys/bluetooth/host/mesh/libsubsys__bluetooth__host__mesh.a(prov.c.obj)
 .text.buf_sent
                0x00000000000102ac       0x20 zephyr/subsys/bluetooth/host/mesh/libsubsys__bluetooth__host__mesh.a(prov.c.obj)
 .text.atomic_test_and_clear_bit.constprop.25
                0x00000000000102cc       0x38 zephyr/subsys/bluetooth/host/mesh/libsubsys__bluetooth__host__mesh.a(prov.c.obj)
 .text.reset_link
                0x0000000000010304       0x58 zephyr/subsys/bluetooth/host/mesh/libsubsys__bluetooth__host__mesh.a(prov.c.obj)
 .text.gen_prov_ctl
                0x000000000001035c       0xb0 zephyr/subsys/bluetooth/host/mesh/libsubsys__bluetooth__host__mesh.a(prov.c.obj)
 .text.prov_retransmit
                0x000000000001040c       0x70 zephyr/subsys/bluetooth/host/mesh/libsubsys__bluetooth__host__mesh.a(prov.c.obj)
 .text.bt_mesh_pb_gatt_recv
                0x000000000001047c       0x5c zephyr/subsys/bluetooth/host/mesh/libsubsys__bluetooth__host__mesh.a(prov.c.obj)
                0x000000000001047c                bt_mesh_pb_gatt_recv
 .text.bt_mesh_pb_gatt_open
                0x00000000000104d8       0x40 zephyr/subsys/bluetooth/host/mesh/libsubsys__bluetooth__host__mesh.a(prov.c.obj)
                0x00000000000104d8                bt_mesh_pb_gatt_open
 .text.bt_mesh_pb_gatt_close
                0x0000000000010518       0x60 zephyr/subsys/bluetooth/host/mesh/libsubsys__bluetooth__host__mesh.a(prov.c.obj)
                0x0000000000010518                bt_mesh_pb_gatt_close
 .text.close_link.constprop.23
                0x0000000000010578       0x5c zephyr/subsys/bluetooth/host/mesh/libsubsys__bluetooth__host__mesh.a(prov.c.obj)
 .text.prov_invite
                0x00000000000105d4       0xb4 zephyr/subsys/bluetooth/host/mesh/libsubsys__bluetooth__host__mesh.a(prov.c.obj)
 .text.send_pub_key
                0x0000000000010688       0x9c zephyr/subsys/bluetooth/host/mesh/libsubsys__bluetooth__host__mesh.a(prov.c.obj)
 .text.prov_pub_key
                0x0000000000010724       0x34 zephyr/subsys/bluetooth/host/mesh/libsubsys__bluetooth__host__mesh.a(prov.c.obj)
 .text.pub_key_ready
                0x0000000000010758       0x24 zephyr/subsys/bluetooth/host/mesh/libsubsys__bluetooth__host__mesh.a(prov.c.obj)
 .text.prov_random
                0x000000000001077c       0xa0 zephyr/subsys/bluetooth/host/mesh/libsubsys__bluetooth__host__mesh.a(prov.c.obj)
 .text.prov_data
                0x000000000001081c      0x104 zephyr/subsys/bluetooth/host/mesh/libsubsys__bluetooth__host__mesh.a(prov.c.obj)
 .text.prov_msg_recv
                0x0000000000010920       0x84 zephyr/subsys/bluetooth/host/mesh/libsubsys__bluetooth__host__mesh.a(prov.c.obj)
 .text.gen_prov_cont
                0x00000000000109a4       0x9c zephyr/subsys/bluetooth/host/mesh/libsubsys__bluetooth__host__mesh.a(prov.c.obj)
 .text.gen_prov_start
                0x0000000000010a40       0x98 zephyr/subsys/bluetooth/host/mesh/libsubsys__bluetooth__host__mesh.a(prov.c.obj)
 .text.send_confirm
                0x0000000000010ad8       0x8c zephyr/subsys/bluetooth/host/mesh/libsubsys__bluetooth__host__mesh.a(prov.c.obj)
 .text.prov_confirm
                0x0000000000010b64       0x34 zephyr/subsys/bluetooth/host/mesh/libsubsys__bluetooth__host__mesh.a(prov.c.obj)
 .text.prov_dh_key_cb
                0x0000000000010b98       0x48 zephyr/subsys/bluetooth/host/mesh/libsubsys__bluetooth__host__mesh.a(prov.c.obj)
 .text.bt_mesh_prov_get
                0x0000000000010be0        0xc zephyr/subsys/bluetooth/host/mesh/libsubsys__bluetooth__host__mesh.a(prov.c.obj)
                0x0000000000010be0                bt_mesh_prov_get
 .text.bt_mesh_pb_adv_recv
                0x0000000000010bec       0x94 zephyr/subsys/bluetooth/host/mesh/libsubsys__bluetooth__host__mesh.a(prov.c.obj)
                0x0000000000010bec                bt_mesh_pb_adv_recv
 .text.bt_mesh_prov_init
                0x0000000000010c80       0x48 zephyr/subsys/bluetooth/host/mesh/libsubsys__bluetooth__host__mesh.a(prov.c.obj)
                0x0000000000010c80                bt_mesh_prov_init
 .text.bt_mesh_prov_complete
                0x0000000000010cc8       0x10 zephyr/subsys/bluetooth/host/mesh/libsubsys__bluetooth__host__mesh.a(prov.c.obj)
                0x0000000000010cc8                bt_mesh_prov_complete
 .text.bt_mesh_prov_reset
                0x0000000000010cd8       0x10 zephyr/subsys/bluetooth/host/mesh/libsubsys__bluetooth__host__mesh.a(prov.c.obj)
                0x0000000000010cd8                bt_mesh_prov_reset
 .text.proxy_disconnected
                0x0000000000010ce8       0x38 zephyr/subsys/bluetooth/host/mesh/libsubsys__bluetooth__host__mesh.a(proxy.c.obj)
 .text.next_sub.part.5
                0x0000000000010d20       0x78 zephyr/subsys/bluetooth/host/mesh/libsubsys__bluetooth__host__mesh.a(proxy.c.obj)
 .text.proxy_connected
                0x0000000000010d98       0x48 zephyr/subsys/bluetooth/host/mesh/libsubsys__bluetooth__host__mesh.a(proxy.c.obj)
 .text.proxy_send
                0x0000000000010de0       0x3c zephyr/subsys/bluetooth/host/mesh/libsubsys__bluetooth__host__mesh.a(proxy.c.obj)
 .text.proxy_send_beacons
                0x0000000000010e1c       0x44 zephyr/subsys/bluetooth/host/mesh/libsubsys__bluetooth__host__mesh.a(proxy.c.obj)
 .text.proxy_recv
                0x0000000000010e60       0xb0 zephyr/subsys/bluetooth/host/mesh/libsubsys__bluetooth__host__mesh.a(proxy.c.obj)